../Application/User/Core/src/Service/CAN/CAN_IF/Indicators_CANSignal.c:51:5:indicators_indicator_status_pack	0	static
../Application/User/Core/src/Service/CAN/CAN_IF/Indicators_CANSignal.c:79:5:indicators_indicator_status_unpack	0	static
../Application/User/Core/src/Service/CAN/CAN_IF/Indicators_CANSignal.c:105:5:indicators_indicator_status_init	8	static
../Application/User/Core/src/Service/CAN/CAN_IF/Indicators_CANSignal.c:114:9:indicators_indicator_status_right_indicator_encode	8	static
../Application/User/Core/src/Service/CAN/CAN_IF/Indicators_CANSignal.c:119:8:indicators_indicator_status_right_indicator_decode	0	static
../Application/User/Core/src/Service/CAN/CAN_IF/Indicators_CANSignal.c:124:6:indicators_indicator_status_right_indicator_is_in_range	0	static
../Application/User/Core/src/Service/CAN/CAN_IF/Indicators_CANSignal.c:129:9:indicators_indicator_status_left_indicator_encode	8	static
../Application/User/Core/src/Service/CAN/CAN_IF/Indicators_CANSignal.c:134:8:indicators_indicator_status_left_indicator_decode	0	static
../Application/User/Core/src/Service/CAN/CAN_IF/Indicators_CANSignal.c:139:6:indicators_indicator_status_left_indicator_is_in_range	0	static
../Application/User/Core/src/Service/CAN/CAN_IF/Indicators_CANSignal.c:144:9:indicators_indicator_status_parking_indicator_encode	8	static
../Application/User/Core/src/Service/CAN/CAN_IF/Indicators_CANSignal.c:149:8:indicators_indicator_status_parking_indicator_decode	0	static
../Application/User/Core/src/Service/CAN/CAN_IF/Indicators_CANSignal.c:154:6:indicators_indicator_status_parking_indicator_is_in_range	0	static
../Application/User/Core/src/Service/CAN/CAN_IF/Indicators_CANSignal.c:159:9:indicators_indicator_status_high_beam_indicator_encode	8	static
../Application/User/Core/src/Service/CAN/CAN_IF/Indicators_CANSignal.c:164:8:indicators_indicator_status_high_beam_indicator_decode	0	static
../Application/User/Core/src/Service/CAN/CAN_IF/Indicators_CANSignal.c:169:6:indicators_indicator_status_high_beam_indicator_is_in_range	0	static
../Application/User/Core/src/Service/CAN/CAN_IF/Indicators_CANSignal.c:174:9:indicators_indicator_status_low_beam_indicator_encode	8	static
../Application/User/Core/src/Service/CAN/CAN_IF/Indicators_CANSignal.c:179:8:indicators_indicator_status_low_beam_indicator_decode	0	static
../Application/User/Core/src/Service/CAN/CAN_IF/Indicators_CANSignal.c:184:6:indicators_indicator_status_low_beam_indicator_is_in_range	0	static
../Application/User/Core/src/Service/CAN/CAN_IF/Indicators_CANSignal.c:189:9:indicators_indicator_status_engine_oil_temperature_indicator_encode	8	static
../Application/User/Core/src/Service/CAN/CAN_IF/Indicators_CANSignal.c:194:8:indicators_indicator_status_engine_oil_temperature_indicator_decode	0	static
../Application/User/Core/src/Service/CAN/CAN_IF/Indicators_CANSignal.c:199:6:indicators_indicator_status_engine_oil_temperature_indicator_is_in_range	0	static
../Application/User/Core/src/Service/CAN/CAN_IF/Indicators_CANSignal.c:204:9:indicators_indicator_status_seat_belt_indicator_encode	8	static
../Application/User/Core/src/Service/CAN/CAN_IF/Indicators_CANSignal.c:209:8:indicators_indicator_status_seat_belt_indicator_decode	0	static
../Application/User/Core/src/Service/CAN/CAN_IF/Indicators_CANSignal.c:214:6:indicators_indicator_status_seat_belt_indicator_is_in_range	0	static
../Application/User/Core/src/Service/CAN/CAN_IF/Indicators_CANSignal.c:219:9:indicators_indicator_status_engine_malfunction_indicator_encode	8	static
../Application/User/Core/src/Service/CAN/CAN_IF/Indicators_CANSignal.c:224:8:indicators_indicator_status_engine_malfunction_indicator_decode	0	static
../Application/User/Core/src/Service/CAN/CAN_IF/Indicators_CANSignal.c:229:6:indicators_indicator_status_engine_malfunction_indicator_is_in_range	0	static
../Application/User/Core/src/Service/CAN/CAN_IF/Indicators_CANSignal.c:234:9:indicators_indicator_status_doors_open_indicator_encode	8	static
../Application/User/Core/src/Service/CAN/CAN_IF/Indicators_CANSignal.c:239:8:indicators_indicator_status_doors_open_indicator_decode	0	static
../Application/User/Core/src/Service/CAN/CAN_IF/Indicators_CANSignal.c:244:6:indicators_indicator_status_doors_open_indicator_is_in_range	0	static
../Application/User/Core/src/Service/CAN/CAN_IF/Indicators_CANSignal.c:249:9:indicators_indicator_status_abs_warning_indicator_encode	8	static
../Application/User/Core/src/Service/CAN/CAN_IF/Indicators_CANSignal.c:254:8:indicators_indicator_status_abs_warning_indicator_decode	0	static
../Application/User/Core/src/Service/CAN/CAN_IF/Indicators_CANSignal.c:259:6:indicators_indicator_status_abs_warning_indicator_is_in_range	0	static
../Application/User/Core/src/Service/CAN/CAN_IF/Indicators_CANSignal.c:264:9:indicators_indicator_status_faulty_right_indicator_encode	8	static
../Application/User/Core/src/Service/CAN/CAN_IF/Indicators_CANSignal.c:269:8:indicators_indicator_status_faulty_right_indicator_decode	0	static
../Application/User/Core/src/Service/CAN/CAN_IF/Indicators_CANSignal.c:274:6:indicators_indicator_status_faulty_right_indicator_is_in_range	0	static
../Application/User/Core/src/Service/CAN/CAN_IF/Indicators_CANSignal.c:279:9:indicators_indicator_status_faulty_left_indicator_encode	8	static
../Application/User/Core/src/Service/CAN/CAN_IF/Indicators_CANSignal.c:284:8:indicators_indicator_status_faulty_left_indicator_decode	0	static
../Application/User/Core/src/Service/CAN/CAN_IF/Indicators_CANSignal.c:289:6:indicators_indicator_status_faulty_left_indicator_is_in_range	0	static
../Application/User/Core/src/Service/CAN/CAN_IF/Indicators_CANSignal.c:294:9:indicators_indicator_status_engine_oil_indicator_encode	8	static
../Application/User/Core/src/Service/CAN/CAN_IF/Indicators_CANSignal.c:299:8:indicators_indicator_status_engine_oil_indicator_decode	0	static
../Application/User/Core/src/Service/CAN/CAN_IF/Indicators_CANSignal.c:304:6:indicators_indicator_status_engine_oil_indicator_is_in_range	0	static
