../Application/User/Core/src/App/Clock_App/clock_App.c:93:6:clock_Init	0	static
../Application/User/Core/src/App/Clock_App/clock_App.c:102:6:vGet_Clock	16	static
../Application/User/Core/src/App/Clock_App/clock_App.c:239:6:vClock_exit	0	static
../Application/User/Core/src/App/Clock_App/clock_App.c:133:6:clockSettingRunMode	8	static
../Application/User/Core/src/App/Clock_App/clock_App.c:250:6:ContinousIncrement	0	static
../Application/User/Core/src/App/Clock_App/clock_App.c:291:6:vClockIncreament	0	static
