../Application/User/Core/src/Service/System_Service/ECUPwrMode_SmApp/ECUPwrMode_SmHandler_Demo.c:77:6:vEcuPwrModeSleepToOffEntryAction	0	static
../Application/User/Core/src/Service/System_Service/ECUPwrMode_SmApp/ECUPwrMode_SmHandler_Demo.c:92:6:vEcuPwrModeActiveToOffEntryAction	8	static
../Application/User/Core/src/Service/System_Service/ECUPwrMode_SmApp/ECUPwrMode_SmHandler_Demo.c:113:6:vEcuPwrModeOffToSleepEntryAction	8	static
../Application/User/Core/src/Service/System_Service/ECUPwrMode_SmApp/ECUPwrMode_SmHandler_Demo.c:153:6:vEcuPwrModeActiveToSleepEntryAction	0	static
../Application/User/Core/src/Service/System_Service/ECUPwrMode_SmApp/ECUPwrMode_SmHandler_Demo.c:169:6:vEcuPwrModeSleepToActiveEntryAction	0	static
../Application/User/Core/src/Service/System_Service/ECUPwrMode_SmApp/ECUPwrMode_SmHandler_Demo.c:186:6:vEcuPwrModeOffAction	8	static
../Application/User/Core/src/Service/System_Service/ECUPwrMode_SmApp/ECUPwrMode_SmHandler_Demo.c:220:6:vEcuPwrModeSleepAction	0	static
../Application/User/Core/src/Service/System_Service/ECUPwrMode_SmApp/ECUPwrMode_SmHandler_Demo.c:236:6:vEcuPwrModeActiveAction	0	static
../Application/User/Core/src/Service/System_Service/ECUPwrMode_SmApp/ECUPwrMode_SmHandler_Demo.c:283:6:vEcuPwrModeOffActiveEntryAction	8	static
