../Application/User/Core/src/Service/System_Service/ECUPwrMode_SmApp/ECUPwrMode_SmHandler_Demo.c:77:6:vEcuPwrModeSleepToOffEntryAction	0	static
../Application/User/Core/src/Service/System_Service/ECUPwrMode_SmApp/ECUPwrMode_SmHandler_Demo.c:90:6:vEcuPwrModeActiveToOffEntryAction	0	static
../Application/User/Core/src/Service/System_Service/ECUPwrMode_SmApp/ECUPwrMode_SmHandler_Demo.c:111:6:vEcuPwrModeOffToSleepEntryAction	8	static
../Application/User/Core/src/Service/System_Service/ECUPwrMode_SmApp/ECUPwrMode_SmHandler_Demo.c:149:6:vEcuPwrModeActiveToSleepEntryAction	0	static
../Application/User/Core/src/Service/System_Service/ECUPwrMode_SmApp/ECUPwrMode_SmHandler_Demo.c:163:6:vEcuPwrModeSleepToActiveEntryAction	0	static
../Application/User/Core/src/Service/System_Service/ECUPwrMode_SmApp/ECUPwrMode_SmHandler_Demo.c:178:6:vEcuPwrModeOffAction	8	static
../Application/User/Core/src/Service/System_Service/ECUPwrMode_SmApp/ECUPwrMode_SmHandler_Demo.c:209:6:vEcuPwrModeSleepAction	0	static
../Application/User/Core/src/Service/System_Service/ECUPwrMode_SmApp/ECUPwrMode_SmHandler_Demo.c:223:6:vEcuPwrModeActiveAction	0	static
../Application/User/Core/src/Service/System_Service/ECUPwrMode_SmApp/ECUPwrMode_SmHandler_Demo.c:268:6:vEcuPwrModeOffActiveEntryAction	0	static
