../Application/User/Core/src/Service/System_Service/ECUPwrMode_SmApp/ECUPwrMode_SmHandler_Demo.c:75:6:ECUPwrModeSleep_To_Off_EntryAction	0	static
../Application/User/Core/src/Service/System_Service/ECUPwrMode_SmApp/ECUPwrMode_SmHandler_Demo.c:88:6:ECUPwrModeActive_To_Off_EntryAction	8	static
../Application/User/Core/src/Service/System_Service/ECUPwrMode_SmApp/ECUPwrMode_SmHandler_Demo.c:107:6:ECUPwrModeOff_To_Sleep_EntryAction	8	static
../Application/User/Core/src/Service/System_Service/ECUPwrMode_SmApp/ECUPwrMode_SmHandler_Demo.c:147:6:ECUPwrModeActive_To_Sleep_EntryAction	0	static
../Application/User/Core/src/Service/System_Service/ECUPwrMode_SmApp/ECUPwrMode_SmHandler_Demo.c:161:6:ECUPwrModeSleep_To_Active_EntryAction	0	static
../Application/User/Core/src/Service/System_Service/ECUPwrMode_SmApp/ECUPwrMode_SmHandler_Demo.c:176:6:ECUPwrModeOff_Action	8	static
../Application/User/Core/src/Service/System_Service/ECUPwrMode_SmApp/ECUPwrMode_SmHandler_Demo.c:207:6:ECUPwrModeSleep_Action	0	static
../Application/User/Core/src/Service/System_Service/ECUPwrMode_SmApp/ECUPwrMode_SmHandler_Demo.c:221:6:ECUPwrModeActive_Action	0	static
../Application/User/Core/src/Service/System_Service/ECUPwrMode_SmApp/ECUPwrMode_SmHandler_Demo.c:266:6:ECUPwrModeOff_Active_ENtryAction	0	static
