../Application/User/Core/src/Service/System_Service/ECUPwrMode_SmApp/ECUPwrMode_SmHandler.c:670:6:PwrModeActive_To_Off_EntryAction_func	16	static
../Application/User/Core/src/Service/System_Service/ECUPwrMode_SmApp/ECUPwrMode_SmHandler.c:948:6:ECUPwrModeOff_To_Active_EntryAction_func	16	static
../Application/User/Core/src/Service/System_Service/ECUPwrMode_SmApp/ECUPwrMode_SmHandler.c:972:6:ECUPwrModeInitial_To_Off_EntryAction_func	16	static
../Application/User/Core/src/Service/System_Service/ECUPwrMode_SmApp/ECUPwrMode_SmHandler.c:998:6:ECUPwrModeOff_Action_func	16	static
../Application/User/Core/src/Service/System_Service/ECUPwrMode_SmApp/ECUPwrMode_SmHandler.c:1092:6:ECUPwrModeActive_Action_func	16	static
../Application/User/Core/src/Service/System_Service/ECUPwrMode_SmApp/ECUPwrMode_SmHandler.c:1116:6:ECUPwrModeInitial_Action_func	16	static
../Application/User/Core/src/Service/System_Service/ECUPwrMode_SmApp/ECUPwrMode_SmHandler.c:612:9:ECUPwrModeInitial_To_Off_TransCheck_func	8	static
../Application/User/Core/src/Service/System_Service/ECUPwrMode_SmApp/ECUPwrMode_SmHandler.c:159:9:ECUPwrModeStandBy_To_Off_TransCheck_func	8	static
../Application/User/Core/src/Service/System_Service/ECUPwrMode_SmApp/ECUPwrMode_SmHandler.c:191:9:ECUPwrModeActive_To_Off_TransCheck_func	0	static
../Application/User/Core/src/Service/System_Service/ECUPwrMode_SmApp/ECUPwrMode_SmHandler.c:226:9:ECUPwrModeOff_To_StandBy_TransCheck_func	0	static
../Application/User/Core/src/Service/System_Service/ECUPwrMode_SmApp/ECUPwrMode_SmHandler.c:257:9:ECUPwrModeStatic_To_StandBy_TransCheck_func	0	static
../Application/User/Core/src/Service/System_Service/ECUPwrMode_SmApp/ECUPwrMode_SmHandler.c:288:9:ECUPwrModeActive_To_StandBy_TransCheck_func	8	static
../Application/User/Core/src/Service/System_Service/ECUPwrMode_SmApp/ECUPwrMode_SmHandler.c:577:9:ECUPwrModeOff_To_Active_TransCheck_func	0	static
../Application/User/Core/src/Service/System_Service/ECUPwrMode_SmApp/ECUPwrMode_SmHandler.c:320:9:ECUPwrModeStandBy_To_Static_TransCheck_func	0	static
../Application/User/Core/src/Service/System_Service/ECUPwrMode_SmApp/ECUPwrMode_SmHandler.c:352:9:ECUPwrModeActive_To_Static_TransCheck_func	0	static
../Application/User/Core/src/Service/System_Service/ECUPwrMode_SmApp/ECUPwrMode_SmHandler.c:384:9:ECUPwrModeStandBy_To_Crank_TransCheck_func	0	static
../Application/User/Core/src/Service/System_Service/ECUPwrMode_SmApp/ECUPwrMode_SmHandler.c:415:9:ECUPwrModeStatic_To_Crank_TransCheck_func	0	static
../Application/User/Core/src/Service/System_Service/ECUPwrMode_SmApp/ECUPwrMode_SmHandler.c:447:9:ECUPwrModeActive_To_Crank_TransCheck_func	0	static
../Application/User/Core/src/Service/System_Service/ECUPwrMode_SmApp/ECUPwrMode_SmHandler.c:478:9:ECUPwrModeStandBy_To_Active_TransCheck_func	0	static
../Application/User/Core/src/Service/System_Service/ECUPwrMode_SmApp/ECUPwrMode_SmHandler.c:510:9:ECUPwrModeStatic_To_Active_TransCheck_func	0	static
../Application/User/Core/src/Service/System_Service/ECUPwrMode_SmApp/ECUPwrMode_SmHandler.c:543:9:ECUPwrModeCrank_To_Active_TransCheck_func	0	static
../Application/User/Core/src/Service/System_Service/ECUPwrMode_SmApp/ECUPwrMode_SmHandler.c:646:6:ECUPwrModeStandBy_To_Off_EntryAction_func	16	static
../Application/User/Core/src/Service/System_Service/ECUPwrMode_SmApp/ECUPwrMode_SmHandler.c:693:6:ECUPwrModeOff_To_StandBy_EntryAction_func	16	static
../Application/User/Core/src/Service/System_Service/ECUPwrMode_SmApp/ECUPwrMode_SmHandler.c:716:6:ECUPwrModeStatic_To_StandBy_EntryAction_func	16	static
../Application/User/Core/src/Service/System_Service/ECUPwrMode_SmApp/ECUPwrMode_SmHandler.c:739:6:ECUPwrModeActive_To_StandBy_EntryAction_func	16	static
../Application/User/Core/src/Service/System_Service/ECUPwrMode_SmApp/ECUPwrMode_SmHandler.c:762:6:ECUPwrModeStandBy_To_Static_EntryAction_func	16	static
../Application/User/Core/src/Service/System_Service/ECUPwrMode_SmApp/ECUPwrMode_SmHandler.c:785:6:ECUPwrModeActive_To_Static_EntryAction_func	16	static
../Application/User/Core/src/Service/System_Service/ECUPwrMode_SmApp/ECUPwrMode_SmHandler.c:808:6:ECUPwrModeStandBy_To_Crank_EntryAction_func	16	static
../Application/User/Core/src/Service/System_Service/ECUPwrMode_SmApp/ECUPwrMode_SmHandler.c:831:6:ECUPwrModeStatic_To_Crank_EntryAction_func	16	static
../Application/User/Core/src/Service/System_Service/ECUPwrMode_SmApp/ECUPwrMode_SmHandler.c:854:6:ECUPwrModeActive_To_Crank_EntryAction_func	16	static
../Application/User/Core/src/Service/System_Service/ECUPwrMode_SmApp/ECUPwrMode_SmHandler.c:877:6:ECUPwrModeStandBy_To_Active_EntryAction_func	16	static
../Application/User/Core/src/Service/System_Service/ECUPwrMode_SmApp/ECUPwrMode_SmHandler.c:900:6:ECUPwrModeStatic_To_Active_EntryAction_func	16	static
../Application/User/Core/src/Service/System_Service/ECUPwrMode_SmApp/ECUPwrMode_SmHandler.c:924:6:ECUPwrModeCrank_To_Active_EntryAction_func	16	static
../Application/User/Core/src/Service/System_Service/ECUPwrMode_SmApp/ECUPwrMode_SmHandler.c:1023:6:ECUPwrModeStandBy_Action_func	16	static
../Application/User/Core/src/Service/System_Service/ECUPwrMode_SmApp/ECUPwrMode_SmHandler.c:1046:6:ECUPwrModeStatic_Action_func	16	static
../Application/User/Core/src/Service/System_Service/ECUPwrMode_SmApp/ECUPwrMode_SmHandler.c:1069:6:ECUPwrModeCrank_Action_func	16	static
../Application/User/Core/src/Service/System_Service/ECUPwrMode_SmApp/ECUPwrMode_SmHandler.c:1140:11:ecupwrmode_get_current_state	0	static
