../Application/User/Core/src/Service/System_Service/ECUPwrMode_SmApp/ECUPwrMode_SmHandler_Demo.c:77:6:vEcuPwrModeSleepToOffEntryAction	0	static
../Application/User/Core/src/Service/System_Service/ECUPwrMode_SmApp/ECUPwrMode_SmHandler_Demo.c:92:6:vEcuPwrModeActiveToOffEntryAction	0	static
../Application/User/Core/src/Service/System_Service/ECUPwrMode_SmApp/ECUPwrMode_SmHandler_Demo.c:113:6:vEcuPwrModeOffToSleepEntryAction	0	static
../Application/User/Core/src/Service/System_Service/ECUPwrMode_SmApp/ECUPwrMode_SmHandler_Demo.c:154:6:vEcuPwrModeActiveToSleepEntryAction	0	static
../Application/User/Core/src/Service/System_Service/ECUPwrMode_SmApp/ECUPwrMode_SmHandler_Demo.c:171:6:vEcuPwrModeSleepToActiveEntryAction	0	static
../Application/User/Core/src/Service/System_Service/ECUPwrMode_SmApp/ECUPwrMode_SmHandler_Demo.c:189:6:vEcuPwrModeOffAction	8	static
../Application/User/Core/src/Service/System_Service/ECUPwrMode_SmApp/ECUPwrMode_SmHandler_Demo.c:223:6:vEcuPwrModeSleepAction	0	static
../Application/User/Core/src/Service/System_Service/ECUPwrMode_SmApp/ECUPwrMode_SmHandler_Demo.c:239:6:vEcuPwrModeActiveAction	0	static
../Application/User/Core/src/Service/System_Service/ECUPwrMode_SmApp/ECUPwrMode_SmHandler_Demo.c:286:6:vEcuPwrModeOffActiveEntryAction	0	static
