../Application/User/Core/src/Service/System_Service/ECUPwrMode_SmApp/ECUPwrMode_SmHandler_Demo.c:77:6:vEcuPwrModeSleepToOffEntryAction	0	static
../Application/User/Core/src/Service/System_Service/ECUPwrMode_SmApp/ECUPwrMode_SmHandler_Demo.c:90:6:vEcuPwrModeActiveToOffEntryAction	8	static
../Application/User/Core/src/Service/System_Service/ECUPwrMode_SmApp/ECUPwrMode_SmHandler_Demo.c:109:6:vEcuPwrModeOffToSleepEntryAction	8	static
../Application/User/Core/src/Service/System_Service/ECUPwrMode_SmApp/ECUPwrMode_SmHandler_Demo.c:147:6:vEcuPwrModeActiveToSleepEntryAction	0	static
../Application/User/Core/src/Service/System_Service/ECUPwrMode_SmApp/ECUPwrMode_SmHandler_Demo.c:161:6:vEcuPwrModeSleepToActiveEntryAction	0	static
../Application/User/Core/src/Service/System_Service/ECUPwrMode_SmApp/ECUPwrMode_SmHandler_Demo.c:176:6:vEcuPwrModeOffAction	8	static
../Application/User/Core/src/Service/System_Service/ECUPwrMode_SmApp/ECUPwrMode_SmHandler_Demo.c:207:6:vEcuPwrModeSleepAction	0	static
../Application/User/Core/src/Service/System_Service/ECUPwrMode_SmApp/ECUPwrMode_SmHandler_Demo.c:221:6:vEcuPwrModeActiveAction	0	static
../Application/User/Core/src/Service/System_Service/ECUPwrMode_SmApp/ECUPwrMode_SmHandler_Demo.c:266:6:vEcuPwrModeOffActiveEntryAction	0	static
