D:/Projects/Git_WorkSpace/eSTAR_InstrumentCluster/eStar_Cluster_Demo/Drivers/STM32H7xx_HAL_Driver/Src/stm32h7xx_hal_ospi.c:2736:13:OSPI_DMACplt	0	static
D:/Projects/Git_WorkSpace/eSTAR_InstrumentCluster/eStar_Cluster_Demo/Drivers/STM32H7xx_HAL_Driver/Src/stm32h7xx_hal_ospi.c:2911:26:OSPI_ConfigCmd	28	static
D:/Projects/Git_WorkSpace/eSTAR_InstrumentCluster/eStar_Cluster_Demo/Drivers/STM32H7xx_HAL_Driver/Src/stm32h7xx_hal_ospi.c:2884:26:OSPI_WaitFlagStateUntilTimeout	24	static
D:/Projects/Git_WorkSpace/eSTAR_InstrumentCluster/eStar_Cluster_Demo/Drivers/STM32H7xx_HAL_Driver/Src/stm32h7xx_hal_ospi.c:482:13:HAL_OSPI_MspInit	0	static
D:/Projects/Git_WorkSpace/eSTAR_InstrumentCluster/eStar_Cluster_Demo/Drivers/STM32H7xx_HAL_Driver/Src/stm32h7xx_hal_ospi.c:350:19:HAL_OSPI_Init	32	static
D:/Projects/Git_WorkSpace/eSTAR_InstrumentCluster/eStar_Cluster_Demo/Drivers/STM32H7xx_HAL_Driver/Src/stm32h7xx_hal_ospi.c:540:13:HAL_OSPI_MspDeInit	0	static
D:/Projects/Git_WorkSpace/eSTAR_InstrumentCluster/eStar_Cluster_Demo/Drivers/STM32H7xx_HAL_Driver/Src/stm32h7xx_hal_ospi.c:497:19:HAL_OSPI_DeInit	8	static
D:/Projects/Git_WorkSpace/eSTAR_InstrumentCluster/eStar_Cluster_Demo/Drivers/STM32H7xx_HAL_Driver/Src/stm32h7xx_hal_ospi.c:811:19:HAL_OSPI_Command	32	static
D:/Projects/Git_WorkSpace/eSTAR_InstrumentCluster/eStar_Cluster_Demo/Drivers/STM32H7xx_HAL_Driver/Src/stm32h7xx_hal_ospi.c:943:19:HAL_OSPI_Command_IT	24	static
D:/Projects/Git_WorkSpace/eSTAR_InstrumentCluster/eStar_Cluster_Demo/Drivers/STM32H7xx_HAL_Driver/Src/stm32h7xx_hal_ospi.c:1033:19:HAL_OSPI_HyperbusCfg	24	static
D:/Projects/Git_WorkSpace/eSTAR_InstrumentCluster/eStar_Cluster_Demo/Drivers/STM32H7xx_HAL_Driver/Src/stm32h7xx_hal_ospi.c:1080:19:HAL_OSPI_HyperbusCmd	24	static
D:/Projects/Git_WorkSpace/eSTAR_InstrumentCluster/eStar_Cluster_Demo/Drivers/STM32H7xx_HAL_Driver/Src/stm32h7xx_hal_ospi.c:1142:19:HAL_OSPI_Transmit	32	static
D:/Projects/Git_WorkSpace/eSTAR_InstrumentCluster/eStar_Cluster_Demo/Drivers/STM32H7xx_HAL_Driver/Src/stm32h7xx_hal_ospi.c:1216:19:HAL_OSPI_Receive	32	static
D:/Projects/Git_WorkSpace/eSTAR_InstrumentCluster/eStar_Cluster_Demo/Drivers/STM32H7xx_HAL_Driver/Src/stm32h7xx_hal_ospi.c:1308:19:HAL_OSPI_Transmit_IT	0	static
D:/Projects/Git_WorkSpace/eSTAR_InstrumentCluster/eStar_Cluster_Demo/Drivers/STM32H7xx_HAL_Driver/Src/stm32h7xx_hal_ospi.c:1358:19:HAL_OSPI_Receive_IT	12	static
D:/Projects/Git_WorkSpace/eSTAR_InstrumentCluster/eStar_Cluster_Demo/Drivers/STM32H7xx_HAL_Driver/Src/stm32h7xx_hal_ospi.c:1431:19:HAL_OSPI_Transmit_DMA	24	static
D:/Projects/Git_WorkSpace/eSTAR_InstrumentCluster/eStar_Cluster_Demo/Drivers/STM32H7xx_HAL_Driver/Src/stm32h7xx_hal_ospi.c:1535:19:HAL_OSPI_Receive_DMA	32	static
D:/Projects/Git_WorkSpace/eSTAR_InstrumentCluster/eStar_Cluster_Demo/Drivers/STM32H7xx_HAL_Driver/Src/stm32h7xx_hal_ospi.c:1653:19:HAL_OSPI_AutoPolling	40	static
D:/Projects/Git_WorkSpace/eSTAR_InstrumentCluster/eStar_Cluster_Demo/Drivers/STM32H7xx_HAL_Driver/Src/stm32h7xx_hal_ospi.c:1731:19:HAL_OSPI_AutoPolling_IT	32	static
D:/Projects/Git_WorkSpace/eSTAR_InstrumentCluster/eStar_Cluster_Demo/Drivers/STM32H7xx_HAL_Driver/Src/stm32h7xx_hal_ospi.c:1806:19:HAL_OSPI_MemoryMapped	24	static
D:/Projects/Git_WorkSpace/eSTAR_InstrumentCluster/eStar_Cluster_Demo/Drivers/STM32H7xx_HAL_Driver/Src/stm32h7xx_hal_ospi.c:1859:13:HAL_OSPI_ErrorCallback	0	static
D:/Projects/Git_WorkSpace/eSTAR_InstrumentCluster/eStar_Cluster_Demo/Drivers/STM32H7xx_HAL_Driver/Src/stm32h7xx_hal_ospi.c:2756:13:OSPI_DMAError	8	static
D:/Projects/Git_WorkSpace/eSTAR_InstrumentCluster/eStar_Cluster_Demo/Drivers/STM32H7xx_HAL_Driver/Src/stm32h7xx_hal_ospi.c:2792:13:OSPI_DMAAbortOnError	8	static
D:/Projects/Git_WorkSpace/eSTAR_InstrumentCluster/eStar_Cluster_Demo/Drivers/STM32H7xx_HAL_Driver/Src/stm32h7xx_hal_ospi.c:1874:13:HAL_OSPI_AbortCpltCallback	0	static
D:/Projects/Git_WorkSpace/eSTAR_InstrumentCluster/eStar_Cluster_Demo/Drivers/STM32H7xx_HAL_Driver/Src/stm32h7xx_hal_ospi.c:2827:13:OSPI_DMAAbortCplt	8	static
D:/Projects/Git_WorkSpace/eSTAR_InstrumentCluster/eStar_Cluster_Demo/Drivers/STM32H7xx_HAL_Driver/Src/stm32h7xx_hal_ospi.c:1889:13:HAL_OSPI_FifoThresholdCallback	0	static
D:/Projects/Git_WorkSpace/eSTAR_InstrumentCluster/eStar_Cluster_Demo/Drivers/STM32H7xx_HAL_Driver/Src/stm32h7xx_hal_ospi.c:1904:13:HAL_OSPI_CmdCpltCallback	0	static
D:/Projects/Git_WorkSpace/eSTAR_InstrumentCluster/eStar_Cluster_Demo/Drivers/STM32H7xx_HAL_Driver/Src/stm32h7xx_hal_ospi.c:1919:13:HAL_OSPI_RxCpltCallback	0	static
D:/Projects/Git_WorkSpace/eSTAR_InstrumentCluster/eStar_Cluster_Demo/Drivers/STM32H7xx_HAL_Driver/Src/stm32h7xx_hal_ospi.c:1934:13:HAL_OSPI_TxCpltCallback	0	static
D:/Projects/Git_WorkSpace/eSTAR_InstrumentCluster/eStar_Cluster_Demo/Drivers/STM32H7xx_HAL_Driver/Src/stm32h7xx_hal_ospi.c:1949:13:HAL_OSPI_RxHalfCpltCallback	0	static
D:/Projects/Git_WorkSpace/eSTAR_InstrumentCluster/eStar_Cluster_Demo/Drivers/STM32H7xx_HAL_Driver/Src/stm32h7xx_hal_ospi.c:1964:13:HAL_OSPI_TxHalfCpltCallback	0	static
D:/Projects/Git_WorkSpace/eSTAR_InstrumentCluster/eStar_Cluster_Demo/Drivers/STM32H7xx_HAL_Driver/Src/stm32h7xx_hal_ospi.c:1979:13:HAL_OSPI_StatusMatchCallback	0	static
D:/Projects/Git_WorkSpace/eSTAR_InstrumentCluster/eStar_Cluster_Demo/Drivers/STM32H7xx_HAL_Driver/Src/stm32h7xx_hal_ospi.c:1994:13:HAL_OSPI_TimeOutCallback	0	static
D:/Projects/Git_WorkSpace/eSTAR_InstrumentCluster/eStar_Cluster_Demo/Drivers/STM32H7xx_HAL_Driver/Src/stm32h7xx_hal_ospi.c:580:6:HAL_OSPI_IRQHandler	16	static
D:/Projects/Git_WorkSpace/eSTAR_InstrumentCluster/eStar_Cluster_Demo/Drivers/STM32H7xx_HAL_Driver/Src/stm32h7xx_hal_ospi.c:2245:19:HAL_OSPI_Abort	24	static
D:/Projects/Git_WorkSpace/eSTAR_InstrumentCluster/eStar_Cluster_Demo/Drivers/STM32H7xx_HAL_Driver/Src/stm32h7xx_hal_ospi.c:2313:19:HAL_OSPI_Abort_IT	8	static
D:/Projects/Git_WorkSpace/eSTAR_InstrumentCluster/eStar_Cluster_Demo/Drivers/STM32H7xx_HAL_Driver/Src/stm32h7xx_hal_ospi.c:2391:19:HAL_OSPI_SetFifoThreshold	0	static
D:/Projects/Git_WorkSpace/eSTAR_InstrumentCluster/eStar_Cluster_Demo/Drivers/STM32H7xx_HAL_Driver/Src/stm32h7xx_hal_ospi.c:2419:10:HAL_OSPI_GetFifoThreshold	0	static
D:/Projects/Git_WorkSpace/eSTAR_InstrumentCluster/eStar_Cluster_Demo/Drivers/STM32H7xx_HAL_Driver/Src/stm32h7xx_hal_ospi.c:2429:19:HAL_OSPI_SetTimeout	0	static
D:/Projects/Git_WorkSpace/eSTAR_InstrumentCluster/eStar_Cluster_Demo/Drivers/STM32H7xx_HAL_Driver/Src/stm32h7xx_hal_ospi.c:2440:10:HAL_OSPI_GetError	0	static
D:/Projects/Git_WorkSpace/eSTAR_InstrumentCluster/eStar_Cluster_Demo/Drivers/STM32H7xx_HAL_Driver/Src/stm32h7xx_hal_ospi.c:2450:10:HAL_OSPI_GetState	0	static
D:/Projects/Git_WorkSpace/eSTAR_InstrumentCluster/eStar_Cluster_Demo/Drivers/STM32H7xx_HAL_Driver/Src/stm32h7xx_hal_ospi.c:2482:19:HAL_OSPIM_Config	104	static
