../Application/User/Core/src/App/FuelGuage/FuelGuage_App.c:122:6:vFuelGuage_TaskInit	0	static
../Application/User/Core/src/App/FuelGuage/FuelGuage_App.c:334:10:prvInital_SamplingProcess	16	static
../Application/User/Core/src/App/FuelGuage/FuelGuage_App.c:374:18:prvOffline_FillTypeDtcn_Prcs	0	static
../Application/User/Core/src/App/FuelGuage/FuelGuage_App.c:416:18:prvOnline_FillTypeDtcn_Prcs	8	static
../Application/User/Core/src/App/FuelGuage/FuelGuage_App.c:461:6:prvSet_FuelLevel	0	static
../Application/User/Core/src/App/FuelGuage/FuelGuage_App.c:138:6:vFuelGuage_Task	40	static
../Application/User/Core/src/App/FuelGuage/FuelGuage_App.c:477:9:xGet_FuelLevel	0	static
../Application/User/Core/src/App/FuelGuage/FuelGuage_App.c:502:10:calculateAverage	0	static
