../Application/User/Core/src/Service/Memory_Service/eeprom_emul/flash_interface/flash_interface.c:69:9:xFI_WriteDoubleWord	0	static
../Application/User/Core/src/Service/Memory_Service/eeprom_emul/flash_interface/flash_interface.c:87:9:xFI_WriteSingleWord	0	static
../Application/User/Core/src/Service/Memory_Service/eeprom_emul/flash_interface/flash_interface.c:105:9:xFI_WriteByte	0	static
../Application/User/Core/src/Service/Memory_Service/eeprom_emul/flash_interface/flash_interface.c:123:9:xFI_ReadDoubleWord	0	static
../Application/User/Core/src/Service/Memory_Service/eeprom_emul/flash_interface/flash_interface.c:140:9:xFI_ReadSingleWord	0	static
../Application/User/Core/src/Service/Memory_Service/eeprom_emul/flash_interface/flash_interface.c:156:9:xFI_ReadByte	0	static
../Application/User/Core/src/Service/Memory_Service/eeprom_emul/flash_interface/flash_interface.c:171:9:xFI_Write	0	static
../Application/User/Core/src/Service/Memory_Service/eeprom_emul/flash_interface/flash_interface.c:187:9:xFI_Read	0	static
../Application/User/Core/src/Service/Memory_Service/eeprom_emul/flash_interface/flash_interface.c:201:9:xFI_PageErase	0	static
