../Application/User/Core/src/Service/IO_HAL/Switch_Handler/SwitchHandler_App.c:99:6:vModeButtonPressHandler	0	static
../Application/User/Core/src/Service/IO_HAL/Switch_Handler/SwitchHandler_App.c:105:6:vResetButtonPressHandler	0	static
../Application/User/Core/src/Service/IO_HAL/Switch_Handler/SwitchHandler_App.c:119:6:vSwitchHandlerTask	8	static
../Application/User/Core/src/Service/IO_HAL/Switch_Handler/SwitchHandler_App.c:161:22:xGetClockMode	0	static
../Application/User/Core/src/Service/IO_HAL/Switch_Handler/SwitchHandler_App.c:176:21:xGetModeButtonStatus	0	static
../Application/User/Core/src/Service/IO_HAL/Switch_Handler/SwitchHandler_App.c:250:21:xGetResetButtonStatus	0	static
../Application/User/Core/src/Service/IO_HAL/Switch_Handler/SwitchHandler_App.c:192:20:xClockSettingGetSetMode	8	static
../Application/User/Core/src/Service/IO_HAL/Switch_Handler/SwitchHandler_App.c:442:22:xGetSwitchStatus	0	static
../Application/User/Core/src/Service/IO_HAL/Switch_Handler/SwitchHandler_App.c:451:9:xGetToggleMetrics	0	static
../Application/User/Core/src/Service/IO_HAL/Switch_Handler/SwitchHandler_App.c:461:9:xToggleUnits	0	static
../Application/User/Core/src/Service/IO_HAL/Switch_Handler/SwitchHandler_App.c:267:6:vHandleModeResetActions	24	static
