../Application/User/Core/src/Service/Memory_Service/eeprom_emul/eeprom_emulation/eeprom_emul.c:232:16:prvGetPageState	88	static
../Application/User/Core/src/Service/Memory_Service/eeprom_emul/eeprom_emulation/eeprom_emul.c:288:12:prvSetPageState	40	static
../Application/User/Core/src/Service/Memory_Service/eeprom_emul/eeprom_emulation/eeprom_emul.c:357:11:prvEE_CleanUp	8	static
../Application/User/Core/src/Service/Memory_Service/eeprom_emul/eeprom_emulation/eeprom_emul.c:414:11:prvVerifyPageFullyErased	32	static
../Application/User/Core/src/Service/Memory_Service/eeprom_emul/eeprom_emulation/eeprom_emul.c:125:11:prvEE_Format	8	static
../Application/User/Core/src/Service/Memory_Service/eeprom_emul/eeprom_emulation/eeprom_emul.c:571:10:prvFindPage	24	static
../Application/User/Core/src/Service/Memory_Service/eeprom_emul/eeprom_emulation/eeprom_emul.c:457:11:prvReadVariable	48	static
../Application/User/Core/src/Service/Memory_Service/eeprom_emul/eeprom_emulation/eeprom_emul.c:180:11:xEE_ReadVariable32bits	16	static
../Application/User/Core/src/Service/Memory_Service/eeprom_emul/eeprom_emulation/eeprom_emul.c:731:11:prvVerifyPagesFullWriteVariable	40	static
../Application/User/Core/src/Service/Memory_Service/eeprom_emul/eeprom_emulation/eeprom_emul.c:827:11:prvPagesTransfer	64	static
../Application/User/Core/src/Service/Memory_Service/eeprom_emul/eeprom_emulation/eeprom_emul.c:543:12:prvWriteVariable	16	static
../Application/User/Core/src/Service/Memory_Service/eeprom_emul/eeprom_emulation/eeprom_emul.c:212:11:xEE_WriteVariable32bits	0	static
../Application/User/Core/src/Service/Memory_Service/eeprom_emul/eeprom_emulation/eeprom_emul.c:1033:12:xEE_Init	48	static
../Application/User/Core/src/Service/Memory_Service/eeprom_emul/eeprom_emulation/eeprom_emul.c:1362:11:xShadowUpdate	40	static
../Application/User/Core/src/Service/Memory_Service/eeprom_emul/eeprom_emulation/eeprom_emul.c:1438:7:vShadowRAM_Init	8	static
../Application/User/Core/src/Service/Memory_Service/eeprom_emul/eeprom_emulation/eeprom_emul.c:1455:11:xES_WriteVariable	16	static
