../Application/User/Core/src/Service/System_Service/emulated_eprom/eeprom.c:278:16:GetPageState	64	static
../Application/User/Core/src/Service/System_Service/emulated_eprom/eeprom.c:388:12:SetPageState	32	static
../Application/User/Core/src/Service/System_Service/emulated_eprom/eeprom.c:488:11:EE_CleanUp	16	static
../Application/User/Core/src/Service/System_Service/emulated_eprom/eeprom.c:546:11:VerifyPageFullyErased	40	static
../Application/User/Core/src/Service/System_Service/emulated_eprom/eeprom.c:167:11:EE_Format	16	static
../Application/User/Core/src/Service/System_Service/emulated_eprom/eeprom.c:735:10:FindPage	24	static
../Application/User/Core/src/Service/System_Service/emulated_eprom/eeprom.c:603:11:ReadVariable	40	static
../Application/User/Core/src/Service/System_Service/emulated_eprom/eeprom.c:226:11:EE_ReadVariable32bits	16	static
../Application/User/Core/src/Service/System_Service/emulated_eprom/eeprom.c:888:11:VerifyPagesFullWriteVariable	40	static
../Application/User/Core/src/Service/System_Service/emulated_eprom/eeprom.c:952:11:PagesTransfer	56	static
../Application/User/Core/src/Service/System_Service/emulated_eprom/eeprom.c:700:12:WriteVariable	16	static
../Application/User/Core/src/Service/System_Service/emulated_eprom/eeprom.c:258:11:EE_WriteVariable32bits	0	static
../Application/User/Core/src/Service/System_Service/emulated_eprom/eeprom.c:1179:12:EE_Init	40	static
