../Application/User/Core/src/Service/Memory_Service/eeprom_emul/eeprom_emulation/eeprom_emul.c:232:16:prvGetPageState	128	static
../Application/User/Core/src/Service/Memory_Service/eeprom_emul/eeprom_emulation/eeprom_emul.c:358:12:prvSetPageState	32	static
../Application/User/Core/src/Service/Memory_Service/eeprom_emul/eeprom_emulation/eeprom_emul.c:454:11:prvEE_CleanUp	16	static
../Application/User/Core/src/Service/Memory_Service/eeprom_emul/eeprom_emulation/eeprom_emul.c:511:11:prvVerifyPageFullyErased	40	static
../Application/User/Core/src/Service/Memory_Service/eeprom_emul/eeprom_emulation/eeprom_emul.c:125:11:prvEE_Format	16	static
../Application/User/Core/src/Service/Memory_Service/eeprom_emul/eeprom_emulation/eeprom_emul.c:685:10:prvFindPage	24	static
../Application/User/Core/src/Service/Memory_Service/eeprom_emul/eeprom_emulation/eeprom_emul.c:562:11:prvReadVariable	48	static
../Application/User/Core/src/Service/Memory_Service/eeprom_emul/eeprom_emulation/eeprom_emul.c:180:11:xEE_ReadVariable32bits	16	static
../Application/User/Core/src/Service/Memory_Service/eeprom_emul/eeprom_emulation/eeprom_emul.c:839:11:prvVerifyPagesFullWriteVariable	32	static
../Application/User/Core/src/Service/Memory_Service/eeprom_emul/eeprom_emulation/eeprom_emul.c:914:11:prvPagesTransfer	64	static
../Application/User/Core/src/Service/Memory_Service/eeprom_emul/eeprom_emulation/eeprom_emul.c:657:12:prvWriteVariable	16	static
../Application/User/Core/src/Service/Memory_Service/eeprom_emul/eeprom_emulation/eeprom_emul.c:212:11:xEE_WriteVariable32bits	0	static
../Application/User/Core/src/Service/Memory_Service/eeprom_emul/eeprom_emulation/eeprom_emul.c:1127:12:xEE_Init	40	static
