../Application/User/Core/src/Service/Memory_Service/eeprom_emul/eeprom_emulation/eeprom_emul.c:232:16:prvGetPageState	128	static
../Application/User/Core/src/Service/Memory_Service/eeprom_emul/eeprom_emulation/eeprom_emul.c:358:12:prvSetPageState	32	static
../Application/User/Core/src/Service/Memory_Service/eeprom_emul/eeprom_emulation/eeprom_emul.c:454:11:prvEE_CleanUp	8	static
../Application/User/Core/src/Service/Memory_Service/eeprom_emul/eeprom_emulation/eeprom_emul.c:511:11:prvVerifyPageFullyErased	40	static
../Application/User/Core/src/Service/Memory_Service/eeprom_emul/eeprom_emulation/eeprom_emul.c:125:11:prvEE_Format	8	static
../Application/User/Core/src/Service/Memory_Service/eeprom_emul/eeprom_emulation/eeprom_emul.c:688:10:prvFindPage	24	static
../Application/User/Core/src/Service/Memory_Service/eeprom_emul/eeprom_emulation/eeprom_emul.c:562:11:prvReadVariable	56	static
../Application/User/Core/src/Service/Memory_Service/eeprom_emul/eeprom_emulation/eeprom_emul.c:180:11:xEE_ReadVariable32bits	16	static
../Application/User/Core/src/Service/Memory_Service/eeprom_emul/eeprom_emulation/eeprom_emul.c:848:11:prvVerifyPagesFullWriteVariable	32	static
../Application/User/Core/src/Service/Memory_Service/eeprom_emul/eeprom_emulation/eeprom_emul.c:921:11:prvPagesTransfer	64	static
../Application/User/Core/src/Service/Memory_Service/eeprom_emul/eeprom_emulation/eeprom_emul.c:660:12:prvWriteVariable	16	static
../Application/User/Core/src/Service/Memory_Service/eeprom_emul/eeprom_emulation/eeprom_emul.c:212:11:xEE_WriteVariable32bits	0	static
../Application/User/Core/src/Service/Memory_Service/eeprom_emul/eeprom_emulation/eeprom_emul.c:1136:12:xEE_Init	40	static
