../Application/User/Core/src/Service/System_Service/BatteryVoltage_SmApp/batterVoltage_SmHandler.c:184:6:vLVEntryActionFunc	16	static
../Application/User/Core/src/Service/System_Service/BatteryVoltage_SmApp/batterVoltage_SmHandler.c:211:6:vNVEntryActionFunc	16	static
../Application/User/Core/src/Service/System_Service/BatteryVoltage_SmApp/batterVoltage_SmHandler.c:236:6:vHVEntryActionFunc	16	static
../Application/User/Core/src/Service/System_Service/BatteryVoltage_SmApp/batterVoltage_SmHandler.c:261:6:vULVEntryActionFunc	16	static
../Application/User/Core/src/Service/System_Service/BatteryVoltage_SmApp/batterVoltage_SmHandler.c:288:6:vInLVstateActionFunc	16	static
../Application/User/Core/src/Service/System_Service/BatteryVoltage_SmApp/batterVoltage_SmHandler.c:312:6:vInNVstateActionFunc	16	static
../Application/User/Core/src/Service/System_Service/BatteryVoltage_SmApp/batterVoltage_SmHandler.c:337:6:vInHVstateActionFunc	16	static
../Application/User/Core/src/Service/System_Service/BatteryVoltage_SmApp/batterVoltage_SmHandler.c:363:6:vInULVstateActionFunc	16	static
../Application/User/Core/src/Service/System_Service/BatteryVoltage_SmApp/batterVoltage_SmHandler.c:110:9:ucLVTransCheckFunc	8	static
../Application/User/Core/src/Service/System_Service/BatteryVoltage_SmApp/batterVoltage_SmHandler.c:129:9:ucNVTransCheckFunc	8	static
../Application/User/Core/src/Service/System_Service/BatteryVoltage_SmApp/batterVoltage_SmHandler.c:147:9:ucHVTransCheckFunc	8	static
../Application/User/Core/src/Service/System_Service/BatteryVoltage_SmApp/batterVoltage_SmHandler.c:165:9:ucULVTransCheckFunc	8	static
../Application/User/Core/src/Service/System_Service/BatteryVoltage_SmApp/batterVoltage_SmHandler.c:391:11:xbatteryvoltage_get_current_state	0	static
