../Application/User/Core/src/Service/System_Service/BatteryVoltage_SmApp/batterVoltage_SmHandler_Demo.c:79:6:vULVFunc	0	static
../Application/User/Core/src/Service/System_Service/BatteryVoltage_SmApp/batterVoltage_SmHandler_Demo.c:93:6:vLVFunc	0	static
../Application/User/Core/src/Service/System_Service/BatteryVoltage_SmApp/batterVoltage_SmHandler_Demo.c:108:6:vNVFunc	0	static
../Application/User/Core/src/Service/System_Service/BatteryVoltage_SmApp/batterVoltage_SmHandler_Demo.c:123:6:vHVFunc	0	static
../Application/User/Core/src/Service/System_Service/BatteryVoltage_SmApp/batterVoltage_SmHandler_Demo.c:139:6:vInULVFunc	0	static
../Application/User/Core/src/Service/System_Service/BatteryVoltage_SmApp/batterVoltage_SmHandler_Demo.c:154:6:vInLVFunc	0	static
../Application/User/Core/src/Service/System_Service/BatteryVoltage_SmApp/batterVoltage_SmHandler_Demo.c:169:6:vInNVFunc	0	static
../Application/User/Core/src/Service/System_Service/BatteryVoltage_SmApp/batterVoltage_SmHandler_Demo.c:184:6:vInHVFunc	0	static
