../Application/User/Core/src/Service/System_Service/BatteryVoltage_SmApp/batterVoltage_SmHandler.c:208:6:NVEntryAction_func	16	static
../Application/User/Core/src/Service/System_Service/BatteryVoltage_SmApp/batterVoltage_SmHandler.c:233:6:HVEntryAction_func	16	static
../Application/User/Core/src/Service/System_Service/BatteryVoltage_SmApp/batterVoltage_SmHandler.c:258:6:UHVEntryAction_func	16	static
../Application/User/Core/src/Service/System_Service/BatteryVoltage_SmApp/batterVoltage_SmHandler.c:285:6:in_LVstateAction_func	16	static
../Application/User/Core/src/Service/System_Service/BatteryVoltage_SmApp/batterVoltage_SmHandler.c:309:6:in_NVstateAction_func	16	static
../Application/User/Core/src/Service/System_Service/BatteryVoltage_SmApp/batterVoltage_SmHandler.c:334:6:in_HVstateAction_func	16	static
../Application/User/Core/src/Service/System_Service/BatteryVoltage_SmApp/batterVoltage_SmHandler.c:360:6:in_UHVstateAction_func	16	static
../Application/User/Core/src/Service/System_Service/BatteryVoltage_SmApp/batterVoltage_SmHandler.c:109:9:LVTransCheck_func	8	static
../Application/User/Core/src/Service/System_Service/BatteryVoltage_SmApp/batterVoltage_SmHandler.c:128:9:NVTransCheck_func	8	static
../Application/User/Core/src/Service/System_Service/BatteryVoltage_SmApp/batterVoltage_SmHandler.c:146:9:HVTransCheck_func	8	static
../Application/User/Core/src/Service/System_Service/BatteryVoltage_SmApp/batterVoltage_SmHandler.c:164:9:UHVTransCheck_func	8	static
../Application/User/Core/src/Service/System_Service/BatteryVoltage_SmApp/batterVoltage_SmHandler.c:183:6:LVEntryAction_func	16	static
../Application/User/Core/src/Service/System_Service/BatteryVoltage_SmApp/batterVoltage_SmHandler.c:388:11:batteryvoltage_get_current_state	0	static
