../Application/User/Core/src/Service/System_Service/BatteryVoltage_SmApp/batterVoltage_SmHandler.c:209:6:NVEntryAction_func	16	static
../Application/User/Core/src/Service/System_Service/BatteryVoltage_SmApp/batterVoltage_SmHandler.c:234:6:HVEntryAction_func	16	static
../Application/User/Core/src/Service/System_Service/BatteryVoltage_SmApp/batterVoltage_SmHandler.c:259:6:ULVEntryAction_func	16	static
../Application/User/Core/src/Service/System_Service/BatteryVoltage_SmApp/batterVoltage_SmHandler.c:286:6:in_LVstateAction_func	16	static
../Application/User/Core/src/Service/System_Service/BatteryVoltage_SmApp/batterVoltage_SmHandler.c:310:6:in_NVstateAction_func	16	static
../Application/User/Core/src/Service/System_Service/BatteryVoltage_SmApp/batterVoltage_SmHandler.c:335:6:in_HVstateAction_func	16	static
../Application/User/Core/src/Service/System_Service/BatteryVoltage_SmApp/batterVoltage_SmHandler.c:361:6:in_ULVstateAction_func	16	static
../Application/User/Core/src/Service/System_Service/BatteryVoltage_SmApp/batterVoltage_SmHandler.c:110:9:LVTransCheck_func	8	static
../Application/User/Core/src/Service/System_Service/BatteryVoltage_SmApp/batterVoltage_SmHandler.c:129:9:NVTransCheck_func	8	static
../Application/User/Core/src/Service/System_Service/BatteryVoltage_SmApp/batterVoltage_SmHandler.c:147:9:HVTransCheck_func	8	static
../Application/User/Core/src/Service/System_Service/BatteryVoltage_SmApp/batterVoltage_SmHandler.c:165:9:ULVTransCheck_func	8	static
../Application/User/Core/src/Service/System_Service/BatteryVoltage_SmApp/batterVoltage_SmHandler.c:184:6:LVEntryAction_func	16	static
../Application/User/Core/src/Service/System_Service/BatteryVoltage_SmApp/batterVoltage_SmHandler.c:389:11:batteryvoltage_get_current_state	0	static
