../Application/User/Core/src/Service/System_Service/BatteryVoltage_SmApp/batterVoltage_SmHandler_Demo.c:80:6:vULVFunc	0	static
../Application/User/Core/src/Service/System_Service/BatteryVoltage_SmApp/batterVoltage_SmHandler_Demo.c:96:6:vLVFunc	0	static
../Application/User/Core/src/Service/System_Service/BatteryVoltage_SmApp/batterVoltage_SmHandler_Demo.c:112:6:vNVFunc	0	static
../Application/User/Core/src/Service/System_Service/BatteryVoltage_SmApp/batterVoltage_SmHandler_Demo.c:128:6:vHVFunc	0	static
../Application/User/Core/src/Service/System_Service/BatteryVoltage_SmApp/batterVoltage_SmHandler_Demo.c:145:6:vInULVFunc	0	static
../Application/User/Core/src/Service/System_Service/BatteryVoltage_SmApp/batterVoltage_SmHandler_Demo.c:161:6:vInLVFunc	0	static
../Application/User/Core/src/Service/System_Service/BatteryVoltage_SmApp/batterVoltage_SmHandler_Demo.c:177:6:vInNVFunc	0	static
../Application/User/Core/src/Service/System_Service/BatteryVoltage_SmApp/batterVoltage_SmHandler_Demo.c:193:6:vInHVFunc	0	static
