../Application/User/Core/src/App/Speedometer_App/speedometer_App.c:132:6:vInitializeSpeedometer	0	static
../Application/User/Core/src/App/Speedometer_App/speedometer_App.c:108:6:vSpeedoInit	0	static
../Application/User/Core/src/App/Speedometer_App/speedometer_App.c:161:6:xLoadToEEPROM	0	static
../Application/User/Core/src/App/Speedometer_App/speedometer_App.c:301:6:vValidateSpeed	0	static
../Application/User/Core/src/App/Speedometer_App/speedometer_App.c:327:10:vPulseDeltaCounter	8	static
../Application/User/Core/src/App/Speedometer_App/speedometer_App.c:223:6:vCalculateSpeedInKm	8	static
../Application/User/Core/src/App/Speedometer_App/speedometer_App.c:277:6:vCalculateSpeedInMiles	8	static
../Application/User/Core/src/App/Speedometer_App/speedometer_App.c:204:6:vCalculateSpeed	8	static
../Application/User/Core/src/App/Speedometer_App/speedometer_App.c:176:6:vSpeedoAlgorithm	8	static
../Application/User/Core/src/App/Speedometer_App/speedometer_App.c:354:6:xSafeSpeedCheck	0	static
../Application/User/Core/src/App/Speedometer_App/speedometer_App.c:396:6:vCustomizeSpeedUnits	0	static
../Application/User/Core/src/App/Speedometer_App/speedometer_App.c:452:10:xGetSpeedValueInKM	0	static
../Application/User/Core/src/App/Speedometer_App/speedometer_App.c:468:6:prvSpeedDampOut	12	static
../Application/User/Core/src/App/Speedometer_App/speedometer_App.c:418:10:xGetSpeedValue	8	static
