../Application/User/Core/src/App/Speedometer_App/speedometer_App.c:130:6:vInitializeSpeedometer	0	static
../Application/User/Core/src/App/Speedometer_App/speedometer_App.c:150:6:xLoadToEEPROM	0	static
../Application/User/Core/src/App/Speedometer_App/speedometer_App.c:117:6:vSpeedoInit	8	static
../Application/User/Core/src/App/Speedometer_App/speedometer_App.c:240:6:vValidateSpeed	0	static
../Application/User/Core/src/App/Speedometer_App/speedometer_App.c:256:10:vPulseDeltaCounter	8	static
../Application/User/Core/src/App/Speedometer_App/speedometer_App.c:203:6:vCalculateSpeedInKm	24	static
../Application/User/Core/src/App/Speedometer_App/speedometer_App.c:227:6:vCalculateSpeedInMiles	8	static
../Application/User/Core/src/App/Speedometer_App/speedometer_App.c:193:6:vCalculateSpeed	8	static
../Application/User/Core/src/App/Speedometer_App/speedometer_App.c:165:6:vSpeedoAlgorithm	8	static
../Application/User/Core/src/App/Speedometer_App/speedometer_App.c:272:6:xSafeSpeedCheck	0	static
../Application/User/Core/src/App/Speedometer_App/speedometer_App.c:314:6:vCustomizeSpeedUnits	0	static
../Application/User/Core/src/App/Speedometer_App/speedometer_App.c:362:10:GetSpeedValueInKM	0	static
../Application/User/Core/src/App/Speedometer_App/speedometer_App.c:367:6:prvSpeedDampOut	12	static
../Application/User/Core/src/App/Speedometer_App/speedometer_App.c:338:10:xGetSpeedValue	8	static
