../Application/User/Core/src/App/Speedometer_App/speedometer_App.c:123:6:vInitializeSpeedometer	0	static
../Application/User/Core/src/App/Speedometer_App/speedometer_App.c:142:6:xLoadToEEPROM	0	static
../Application/User/Core/src/App/Speedometer_App/speedometer_App.c:111:6:vSpeedoInit	8	static
../Application/User/Core/src/App/Speedometer_App/speedometer_App.c:215:6:vValidateSpeed	0	static
../Application/User/Core/src/App/Speedometer_App/speedometer_App.c:227:10:vPulseDeltaCounter	8	static
../Application/User/Core/src/App/Speedometer_App/speedometer_App.c:189:6:vCalculateSpeedInKm	24	static
../Application/User/Core/src/App/Speedometer_App/speedometer_App.c:208:6:vCalculateSpeedInMiles	8	static
../Application/User/Core/src/App/Speedometer_App/speedometer_App.c:181:6:vCalculateSpeed	0	static
../Application/User/Core/src/App/Speedometer_App/speedometer_App.c:155:6:vSpeedoAlgorithm	8	static
../Application/User/Core/src/App/Speedometer_App/speedometer_App.c:242:6:xSafeSpeedCheck	0	static
../Application/User/Core/src/App/Speedometer_App/speedometer_App.c:283:6:vCustomizeSpeedUnits	0	static
../Application/User/Core/src/App/Speedometer_App/speedometer_App.c:307:10:xGetSpeedValue	16	static
