../Application/User/Core/src/App/Speedometer_App/speedometer_App.c:120:6:vInitializeSpeedometer	0	static
../Application/User/Core/src/App/Speedometer_App/speedometer_App.c:138:6:xLoadToEEPROM	0	static
../Application/User/Core/src/App/Speedometer_App/speedometer_App.c:111:6:vSpeedoInit	8	static
../Application/User/Core/src/App/Speedometer_App/speedometer_App.c:214:10:vPulseDeltaCounter	8	static
../Application/User/Core/src/App/Speedometer_App/speedometer_App.c:229:6:xSafeSpeedCheck	0	static
../Application/User/Core/src/App/Speedometer_App/speedometer_App.c:185:6:vCalculateSpeedInKm	24	static
../Application/User/Core/src/App/Speedometer_App/speedometer_App.c:207:6:vCalculateSpeedInMiles	8	static
../Application/User/Core/src/App/Speedometer_App/speedometer_App.c:177:6:vCalculateSpeed	0	static
../Application/User/Core/src/App/Speedometer_App/speedometer_App.c:151:6:vSpeedoAlgorithm	8	static
../Application/User/Core/src/App/Speedometer_App/speedometer_App.c:270:6:vCustomizeSpeedUnits	0	static
../Application/User/Core/src/App/Speedometer_App/speedometer_App.c:294:10:xGetSpeedValue	16	static
