../Application/User/Core/src/App/Speedometer_App/speedometer_App.c:119:6:vInitializeSpeedometer	0	static
../Application/User/Core/src/App/Speedometer_App/speedometer_App.c:110:6:vSpeedoInit	0	static
../Application/User/Core/src/App/Speedometer_App/speedometer_App.c:137:6:xLoadToEEPROM	0	static
../Application/User/Core/src/App/Speedometer_App/speedometer_App.c:213:10:vPulseDeltaCounter	8	static
../Application/User/Core/src/App/Speedometer_App/speedometer_App.c:184:6:vCalculateSpeedInKm	8	static
../Application/User/Core/src/App/Speedometer_App/speedometer_App.c:206:6:vCalculateSpeedInMiles	8	static
../Application/User/Core/src/App/Speedometer_App/speedometer_App.c:176:6:vCalculateSpeed	0	static
../Application/User/Core/src/App/Speedometer_App/speedometer_App.c:150:6:vSpeedoAlgorithm	8	static
../Application/User/Core/src/App/Speedometer_App/speedometer_App.c:228:6:xSafeSpeedCheck	0	static
../Application/User/Core/src/App/Speedometer_App/speedometer_App.c:269:6:vCustomizeSpeedUnits	0	static
../Application/User/Core/src/App/Speedometer_App/speedometer_App.c:293:10:xGetSpeedValue	16	static
