../Application/User/Core/src/App/Speedometer_App/speedometer_App.c:124:6:vInitializeSpeedometer	0	static
../Application/User/Core/src/App/Speedometer_App/speedometer_App.c:112:6:vSpeedoInit	0	static
../Application/User/Core/src/App/Speedometer_App/speedometer_App.c:143:6:xLoadToEEPROM	0	static
../Application/User/Core/src/App/Speedometer_App/speedometer_App.c:216:6:vValidateSpeed	0	static
../Application/User/Core/src/App/Speedometer_App/speedometer_App.c:231:10:vPulseDeltaCounter	8	static
../Application/User/Core/src/App/Speedometer_App/speedometer_App.c:190:6:vCalculateSpeedInKm	8	static
../Application/User/Core/src/App/Speedometer_App/speedometer_App.c:209:6:vCalculateSpeedInMiles	8	static
../Application/User/Core/src/App/Speedometer_App/speedometer_App.c:182:6:vCalculateSpeed	0	static
../Application/User/Core/src/App/Speedometer_App/speedometer_App.c:156:6:vSpeedoAlgorithm	8	static
../Application/User/Core/src/App/Speedometer_App/speedometer_App.c:246:6:xSafeSpeedCheck	0	static
../Application/User/Core/src/App/Speedometer_App/speedometer_App.c:287:6:vCustomizeSpeedUnits	0	static
../Application/User/Core/src/App/Speedometer_App/speedometer_App.c:311:10:xGetSpeedValue	8	static
