D:/GIT_WorkAreas/eSTAR_InstrumentCluster/Drivers/BSP/STM32H735G-DK/stm32h735g_discovery_ts.c:126:9:BSP_TS_Init	56	static
D:/GIT_WorkAreas/eSTAR_InstrumentCluster/Drivers/BSP/STM32H735G-DK/stm32h735g_discovery_ts.c:179:9:BSP_TS_DeInit	8	static
D:/GIT_WorkAreas/eSTAR_InstrumentCluster/Drivers/BSP/STM32H735G-DK/stm32h735g_discovery_ts.c:204:9:BSP_TS_GetCapabilities	8	static
D:/GIT_WorkAreas/eSTAR_InstrumentCluster/Drivers/BSP/STM32H735G-DK/stm32h735g_discovery_ts.c:225:9:BSP_TS_EnableIT	32	static
D:/GIT_WorkAreas/eSTAR_InstrumentCluster/Drivers/BSP/STM32H735G-DK/stm32h735g_discovery_ts.c:275:9:BSP_TS_DisableIT	8	static
D:/GIT_WorkAreas/eSTAR_InstrumentCluster/Drivers/BSP/STM32H735G-DK/stm32h735g_discovery_ts.c:307:6:BSP_TS_IRQHandler	0	static
D:/GIT_WorkAreas/eSTAR_InstrumentCluster/Drivers/BSP/STM32H735G-DK/stm32h735g_discovery_ts.c:316:13:BSP_TS_Callback	0	static
D:/GIT_WorkAreas/eSTAR_InstrumentCluster/Drivers/BSP/STM32H735G-DK/stm32h735g_discovery_ts.c:667:13:TS_EXTI_Callback	8	static
D:/GIT_WorkAreas/eSTAR_InstrumentCluster/Drivers/BSP/STM32H735G-DK/stm32h735g_discovery_ts.c:328:9:BSP_TS_GetState	40	static
D:/GIT_WorkAreas/eSTAR_InstrumentCluster/Drivers/BSP/STM32H735G-DK/stm32h735g_discovery_ts.c:414:9:BSP_TS_Get_MultiTouchState	176	static
D:/GIT_WorkAreas/eSTAR_InstrumentCluster/Drivers/BSP/STM32H735G-DK/stm32h735g_discovery_ts.c:512:9:BSP_TS_GestureConfig	8	static
D:/GIT_WorkAreas/eSTAR_InstrumentCluster/Drivers/BSP/STM32H735G-DK/stm32h735g_discovery_ts.c:537:9:BSP_TS_GetGestureId	24	static
D:/GIT_WorkAreas/eSTAR_InstrumentCluster/Drivers/BSP/STM32H735G-DK/stm32h735g_discovery_ts.c:592:9:BSP_TS_Set_Orientation	0	static
D:/GIT_WorkAreas/eSTAR_InstrumentCluster/Drivers/BSP/STM32H735G-DK/stm32h735g_discovery_ts.c:604:9:BSP_TS_Get_Orientation	0	static
