../Application/User/Core/src/App/DriverInfo_App/DriverInfoApp.c:124:6:vCalculateAVSInKmperhour	8	static
../Application/User/Core/src/App/DriverInfo_App/DriverInfoApp.c:150:9:prvFuelSimulation	0	static
../Application/User/Core/src/App/DriverInfo_App/DriverInfoApp.c:163:9:convert_FuelPercentageToLitres	0	static
../Application/User/Core/src/App/DriverInfo_App/DriverInfoApp.c:270:10:vCalculateDTE	12	static
../Application/User/Core/src/App/DriverInfo_App/DriverInfoApp.c:352:10:DisplayDTE	0	static
../Application/User/Core/src/App/DriverInfo_App/DriverInfoApp.c:379:10:xGetAVSstatus	0	static
../Application/User/Core/src/App/DriverInfo_App/DriverInfoApp.c:389:10:xGetAFEstatus	0	static
../Application/User/Core/src/App/DriverInfo_App/DriverInfoApp.c:396:10:xGetRANGEstatus	0	static
../Application/User/Core/src/App/DriverInfo_App/DriverInfoApp.c:454:10:prvCalculateAverage1	0	static
../Application/User/Core/src/App/DriverInfo_App/DriverInfoApp.c:414:10:prvCalculateMovingAverage_Odo	16	static
../Application/User/Core/src/App/DriverInfo_App/DriverInfoApp.c:460:10:prvCalculateAverage2	0	static
../Application/User/Core/src/App/DriverInfo_App/DriverInfoApp.c:434:10:prvCalculateMovingAverage_Fuel	16	static
../Application/User/Core/src/App/DriverInfo_App/DriverInfoApp.c:189:10:vCalculateAFEKmperLitre	32	static
../Application/User/Core/src/App/DriverInfo_App/DriverInfoApp.c:89:6:vDriver_InfoTask	8	static
