../Application/User/Core/src/App/DriverInfo_App/DriverInfoApp.c:139:6:vCalculateAVSInKmperhour	16	static
../Application/User/Core/src/App/DriverInfo_App/DriverInfoApp.c:167:9:prvFuelSimulation	0	static
../Application/User/Core/src/App/DriverInfo_App/DriverInfoApp.c:180:9:convert_FuelPercentageToLitres	0	static
../Application/User/Core/src/App/DriverInfo_App/DriverInfoApp.c:274:6:vCalculateDTE	16	static
../Application/User/Core/src/App/DriverInfo_App/DriverInfoApp.c:351:10:DisplayDTE	16	static
../Application/User/Core/src/App/DriverInfo_App/DriverInfoApp.c:376:10:xGetAVSstatus	8	static
../Application/User/Core/src/App/DriverInfo_App/DriverInfoApp.c:384:10:xGetAFEstatus	8	static
../Application/User/Core/src/App/DriverInfo_App/DriverInfoApp.c:392:10:xGetDTEstatus	8	static
../Application/User/Core/src/App/DriverInfo_App/DriverInfoApp.c:460:10:prvCalculateAverage1	0	static
../Application/User/Core/src/App/DriverInfo_App/DriverInfoApp.c:415:10:prvCalculateMovingAverage_Odo	24	static
../Application/User/Core/src/App/DriverInfo_App/DriverInfoApp.c:468:10:prvCalculateAverage2	0	static
../Application/User/Core/src/App/DriverInfo_App/DriverInfoApp.c:437:10:prvCalculateMovingAverage_Fuel	16	static
../Application/User/Core/src/App/DriverInfo_App/DriverInfoApp.c:194:10:vCalculateAFEKmperLitre	40	static
../Application/User/Core/src/App/DriverInfo_App/DriverInfoApp.c:100:6:vDriver_InfoTask	8	static
