../Application/User/Core/src/App/DriverInfo_App/DriverInfoApp.c:122:6:vCalculateAVSInKmperhour	16	static
../Application/User/Core/src/App/DriverInfo_App/DriverInfoApp.c:148:9:prvFuelSimulation	0	static
../Application/User/Core/src/App/DriverInfo_App/DriverInfoApp.c:161:9:convert_FuelPercentageToLitres	0	static
../Application/User/Core/src/App/DriverInfo_App/DriverInfoApp.c:260:10:vCalculateDTE	24	static
../Application/User/Core/src/App/DriverInfo_App/DriverInfoApp.c:336:10:DisplayDTE	16	static
../Application/User/Core/src/App/DriverInfo_App/DriverInfoApp.c:361:10:xGetAVSstatus	0	static
../Application/User/Core/src/App/DriverInfo_App/DriverInfoApp.c:368:10:xGetAFEstatus	0	static
../Application/User/Core/src/App/DriverInfo_App/DriverInfoApp.c:375:10:xGetDTEstatus	8	static
../Application/User/Core/src/App/DriverInfo_App/DriverInfoApp.c:431:10:prvCalculateAverage1	0	static
../Application/User/Core/src/App/DriverInfo_App/DriverInfoApp.c:393:10:prvCalculateMovingAverage_Odo	24	static
../Application/User/Core/src/App/DriverInfo_App/DriverInfoApp.c:437:10:prvCalculateAverage2	0	static
../Application/User/Core/src/App/DriverInfo_App/DriverInfoApp.c:411:10:prvCalculateMovingAverage_Fuel	16	static
../Application/User/Core/src/App/DriverInfo_App/DriverInfoApp.c:187:10:vCalculateAFEKmperLitre	40	static
../Application/User/Core/src/App/DriverInfo_App/DriverInfoApp.c:89:6:vDriver_InfoTask	8	static
