../Application/User/Core/src/Service/System_Service/IgnitionManager/IGN_SmHandler.c:141:6:IGNONEntryAction_func	16	static
../Application/User/Core/src/Service/System_Service/IgnitionManager/IGN_SmHandler.c:192:6:in_IGNONstateAction_func	16	static
../Application/User/Core/src/Service/System_Service/IgnitionManager/IGN_SmHandler.c:216:6:in_IGNOFFstateAction_func	16	static
../Application/User/Core/src/Service/System_Service/IgnitionManager/IGN_SmHandler.c:97:9:IGNONTransCheck_func	8	static
../Application/User/Core/src/Service/System_Service/IgnitionManager/IGN_SmHandler.c:119:9:IGNOFFTransCheck_func	8	static
../Application/User/Core/src/Service/System_Service/IgnitionManager/IGN_SmHandler.c:165:6:IGNOFFEntryAction_func	16	static
../Application/User/Core/src/Service/System_Service/IgnitionManager/IGN_SmHandler.c:243:10:IGN_get_current_state	0	static
