D:/Govind_WorkSpace/Github_Workspace/eSTAR_InstrumentCluster/eStar_Cluster_Demo/Drivers/BSP/STM32H735G-DK/stm32h735g_discovery_ospi.c:1841:16:OSPI_NOR_EnterSOPIMode.constprop	32	static
D:/Govind_WorkSpace/Github_Workspace/eSTAR_InstrumentCluster/eStar_Cluster_Demo/Drivers/BSP/STM32H735G-DK/stm32h735g_discovery_ospi.c:1770:16:OSPI_NOR_EnterDOPIMode.constprop	32	static
D:/Govind_WorkSpace/Github_Workspace/eSTAR_InstrumentCluster/eStar_Cluster_Demo/Drivers/BSP/STM32H735G-DK/stm32h735g_discovery_ospi.c:289:26:MX_OSPI_NOR_Init	0	static
D:/Govind_WorkSpace/Github_Workspace/eSTAR_InstrumentCluster/eStar_Cluster_Demo/Drivers/BSP/STM32H735G-DK/stm32h735g_discovery_ospi.c:400:9:BSP_OSPI_NOR_Read	32	static
D:/Govind_WorkSpace/Github_Workspace/eSTAR_InstrumentCluster/eStar_Cluster_Demo/Drivers/BSP/STM32H735G-DK/stm32h735g_discovery_ospi.c:439:9:BSP_OSPI_NOR_Write	40	static
D:/Govind_WorkSpace/Github_Workspace/eSTAR_InstrumentCluster/eStar_Cluster_Demo/Drivers/BSP/STM32H735G-DK/stm32h735g_discovery_ospi.c:528:9:BSP_OSPI_NOR_Erase_Block	24	static
D:/Govind_WorkSpace/Github_Workspace/eSTAR_InstrumentCluster/eStar_Cluster_Demo/Drivers/BSP/STM32H735G-DK/stm32h735g_discovery_ospi.c:571:9:BSP_OSPI_NOR_Erase_Chip	8	static
D:/Govind_WorkSpace/Github_Workspace/eSTAR_InstrumentCluster/eStar_Cluster_Demo/Drivers/BSP/STM32H735G-DK/stm32h735g_discovery_ospi.c:610:9:BSP_OSPI_NOR_GetStatus	16	static
D:/Govind_WorkSpace/Github_Workspace/eSTAR_InstrumentCluster/eStar_Cluster_Demo/Drivers/BSP/STM32H735G-DK/stm32h735g_discovery_ospi.c:658:9:BSP_OSPI_NOR_GetInfo	8	static
D:/Govind_WorkSpace/Github_Workspace/eSTAR_InstrumentCluster/eStar_Cluster_Demo/Drivers/BSP/STM32H735G-DK/stm32h735g_discovery_ospi.c:681:9:BSP_OSPI_NOR_EnableMemoryMappedMode	8	static
D:/Govind_WorkSpace/Github_Workspace/eSTAR_InstrumentCluster/eStar_Cluster_Demo/Drivers/BSP/STM32H735G-DK/stm32h735g_discovery_ospi.c:726:9:BSP_OSPI_NOR_DisableMemoryMappedMode	8	static
D:/Govind_WorkSpace/Github_Workspace/eSTAR_InstrumentCluster/eStar_Cluster_Demo/Drivers/BSP/STM32H735G-DK/stm32h735g_discovery_ospi.c:243:9:BSP_OSPI_NOR_DeInit	8	static
D:/Govind_WorkSpace/Github_Workspace/eSTAR_InstrumentCluster/eStar_Cluster_Demo/Drivers/BSP/STM32H735G-DK/stm32h735g_discovery_ospi.c:763:9:BSP_OSPI_NOR_ReadID	8	static
D:/Govind_WorkSpace/Github_Workspace/eSTAR_InstrumentCluster/eStar_Cluster_Demo/Drivers/BSP/STM32H735G-DK/stm32h735g_discovery_ospi.c:794:9:BSP_OSPI_NOR_ConfigFlash	40	static
D:/Govind_WorkSpace/Github_Workspace/eSTAR_InstrumentCluster/eStar_Cluster_Demo/Drivers/BSP/STM32H735G-DK/stm32h735g_discovery_ospi.c:876:9:BSP_OSPI_NOR_SuspendErase	8	static
D:/Govind_WorkSpace/Github_Workspace/eSTAR_InstrumentCluster/eStar_Cluster_Demo/Drivers/BSP/STM32H735G-DK/stm32h735g_discovery_ospi.c:912:9:BSP_OSPI_NOR_ResumeErase	8	static
D:/Govind_WorkSpace/Github_Workspace/eSTAR_InstrumentCluster/eStar_Cluster_Demo/Drivers/BSP/STM32H735G-DK/stm32h735g_discovery_ospi.c:1082:26:MX_OSPI_ClockConfig	192	static
D:/Govind_WorkSpace/Github_Workspace/eSTAR_InstrumentCluster/eStar_Cluster_Demo/Drivers/BSP/STM32H735G-DK/stm32h735g_discovery_ospi.c:159:9:BSP_OSPI_NOR_Init	136	static,ignoring_inline_asm
D:/Govind_WorkSpace/Github_Workspace/eSTAR_InstrumentCluster/eStar_Cluster_Demo/Drivers/BSP/STM32H735G-DK/stm32h735g_discovery_ospi.c:1112:26:MX_OSPI_RAM_Init	32	static
D:/Govind_WorkSpace/Github_Workspace/eSTAR_InstrumentCluster/eStar_Cluster_Demo/Drivers/BSP/STM32H735G-DK/stm32h735g_discovery_ospi.c:1229:9:BSP_OSPI_RAM_Read	8	static
D:/Govind_WorkSpace/Github_Workspace/eSTAR_InstrumentCluster/eStar_Cluster_Demo/Drivers/BSP/STM32H735G-DK/stm32h735g_discovery_ospi.c:1262:9:BSP_OSPI_RAM_Read_DMA	8	static
D:/Govind_WorkSpace/Github_Workspace/eSTAR_InstrumentCluster/eStar_Cluster_Demo/Drivers/BSP/STM32H735G-DK/stm32h735g_discovery_ospi.c:1295:9:BSP_OSPI_RAM_Write	8	static
D:/Govind_WorkSpace/Github_Workspace/eSTAR_InstrumentCluster/eStar_Cluster_Demo/Drivers/BSP/STM32H735G-DK/stm32h735g_discovery_ospi.c:1328:9:BSP_OSPI_RAM_Write_DMA	8	static
D:/Govind_WorkSpace/Github_Workspace/eSTAR_InstrumentCluster/eStar_Cluster_Demo/Drivers/BSP/STM32H735G-DK/stm32h735g_discovery_ospi.c:1358:9:BSP_OSPI_RAM_EnableMemoryMappedMode	8	static
D:/Govind_WorkSpace/Github_Workspace/eSTAR_InstrumentCluster/eStar_Cluster_Demo/Drivers/BSP/STM32H735G-DK/stm32h735g_discovery_ospi.c:1389:9:BSP_OSPI_RAM_DisableMemoryMappedMode	8	static
D:/Govind_WorkSpace/Github_Workspace/eSTAR_InstrumentCluster/eStar_Cluster_Demo/Drivers/BSP/STM32H735G-DK/stm32h735g_discovery_ospi.c:1031:9:BSP_OSPI_RAM_DeInit	8	static
D:/Govind_WorkSpace/Github_Workspace/eSTAR_InstrumentCluster/eStar_Cluster_Demo/Drivers/BSP/STM32H735G-DK/stm32h735g_discovery_ospi.c:1430:9:BSP_OSPI_RAM_ConfigHyperRAM	48	static
D:/Govind_WorkSpace/Github_Workspace/eSTAR_InstrumentCluster/eStar_Cluster_Demo/Drivers/BSP/STM32H735G-DK/stm32h735g_discovery_ospi.c:962:9:BSP_OSPI_RAM_Init	104	static,ignoring_inline_asm
D:/Govind_WorkSpace/Github_Workspace/eSTAR_InstrumentCluster/eStar_Cluster_Demo/Drivers/BSP/STM32H735G-DK/stm32h735g_discovery_ospi.c:1567:6:BSP_OSPI_RAM_DMA_IRQHandler	0	static
D:/Govind_WorkSpace/Github_Workspace/eSTAR_InstrumentCluster/eStar_Cluster_Demo/Drivers/BSP/STM32H735G-DK/stm32h735g_discovery_ospi.c:1577:6:BSP_OSPI_RAM_IRQHandler	0	static
