../Application/User/Core/src/App/CAN_App/CAN_App.c:78:6:VCAN_Init	16	static
../Application/User/Core/src/App/CAN_App/CAN_App.c:127:6:HAL_FDCAN_RxFifo0Callback	16	static
../Application/User/Core/src/App/CAN_App/CAN_App.c:182:6:HAL_FDCAN_TimeoutOccurredCallback	8	static
../Application/User/Core/src/App/CAN_App/CAN_App.c:218:6:vCANTransmit	0	static
../Application/User/Core/src/App/CAN_App/CAN_App.c:229:6:xGet_CANBusOff_Status	8	static
../Application/User/Core/src/App/CAN_App/CAN_App.c:237:17:Get_SignalStatus	0	static
../Application/User/Core/src/App/CAN_App/CAN_App.c:242:6:Get_TimeoutStatus	0	static
