../Application/User/Core/AppTask.c:451:6:StartDefaultTask	8	static
../Application/User/Core/AppTask.c:494:6:WDG_SRVC_Task	8	static
../Application/User/Core/AppTask.c:538:6:DigitalDebounce_Task	24	static
../Application/User/Core/AppTask.c:576:6:State_Machine_Task	24	static
../Application/User/Core/AppTask.c:610:6:Analog_Debounce_Task	24	static
../Application/User/Core/AppTask.c:655:6:FuelGuageTask	24	static
../Application/User/Core/AppTask.c:693:6:Odo_Task	24	static
../Application/User/Core/AppTask.c:727:6:Speedo_Task	24	static
../Application/User/Core/AppTask.c:761:6:Tacho_Task	24	static
../Application/User/Core/AppTask.c:794:6:SwitchHandlerTask	24	static
../Application/User/Core/AppTask.c:830:6:GetClockTask	24	static
../Application/User/Core/AppTask.c:865:6:CAN_Task	24	static
../Application/User/Core/AppTask.c:898:6:IndicatorsApp_Task	24	static
../Application/User/Core/AppTask.c:933:6:ServiceIndicatorApp_Task	24	static
../Application/User/Core/AppTask.c:966:6:DriverInfoApp_Task	24	static
../Application/User/Core/AppTask.c:296:1:__io_putchar	16	static
../Application/User/Core/AppTask.c:349:6:vCreate_LowPowerMode_Tasks	8	static
../Application/User/Core/AppTask.c:384:6:vCreate_ActiveMode_Tasks	8	static
../Application/User/Core/AppTask.c:337:6:vCreate_AllTasks	8	static
../Application/User/Core/AppTask.c:415:6:vDelete_ActiveMode_Tasks	64	static
../Application/User/Core/AppTask.c:1010:6:HAL_TIM_PeriodElapsedCallback	0	static
../Application/User/Core/AppTask.c:1027:6:Error_Handler	0	static
