D:/estar_GIT/eSTAR_InstrumentCluster/eStar_Cluster_Demo/Core/Src/main.c:2662:6:execTimeFault_cb1	0	static
D:/estar_GIT/eSTAR_InstrumentCluster/eStar_Cluster_Demo/Core/Src/main.c:2689:6:vTask_demo1PeriodicityCheckErrorHook01	0	static
D:/estar_GIT/eSTAR_InstrumentCluster/eStar_Cluster_Demo/Core/Src/main.c:2602:6:StartDefaultTask	8	static
D:/estar_GIT/eSTAR_InstrumentCluster/eStar_Cluster_Demo/Core/Src/main.c:2636:6:WDG_SRVC_Task	8	static
D:/estar_GIT/eSTAR_InstrumentCluster/eStar_Cluster_Demo/Core/Src/main.c:2731:6:DigitalDebounce_Task	16	static
D:/estar_GIT/eSTAR_InstrumentCluster/eStar_Cluster_Demo/Core/Src/main.c:2832:6:State_Machine_Task	16	static
D:/estar_GIT/eSTAR_InstrumentCluster/eStar_Cluster_Demo/Core/Src/main.c:2930:6:Analog_Debounce_Task	16	static
D:/estar_GIT/eSTAR_InstrumentCluster/eStar_Cluster_Demo/Core/Src/main.c:3038:6:FuelGuageTask	16	static
D:/estar_GIT/eSTAR_InstrumentCluster/eStar_Cluster_Demo/Core/Src/main.c:3139:6:Odo_Task	16	static
D:/estar_GIT/eSTAR_InstrumentCluster/eStar_Cluster_Demo/Core/Src/main.c:3237:6:Speedo_Task	16	static
D:/estar_GIT/eSTAR_InstrumentCluster/eStar_Cluster_Demo/Core/Src/main.c:3334:6:Tacho_Task	16	static
D:/estar_GIT/eSTAR_InstrumentCluster/eStar_Cluster_Demo/Core/Src/main.c:3431:6:SwitchHandlerTask	16	static
D:/estar_GIT/eSTAR_InstrumentCluster/eStar_Cluster_Demo/Core/Src/main.c:3531:6:GetClockTask	16	static
D:/estar_GIT/eSTAR_InstrumentCluster/eStar_Cluster_Demo/Core/Src/main.c:3629:6:CAN_Task	16	static
D:/estar_GIT/eSTAR_InstrumentCluster/eStar_Cluster_Demo/Core/Src/main.c:3726:6:IndicatorsApp_Task	16	static
D:/estar_GIT/eSTAR_InstrumentCluster/eStar_Cluster_Demo/Core/Src/main.c:3825:6:ServiceIndicatorApp_Task	16	static
D:/estar_GIT/eSTAR_InstrumentCluster/eStar_Cluster_Demo/Core/Src/main.c:3922:6:DriverInfoApp_Task	16	static
D:/estar_GIT/eSTAR_InstrumentCluster/eStar_Cluster_Demo/Core/Src/main.c:3971:6:DeadLockTask	8	static
D:/estar_GIT/eSTAR_InstrumentCluster/eStar_Cluster_Demo/Core/Src/main.c:2689:6:vTask_demo1PeriodicityCheckErrorHook01.constprop	0	static
D:/estar_GIT/eSTAR_InstrumentCluster/eStar_Cluster_Demo/Core/Src/main.c:3879:6:vTask_demo1PeriodicityCheckErrorHook13	0	static
D:/estar_GIT/eSTAR_InstrumentCluster/eStar_Cluster_Demo/Core/Src/main.c:3782:6:vTask_demo1PeriodicityCheckErrorHook12	0	static
D:/estar_GIT/eSTAR_InstrumentCluster/eStar_Cluster_Demo/Core/Src/main.c:3388:6:vTask_demo1PeriodicityCheckErrorHook08	0	static
D:/estar_GIT/eSTAR_InstrumentCluster/eStar_Cluster_Demo/Core/Src/main.c:3194:6:vTask_demo1PeriodicityCheckErrorHook06	0	static
D:/estar_GIT/eSTAR_InstrumentCluster/eStar_Cluster_Demo/Core/Src/main.c:3097:6:vTask_demo1PeriodicityCheckErrorHook05	0	static
D:/estar_GIT/eSTAR_InstrumentCluster/eStar_Cluster_Demo/Core/Src/main.c:2996:6:vTask_demo1PeriodicityCheckErrorHook04	0	static
D:/estar_GIT/eSTAR_InstrumentCluster/eStar_Cluster_Demo/Core/Src/main.c:2888:6:vTask_demo1PeriodicityCheckErrorHook03	0	static
D:/estar_GIT/eSTAR_InstrumentCluster/eStar_Cluster_Demo/Core/Src/main.c:3852:6:execTimeFault_cb13	0	static
D:/estar_GIT/eSTAR_InstrumentCluster/eStar_Cluster_Demo/Core/Src/main.c:3903:6:SwitchErrorHook13	0	static
D:/estar_GIT/eSTAR_InstrumentCluster/eStar_Cluster_Demo/Core/Src/main.c:3952:6:SwitchErrorHook14	0	static
D:/estar_GIT/eSTAR_InstrumentCluster/eStar_Cluster_Demo/Core/Src/main.c:2712:6:SwitchErrorHook1	0	static
D:/estar_GIT/eSTAR_InstrumentCluster/eStar_Cluster_Demo/Core/Src/main.c:2763:6:execTimeFault_cb2	0	static
D:/estar_GIT/eSTAR_InstrumentCluster/eStar_Cluster_Demo/Core/Src/main.c:2813:6:SwitchErrorHook2	0	static
D:/estar_GIT/eSTAR_InstrumentCluster/eStar_Cluster_Demo/Core/Src/main.c:2861:6:execTimeFault_cb3	0	static
D:/estar_GIT/eSTAR_InstrumentCluster/eStar_Cluster_Demo/Core/Src/main.c:2911:6:SwitchErrorHook3	0	static
D:/estar_GIT/eSTAR_InstrumentCluster/eStar_Cluster_Demo/Core/Src/main.c:2969:6:execTimeFault_cb4	0	static
D:/estar_GIT/eSTAR_InstrumentCluster/eStar_Cluster_Demo/Core/Src/main.c:3019:6:SwitchErrorHook4	0	static
D:/estar_GIT/eSTAR_InstrumentCluster/eStar_Cluster_Demo/Core/Src/main.c:3070:6:execTimeFault_cb5	0	static
D:/estar_GIT/eSTAR_InstrumentCluster/eStar_Cluster_Demo/Core/Src/main.c:3120:6:SwitchErrorHook5	0	static
D:/estar_GIT/eSTAR_InstrumentCluster/eStar_Cluster_Demo/Core/Src/main.c:3167:6:execTimeFault_cb6	0	static
D:/estar_GIT/eSTAR_InstrumentCluster/eStar_Cluster_Demo/Core/Src/main.c:3217:6:SwitchErrorHook6	0	static
D:/estar_GIT/eSTAR_InstrumentCluster/eStar_Cluster_Demo/Core/Src/main.c:3265:6:execTimeFault_cb7	0	static
D:/estar_GIT/eSTAR_InstrumentCluster/eStar_Cluster_Demo/Core/Src/main.c:3315:6:SwitchErrorHook7	0	static
D:/estar_GIT/eSTAR_InstrumentCluster/eStar_Cluster_Demo/Core/Src/main.c:3361:6:execTimeFault_cb8	0	static
D:/estar_GIT/eSTAR_InstrumentCluster/eStar_Cluster_Demo/Core/Src/main.c:3412:6:SwitchErrorHook8	0	static
D:/estar_GIT/eSTAR_InstrumentCluster/eStar_Cluster_Demo/Core/Src/main.c:3461:6:execTimeFault_cb9	0	static
D:/estar_GIT/eSTAR_InstrumentCluster/eStar_Cluster_Demo/Core/Src/main.c:3512:6:SwitchErrorHook9	0	static
D:/estar_GIT/eSTAR_InstrumentCluster/eStar_Cluster_Demo/Core/Src/main.c:3559:6:execTimeFault_cb10	0	static
D:/estar_GIT/eSTAR_InstrumentCluster/eStar_Cluster_Demo/Core/Src/main.c:3610:6:SwitchErrorHook10	0	static
D:/estar_GIT/eSTAR_InstrumentCluster/eStar_Cluster_Demo/Core/Src/main.c:3656:6:execTimeFault_cb11	0	static
D:/estar_GIT/eSTAR_InstrumentCluster/eStar_Cluster_Demo/Core/Src/main.c:3707:6:SwitchErrorHook11	0	static
D:/estar_GIT/eSTAR_InstrumentCluster/eStar_Cluster_Demo/Core/Src/main.c:3755:6:execTimeFault_cb12	0	static
D:/estar_GIT/eSTAR_InstrumentCluster/eStar_Cluster_Demo/Core/Src/main.c:3806:6:SwitchErrorHook12	0	static
D:/estar_GIT/eSTAR_InstrumentCluster/eStar_Cluster_Demo/Core/Src/main.c:329:1:__io_putchar	16	static
D:/estar_GIT/eSTAR_InstrumentCluster/eStar_Cluster_Demo/Core/Src/main.c:693:6:SystemClock_Config	120	static
D:/estar_GIT/eSTAR_InstrumentCluster/eStar_Cluster_Demo/Core/Src/main.c:759:6:PeriphCommonClock_Config	192	static
D:/estar_GIT/eSTAR_InstrumentCluster/eStar_Cluster_Demo/Core/Src/main.c:504:5:main	144	static,ignoring_inline_asm
D:/estar_GIT/eSTAR_InstrumentCluster/eStar_Cluster_Demo/Core/Src/main.c:1676:13:SYSCLKConfig_STOP	128	static
D:/estar_GIT/eSTAR_InstrumentCluster/eStar_Cluster_Demo/Core/Src/main.c:1712:6:HAL_RTCEx_WakeUpTimerEventCallback	8	static
D:/estar_GIT/eSTAR_InstrumentCluster/eStar_Cluster_Demo/Core/Src/main.c:1727:6:HAL_GPIO_EXTI_Callback	8	static
D:/estar_GIT/eSTAR_InstrumentCluster/eStar_Cluster_Demo/Core/Src/main.c:1750:6:Disp_imgDataHyperRAM_Init	40	static
D:/estar_GIT/eSTAR_InstrumentCluster/eStar_Cluster_Demo/Core/Src/main.c:2564:6:vApplicationStackUsageLimit	0	static
D:/estar_GIT/eSTAR_InstrumentCluster/eStar_Cluster_Demo/Core/Src/main.c:2585:6:vMaxTaskRegisteredCallback	0	static
D:/estar_GIT/eSTAR_InstrumentCluster/eStar_Cluster_Demo/Core/Src/main.c:2790:6:vTask_demo1PeriodicityCheckErrorHook02	0	static
D:/estar_GIT/eSTAR_InstrumentCluster/eStar_Cluster_Demo/Core/Src/main.c:3292:6:vTask_demo1PeriodicityCheckErrorHook07	0	static
D:/estar_GIT/eSTAR_InstrumentCluster/eStar_Cluster_Demo/Core/Src/main.c:3488:6:vTask_demo1PeriodicityCheckErrorHook09	0	static
D:/estar_GIT/eSTAR_InstrumentCluster/eStar_Cluster_Demo/Core/Src/main.c:3586:6:vTask_demo1PeriodicityCheckErrorHook10	0	static
D:/estar_GIT/eSTAR_InstrumentCluster/eStar_Cluster_Demo/Core/Src/main.c:3683:6:vTask_demo1PeriodicityCheckErrorHook11	0	static
D:/estar_GIT/eSTAR_InstrumentCluster/eStar_Cluster_Demo/Core/Src/main.c:4053:6:HAL_TIM_PeriodElapsedCallback	0	static
D:/estar_GIT/eSTAR_InstrumentCluster/eStar_Cluster_Demo/Core/Src/main.c:4070:6:Error_Handler	0	static
