D:/GITWORKAREA/eSTAR_InstrumentCluster/eStar_Cluster_Demo/Core/Src/main.c:1416:6:StartDefaultTask	8	static
D:/GITWORKAREA/eSTAR_InstrumentCluster/eStar_Cluster_Demo/Core/Src/main.c:1446:6:WDG_SRVC_Task	8	static
D:/GITWORKAREA/eSTAR_InstrumentCluster/eStar_Cluster_Demo/Core/Src/main.c:1470:6:DigitalDebounce_Task	8	static
D:/GITWORKAREA/eSTAR_InstrumentCluster/eStar_Cluster_Demo/Core/Src/main.c:1490:6:State_Machine_Task	8	static
D:/GITWORKAREA/eSTAR_InstrumentCluster/eStar_Cluster_Demo/Core/Src/main.c:1510:6:Analog_Debounce_Task	16	static
D:/GITWORKAREA/eSTAR_InstrumentCluster/eStar_Cluster_Demo/Core/Src/main.c:1539:6:FuelGuageTask	8	static
D:/GITWORKAREA/eSTAR_InstrumentCluster/eStar_Cluster_Demo/Core/Src/main.c:1562:6:Odo_Task	8	static
D:/GITWORKAREA/eSTAR_InstrumentCluster/eStar_Cluster_Demo/Core/Src/main.c:1581:6:Speedo_Task	8	static
D:/GITWORKAREA/eSTAR_InstrumentCluster/eStar_Cluster_Demo/Core/Src/main.c:1600:6:Tacho_Task	8	static
D:/GITWORKAREA/eSTAR_InstrumentCluster/eStar_Cluster_Demo/Core/Src/main.c:1619:6:SwitchHandlerTask	8	static
D:/GITWORKAREA/eSTAR_InstrumentCluster/eStar_Cluster_Demo/Core/Src/main.c:1640:6:GetClockTask	8	static
D:/GITWORKAREA/eSTAR_InstrumentCluster/eStar_Cluster_Demo/Core/Src/main.c:247:1:__io_putchar	16	static
D:/GITWORKAREA/eSTAR_InstrumentCluster/eStar_Cluster_Demo/Core/Src/main.c:465:6:SystemClock_Config	120	static
D:/GITWORKAREA/eSTAR_InstrumentCluster/eStar_Cluster_Demo/Core/Src/main.c:531:6:PeriphCommonClock_Config	192	static
D:/GITWORKAREA/eSTAR_InstrumentCluster/eStar_Cluster_Demo/Core/Src/main.c:305:5:main	144	static,ignoring_inline_asm
D:/GITWORKAREA/eSTAR_InstrumentCluster/eStar_Cluster_Demo/Core/Src/main.c:1380:6:HAL_RTCEx_WakeUpTimerEventCallback	128	static
D:/GITWORKAREA/eSTAR_InstrumentCluster/eStar_Cluster_Demo/Core/Src/main.c:1393:6:HAL_GPIO_EXTI_Callback	8	static
D:/GITWORKAREA/eSTAR_InstrumentCluster/eStar_Cluster_Demo/Core/Src/main.c:1690:6:HAL_TIM_PeriodElapsedCallback	0	static
D:/GITWORKAREA/eSTAR_InstrumentCluster/eStar_Cluster_Demo/Core/Src/main.c:1707:6:Error_Handler	0	static
