D:/GitWork_Areas/eSTAR_InstrumentCluster/eStar_Cluster_Demo/Core/Src/main.c:1522:6:StartDefaultTask	8	static
D:/GitWork_Areas/eSTAR_InstrumentCluster/eStar_Cluster_Demo/Core/Src/main.c:1766:6:CAN_Task	8	static
D:/GitWork_Areas/eSTAR_InstrumentCluster/eStar_Cluster_Demo/Core/Src/main.c:1552:6:WDG_SRVC_Task	8	static
D:/GitWork_Areas/eSTAR_InstrumentCluster/eStar_Cluster_Demo/Core/Src/main.c:1576:6:DigitalDebounce_Task	8	static
D:/GitWork_Areas/eSTAR_InstrumentCluster/eStar_Cluster_Demo/Core/Src/main.c:1596:6:State_Machine_Task	8	static
D:/GitWork_Areas/eSTAR_InstrumentCluster/eStar_Cluster_Demo/Core/Src/main.c:1616:6:Analog_Debounce_Task	16	static
D:/GitWork_Areas/eSTAR_InstrumentCluster/eStar_Cluster_Demo/Core/Src/main.c:1645:6:FuelGuageTask	8	static
D:/GitWork_Areas/eSTAR_InstrumentCluster/eStar_Cluster_Demo/Core/Src/main.c:1668:6:Odo_Task	8	static
D:/GitWork_Areas/eSTAR_InstrumentCluster/eStar_Cluster_Demo/Core/Src/main.c:1687:6:Speedo_Task	8	static
D:/GitWork_Areas/eSTAR_InstrumentCluster/eStar_Cluster_Demo/Core/Src/main.c:1706:6:Tacho_Task	8	static
D:/GitWork_Areas/eSTAR_InstrumentCluster/eStar_Cluster_Demo/Core/Src/main.c:1725:6:SwitchHandlerTask	8	static
D:/GitWork_Areas/eSTAR_InstrumentCluster/eStar_Cluster_Demo/Core/Src/main.c:1746:6:GetClockTask	8	static
D:/GitWork_Areas/eSTAR_InstrumentCluster/eStar_Cluster_Demo/Core/Src/main.c:1786:6:ServiceIndicatorsApp_Task	8	static
D:/GitWork_Areas/eSTAR_InstrumentCluster/eStar_Cluster_Demo/Core/Src/main.c:1805:6:IndicatorApp_Task	8	static
D:/GitWork_Areas/eSTAR_InstrumentCluster/eStar_Cluster_Demo/Core/Src/main.c:291:1:__io_putchar	16	static
D:/GitWork_Areas/eSTAR_InstrumentCluster/eStar_Cluster_Demo/Core/Src/main.c:526:6:SystemClock_Config	120	static
D:/GitWork_Areas/eSTAR_InstrumentCluster/eStar_Cluster_Demo/Core/Src/main.c:592:6:PeriphCommonClock_Config	192	static
D:/GitWork_Areas/eSTAR_InstrumentCluster/eStar_Cluster_Demo/Core/Src/main.c:353:5:main	144	static,ignoring_inline_asm
D:/GitWork_Areas/eSTAR_InstrumentCluster/eStar_Cluster_Demo/Core/Src/main.c:1486:6:HAL_RTCEx_WakeUpTimerEventCallback	128	static
D:/GitWork_Areas/eSTAR_InstrumentCluster/eStar_Cluster_Demo/Core/Src/main.c:1499:6:HAL_GPIO_EXTI_Callback	8	static
D:/GitWork_Areas/eSTAR_InstrumentCluster/eStar_Cluster_Demo/Core/Src/main.c:1854:6:HAL_TIM_PeriodElapsedCallback	0	static
D:/GitWork_Areas/eSTAR_InstrumentCluster/eStar_Cluster_Demo/Core/Src/main.c:1871:6:Error_Handler	0	static
