D:/Git_Workspace/eSTAR_InstrumentCluster/eStar_Cluster_Demo/Core/Src/main.c:1118:6:StartDefaultTask	8	static
D:/Git_Workspace/eSTAR_InstrumentCluster/eStar_Cluster_Demo/Core/Src/main.c:1137:6:WDG_SRVC_Task	16	static
D:/Git_Workspace/eSTAR_InstrumentCluster/eStar_Cluster_Demo/Core/Src/main.c:1163:6:DigitalDebounce_Task	8	static
D:/Git_Workspace/eSTAR_InstrumentCluster/eStar_Cluster_Demo/Core/Src/main.c:1185:6:State_Machine	8	static
D:/Git_Workspace/eSTAR_InstrumentCluster/eStar_Cluster_Demo/Core/Src/main.c:150:1:__io_putchar	16	static
D:/Git_Workspace/eSTAR_InstrumentCluster/eStar_Cluster_Demo/Core/Src/main.c:317:6:SystemClock_Config	120	static
D:/Git_Workspace/eSTAR_InstrumentCluster/eStar_Cluster_Demo/Core/Src/main.c:376:6:PeriphCommonClock_Config	192	static
D:/Git_Workspace/eSTAR_InstrumentCluster/eStar_Cluster_Demo/Core/Src/main.c:196:5:main	144	static,ignoring_inline_asm
D:/Git_Workspace/eSTAR_InstrumentCluster/eStar_Cluster_Demo/Core/Src/main.c:1237:6:HAL_TIM_PeriodElapsedCallback	0	static
D:/Git_Workspace/eSTAR_InstrumentCluster/eStar_Cluster_Demo/Core/Src/main.c:1254:6:Error_Handler	0	static
