D:/GIT_WorkAreas/eSTAR_InstrumentCluster/eStar_Cluster_Demo/Core/Src/main.c:2271:6:StartDefaultTask	8	static
D:/GIT_WorkAreas/eSTAR_InstrumentCluster/eStar_Cluster_Demo/Core/Src/main.c:2528:6:CAN_Task	8	static
D:/GIT_WorkAreas/eSTAR_InstrumentCluster/eStar_Cluster_Demo/Core/Src/main.c:2329:6:DigitalDebounce_Task	8	static
D:/GIT_WorkAreas/eSTAR_InstrumentCluster/eStar_Cluster_Demo/Core/Src/main.c:2354:6:State_Machine_Task	8	static
D:/GIT_WorkAreas/eSTAR_InstrumentCluster/eStar_Cluster_Demo/Core/Src/main.c:2376:6:Analog_Debounce_Task	8	static
D:/GIT_WorkAreas/eSTAR_InstrumentCluster/eStar_Cluster_Demo/Core/Src/main.c:2406:6:FuelGuageTask	8	static
D:/GIT_WorkAreas/eSTAR_InstrumentCluster/eStar_Cluster_Demo/Core/Src/main.c:2429:6:Odo_Task	8	static
D:/GIT_WorkAreas/eSTAR_InstrumentCluster/eStar_Cluster_Demo/Core/Src/main.c:2449:6:Speedo_Task	8	static
D:/GIT_WorkAreas/eSTAR_InstrumentCluster/eStar_Cluster_Demo/Core/Src/main.c:2468:6:Tacho_Task	8	static
D:/GIT_WorkAreas/eSTAR_InstrumentCluster/eStar_Cluster_Demo/Core/Src/main.c:2487:6:SwitchHandlerTask	8	static
D:/GIT_WorkAreas/eSTAR_InstrumentCluster/eStar_Cluster_Demo/Core/Src/main.c:2508:6:GetClockTask	8	static
D:/GIT_WorkAreas/eSTAR_InstrumentCluster/eStar_Cluster_Demo/Core/Src/main.c:2548:6:IndicatorsApp_Task	8	static
D:/GIT_WorkAreas/eSTAR_InstrumentCluster/eStar_Cluster_Demo/Core/Src/main.c:2575:6:ServiceIndicatorApp_Task	8	static
D:/GIT_WorkAreas/eSTAR_InstrumentCluster/eStar_Cluster_Demo/Core/Src/main.c:2594:6:DriverInfoApp_Task	8	static
D:/GIT_WorkAreas/eSTAR_InstrumentCluster/eStar_Cluster_Demo/Core/Src/main.c:311:1:__io_putchar	16	static
D:/GIT_WorkAreas/eSTAR_InstrumentCluster/eStar_Cluster_Demo/Core/Src/main.c:666:6:SystemClock_Config	120	static
D:/GIT_WorkAreas/eSTAR_InstrumentCluster/eStar_Cluster_Demo/Core/Src/main.c:732:6:PeriphCommonClock_Config	192	static
D:/GIT_WorkAreas/eSTAR_InstrumentCluster/eStar_Cluster_Demo/Core/Src/main.c:484:5:main	144	static,ignoring_inline_asm
D:/GIT_WorkAreas/eSTAR_InstrumentCluster/eStar_Cluster_Demo/Core/Src/main.c:1636:6:HAL_RTCEx_WakeUpTimerEventCallback	128	static
D:/GIT_WorkAreas/eSTAR_InstrumentCluster/eStar_Cluster_Demo/Core/Src/main.c:1649:6:HAL_GPIO_EXTI_Callback	8	static
D:/GIT_WorkAreas/eSTAR_InstrumentCluster/eStar_Cluster_Demo/Core/Src/main.c:1668:6:Disp_imgDataHyperRAM_Init	8	static
D:/GIT_WorkAreas/eSTAR_InstrumentCluster/eStar_Cluster_Demo/Core/Src/main.c:2304:6:WDG_SRVC_Task	8	static
D:/GIT_WorkAreas/eSTAR_InstrumentCluster/eStar_Cluster_Demo/Core/Src/main.c:2674:6:HAL_TIM_PeriodElapsedCallback	0	static
D:/GIT_WorkAreas/eSTAR_InstrumentCluster/eStar_Cluster_Demo/Core/Src/main.c:2691:6:Error_Handler	0	static
