E:/GitProjects/eSTAR_InstrumentCluster/eStar_Cluster_Demo/Core/Src/main.c:1521:6:StartDefaultTask	8	static
E:/GitProjects/eSTAR_InstrumentCluster/eStar_Cluster_Demo/Core/Src/main.c:1776:6:CAN_Task	8	static
E:/GitProjects/eSTAR_InstrumentCluster/eStar_Cluster_Demo/Core/Src/main.c:1554:6:WDG_SRVC_Task	8	static
E:/GitProjects/eSTAR_InstrumentCluster/eStar_Cluster_Demo/Core/Src/main.c:1579:6:DigitalDebounce_Task	8	static
E:/GitProjects/eSTAR_InstrumentCluster/eStar_Cluster_Demo/Core/Src/main.c:1604:6:State_Machine_Task	8	static
E:/GitProjects/eSTAR_InstrumentCluster/eStar_Cluster_Demo/Core/Src/main.c:1626:6:Analog_Debounce_Task	16	static
E:/GitProjects/eSTAR_InstrumentCluster/eStar_Cluster_Demo/Core/Src/main.c:1655:6:FuelGuageTask	8	static
E:/GitProjects/eSTAR_InstrumentCluster/eStar_Cluster_Demo/Core/Src/main.c:1678:6:Odo_Task	8	static
E:/GitProjects/eSTAR_InstrumentCluster/eStar_Cluster_Demo/Core/Src/main.c:1697:6:Speedo_Task	8	static
E:/GitProjects/eSTAR_InstrumentCluster/eStar_Cluster_Demo/Core/Src/main.c:1716:6:Tacho_Task	8	static
E:/GitProjects/eSTAR_InstrumentCluster/eStar_Cluster_Demo/Core/Src/main.c:1735:6:SwitchHandlerTask	8	static
E:/GitProjects/eSTAR_InstrumentCluster/eStar_Cluster_Demo/Core/Src/main.c:1756:6:GetClockTask	8	static
E:/GitProjects/eSTAR_InstrumentCluster/eStar_Cluster_Demo/Core/Src/main.c:1796:6:IndicatorsApp_Task	8	static
E:/GitProjects/eSTAR_InstrumentCluster/eStar_Cluster_Demo/Core/Src/main.c:281:1:__io_putchar	16	static
E:/GitProjects/eSTAR_InstrumentCluster/eStar_Cluster_Demo/Core/Src/main.c:515:6:SystemClock_Config	120	static
E:/GitProjects/eSTAR_InstrumentCluster/eStar_Cluster_Demo/Core/Src/main.c:581:6:PeriphCommonClock_Config	192	static
E:/GitProjects/eSTAR_InstrumentCluster/eStar_Cluster_Demo/Core/Src/main.c:342:5:main	144	static,ignoring_inline_asm
E:/GitProjects/eSTAR_InstrumentCluster/eStar_Cluster_Demo/Core/Src/main.c:1485:6:HAL_RTCEx_WakeUpTimerEventCallback	128	static
E:/GitProjects/eSTAR_InstrumentCluster/eStar_Cluster_Demo/Core/Src/main.c:1498:6:HAL_GPIO_EXTI_Callback	8	static
E:/GitProjects/eSTAR_InstrumentCluster/eStar_Cluster_Demo/Core/Src/main.c:1853:6:HAL_TIM_PeriodElapsedCallback	0	static
E:/GitProjects/eSTAR_InstrumentCluster/eStar_Cluster_Demo/Core/Src/main.c:1870:6:Error_Handler	0	static
