D:/GitWork_Areas/eSTAR_InstrumentCluster/eStar_Cluster_Demo/Core/Src/main.c:1720:6:execTimeFault_cb1	0	static
D:/GitWork_Areas/eSTAR_InstrumentCluster/eStar_Cluster_Demo/Core/Src/main.c:1812:6:execTimeFault_cb2	0	static
D:/GitWork_Areas/eSTAR_InstrumentCluster/eStar_Cluster_Demo/Core/Src/main.c:1904:6:execTimeFault_cb3	0	static
D:/GitWork_Areas/eSTAR_InstrumentCluster/eStar_Cluster_Demo/Core/Src/main.c:2003:6:execTimeFault_cb4	0	static
D:/GitWork_Areas/eSTAR_InstrumentCluster/eStar_Cluster_Demo/Core/Src/main.c:2028:6:vTask_demo1PeriodicityCheckErrorHook04	8	static
D:/GitWork_Areas/eSTAR_InstrumentCluster/eStar_Cluster_Demo/Core/Src/main.c:2099:6:execTimeFault_cb5	0	static
D:/GitWork_Areas/eSTAR_InstrumentCluster/eStar_Cluster_Demo/Core/Src/main.c:2189:6:execTimeFault_cb6	0	static
D:/GitWork_Areas/eSTAR_InstrumentCluster/eStar_Cluster_Demo/Core/Src/main.c:2279:6:execTimeFault_cb7	0	static
D:/GitWork_Areas/eSTAR_InstrumentCluster/eStar_Cluster_Demo/Core/Src/main.c:2369:6:execTimeFault_cb8	0	static
D:/GitWork_Areas/eSTAR_InstrumentCluster/eStar_Cluster_Demo/Core/Src/main.c:2462:6:execTimeFault_cb9	0	static
D:/GitWork_Areas/eSTAR_InstrumentCluster/eStar_Cluster_Demo/Core/Src/main.c:2554:6:execTimeFault_cb10	0	static
D:/GitWork_Areas/eSTAR_InstrumentCluster/eStar_Cluster_Demo/Core/Src/main.c:2646:6:execTimeFault_cb11	0	static
D:/GitWork_Areas/eSTAR_InstrumentCluster/eStar_Cluster_Demo/Core/Src/main.c:2741:6:execTimeFault_cb12	0	static
D:/GitWork_Areas/eSTAR_InstrumentCluster/eStar_Cluster_Demo/Core/Src/main.c:1745:6:vTask_demo1PeriodicityCheckErrorHook01	8	static
D:/GitWork_Areas/eSTAR_InstrumentCluster/eStar_Cluster_Demo/Core/Src/main.c:1766:6:SwitchErrorHook1	0	static
D:/GitWork_Areas/eSTAR_InstrumentCluster/eStar_Cluster_Demo/Core/Src/main.c:1837:6:vTask_demo1PeriodicityCheckErrorHook02	8	static
D:/GitWork_Areas/eSTAR_InstrumentCluster/eStar_Cluster_Demo/Core/Src/main.c:1858:6:SwitchErrorHook2	0	static
D:/GitWork_Areas/eSTAR_InstrumentCluster/eStar_Cluster_Demo/Core/Src/main.c:1929:6:vTask_demo1PeriodicityCheckErrorHook03	8	static
D:/GitWork_Areas/eSTAR_InstrumentCluster/eStar_Cluster_Demo/Core/Src/main.c:1950:6:SwitchErrorHook3	0	static
D:/GitWork_Areas/eSTAR_InstrumentCluster/eStar_Cluster_Demo/Core/Src/main.c:2049:6:SwitchErrorHook4	0	static
D:/GitWork_Areas/eSTAR_InstrumentCluster/eStar_Cluster_Demo/Core/Src/main.c:2124:6:vTask_demo1PeriodicityCheckErrorHook05	8	static
D:/GitWork_Areas/eSTAR_InstrumentCluster/eStar_Cluster_Demo/Core/Src/main.c:2145:6:SwitchErrorHook5	0	static
D:/GitWork_Areas/eSTAR_InstrumentCluster/eStar_Cluster_Demo/Core/Src/main.c:2214:6:vTask_demo1PeriodicityCheckErrorHook06	8	static
D:/GitWork_Areas/eSTAR_InstrumentCluster/eStar_Cluster_Demo/Core/Src/main.c:2235:6:SwitchErrorHook6	0	static
D:/GitWork_Areas/eSTAR_InstrumentCluster/eStar_Cluster_Demo/Core/Src/main.c:2304:6:vTask_demo1PeriodicityCheckErrorHook07	8	static
D:/GitWork_Areas/eSTAR_InstrumentCluster/eStar_Cluster_Demo/Core/Src/main.c:2325:6:SwitchErrorHook7	0	static
D:/GitWork_Areas/eSTAR_InstrumentCluster/eStar_Cluster_Demo/Core/Src/main.c:2394:6:vTask_demo1PeriodicityCheckErrorHook08	8	static
D:/GitWork_Areas/eSTAR_InstrumentCluster/eStar_Cluster_Demo/Core/Src/main.c:2416:6:SwitchErrorHook8	0	static
D:/GitWork_Areas/eSTAR_InstrumentCluster/eStar_Cluster_Demo/Core/Src/main.c:2487:6:vTask_demo1PeriodicityCheckErrorHook09	8	static
D:/GitWork_Areas/eSTAR_InstrumentCluster/eStar_Cluster_Demo/Core/Src/main.c:2509:6:SwitchErrorHook9	0	static
D:/GitWork_Areas/eSTAR_InstrumentCluster/eStar_Cluster_Demo/Core/Src/main.c:2579:6:vTask_demo1PeriodicityCheckErrorHook10	8	static
D:/GitWork_Areas/eSTAR_InstrumentCluster/eStar_Cluster_Demo/Core/Src/main.c:2601:6:SwitchErrorHook10	0	static
D:/GitWork_Areas/eSTAR_InstrumentCluster/eStar_Cluster_Demo/Core/Src/main.c:2671:6:vTask_demo1PeriodicityCheckErrorHook11	8	static
D:/GitWork_Areas/eSTAR_InstrumentCluster/eStar_Cluster_Demo/Core/Src/main.c:2693:6:SwitchErrorHook11	0	static
D:/GitWork_Areas/eSTAR_InstrumentCluster/eStar_Cluster_Demo/Core/Src/main.c:2766:6:vTask_demo1PeriodicityCheckErrorHook12	8	static
D:/GitWork_Areas/eSTAR_InstrumentCluster/eStar_Cluster_Demo/Core/Src/main.c:2788:6:SwitchErrorHook12	0	static
D:/GitWork_Areas/eSTAR_InstrumentCluster/eStar_Cluster_Demo/Core/Src/main.c:2832:6:SwitchErrorHook13	0	static
D:/GitWork_Areas/eSTAR_InstrumentCluster/eStar_Cluster_Demo/Core/Src/main.c:1662:6:StartDefaultTask	8	static
D:/GitWork_Areas/eSTAR_InstrumentCluster/eStar_Cluster_Demo/Core/Src/main.c:1696:6:WDG_SRVC_Task	8	static
D:/GitWork_Areas/eSTAR_InstrumentCluster/eStar_Cluster_Demo/Core/Src/main.c:1783:6:DigitalDebounce_Task	16	static
D:/GitWork_Areas/eSTAR_InstrumentCluster/eStar_Cluster_Demo/Core/Src/main.c:2618:6:CAN_Task	16	static
D:/GitWork_Areas/eSTAR_InstrumentCluster/eStar_Cluster_Demo/Core/Src/main.c:1875:6:State_Machine_Task	16	static
D:/GitWork_Areas/eSTAR_InstrumentCluster/eStar_Cluster_Demo/Core/Src/main.c:1967:6:Analog_Debounce_Task	16	static
D:/GitWork_Areas/eSTAR_InstrumentCluster/eStar_Cluster_Demo/Core/Src/main.c:2066:6:FuelGuageTask	16	static
D:/GitWork_Areas/eSTAR_InstrumentCluster/eStar_Cluster_Demo/Core/Src/main.c:2162:6:Odo_Task	16	static
D:/GitWork_Areas/eSTAR_InstrumentCluster/eStar_Cluster_Demo/Core/Src/main.c:2252:6:Speedo_Task	16	static
D:/GitWork_Areas/eSTAR_InstrumentCluster/eStar_Cluster_Demo/Core/Src/main.c:2342:6:Tacho_Task	16	static
D:/GitWork_Areas/eSTAR_InstrumentCluster/eStar_Cluster_Demo/Core/Src/main.c:2433:6:SwitchHandlerTask	16	static
D:/GitWork_Areas/eSTAR_InstrumentCluster/eStar_Cluster_Demo/Core/Src/main.c:2526:6:GetClockTask	16	static
D:/GitWork_Areas/eSTAR_InstrumentCluster/eStar_Cluster_Demo/Core/Src/main.c:2710:6:IndicatorsApp_Task	16	static
D:/GitWork_Areas/eSTAR_InstrumentCluster/eStar_Cluster_Demo/Core/Src/main.c:2805:6:ServiceIndicatorApp_Task	16	static
D:/GitWork_Areas/eSTAR_InstrumentCluster/eStar_Cluster_Demo/Core/Src/main.c:2849:6:DeadLockTest_Task	8	static
D:/GitWork_Areas/eSTAR_InstrumentCluster/eStar_Cluster_Demo/Core/Src/main.c:324:1:__io_putchar	16	static
D:/GitWork_Areas/eSTAR_InstrumentCluster/eStar_Cluster_Demo/Core/Src/main.c:572:6:SystemClock_Config	120	static
D:/GitWork_Areas/eSTAR_InstrumentCluster/eStar_Cluster_Demo/Core/Src/main.c:638:6:PeriphCommonClock_Config	192	static
D:/GitWork_Areas/eSTAR_InstrumentCluster/eStar_Cluster_Demo/Core/Src/main.c:388:5:main	144	static,ignoring_inline_asm
D:/GitWork_Areas/eSTAR_InstrumentCluster/eStar_Cluster_Demo/Core/Src/main.c:1591:6:HAL_RTCEx_WakeUpTimerEventCallback	128	static
D:/GitWork_Areas/eSTAR_InstrumentCluster/eStar_Cluster_Demo/Core/Src/main.c:1604:6:HAL_GPIO_EXTI_Callback	8	static
D:/GitWork_Areas/eSTAR_InstrumentCluster/eStar_Cluster_Demo/Core/Src/main.c:1626:6:vApplicationStackUsageLimit	0	static
D:/GitWork_Areas/eSTAR_InstrumentCluster/eStar_Cluster_Demo/Core/Src/main.c:1645:6:vMaxTaskRegisteredCallback	0	static
D:/GitWork_Areas/eSTAR_InstrumentCluster/eStar_Cluster_Demo/Core/Src/main.c:2901:6:HAL_TIM_PeriodElapsedCallback	0	static
D:/GitWork_Areas/eSTAR_InstrumentCluster/eStar_Cluster_Demo/Core/Src/main.c:2918:6:Error_Handler	0	static
