D:/GIT_WorkAreas/eSTAR_InstrumentCluster/eStar_Cluster_Demo/Core/Src/main.c:2683:6:vTask_demo1PeriodicityCheckErrorHook01	8	static
D:/GIT_WorkAreas/eSTAR_InstrumentCluster/eStar_Cluster_Demo/Core/Src/main.c:2704:6:SwitchErrorHook1	0	static
D:/GIT_WorkAreas/eSTAR_InstrumentCluster/eStar_Cluster_Demo/Core/Src/main.c:2799:6:SwitchErrorHook2	0	static
D:/GIT_WorkAreas/eSTAR_InstrumentCluster/eStar_Cluster_Demo/Core/Src/main.c:2870:6:vTask_demo1PeriodicityCheckErrorHook03	8	static
D:/GIT_WorkAreas/eSTAR_InstrumentCluster/eStar_Cluster_Demo/Core/Src/main.c:2891:6:SwitchErrorHook3	0	static
D:/GIT_WorkAreas/eSTAR_InstrumentCluster/eStar_Cluster_Demo/Core/Src/main.c:2993:6:SwitchErrorHook4	0	static
D:/GIT_WorkAreas/eSTAR_InstrumentCluster/eStar_Cluster_Demo/Core/Src/main.c:3067:6:vTask_demo1PeriodicityCheckErrorHook05	8	static
D:/GIT_WorkAreas/eSTAR_InstrumentCluster/eStar_Cluster_Demo/Core/Src/main.c:3088:6:SwitchErrorHook5	0	static
D:/GIT_WorkAreas/eSTAR_InstrumentCluster/eStar_Cluster_Demo/Core/Src/main.c:3158:6:vTask_demo1PeriodicityCheckErrorHook06	8	static
D:/GIT_WorkAreas/eSTAR_InstrumentCluster/eStar_Cluster_Demo/Core/Src/main.c:3179:6:SwitchErrorHook6	0	static
D:/GIT_WorkAreas/eSTAR_InstrumentCluster/eStar_Cluster_Demo/Core/Src/main.c:3271:6:SwitchErrorHook7	0	static
D:/GIT_WorkAreas/eSTAR_InstrumentCluster/eStar_Cluster_Demo/Core/Src/main.c:3362:6:SwitchErrorHook8	0	static
D:/GIT_WorkAreas/eSTAR_InstrumentCluster/eStar_Cluster_Demo/Core/Src/main.c:3456:6:SwitchErrorHook9	0	static
D:/GIT_WorkAreas/eSTAR_InstrumentCluster/eStar_Cluster_Demo/Core/Src/main.c:3548:6:SwitchErrorHook10	0	static
D:/GIT_WorkAreas/eSTAR_InstrumentCluster/eStar_Cluster_Demo/Core/Src/main.c:3640:6:SwitchErrorHook11	0	static
D:/GIT_WorkAreas/eSTAR_InstrumentCluster/eStar_Cluster_Demo/Core/Src/main.c:3733:6:SwitchErrorHook12	0	static
D:/GIT_WorkAreas/eSTAR_InstrumentCluster/eStar_Cluster_Demo/Core/Src/main.c:3824:6:SwitchErrorHook13	0	static
D:/GIT_WorkAreas/eSTAR_InstrumentCluster/eStar_Cluster_Demo/Core/Src/main.c:3868:6:SwitchErrorHook14	0	static
D:/GIT_WorkAreas/eSTAR_InstrumentCluster/eStar_Cluster_Demo/Core/Src/main.c:2598:6:StartDefaultTask	8	static
D:/GIT_WorkAreas/eSTAR_InstrumentCluster/eStar_Cluster_Demo/Core/Src/main.c:2658:6:execTimeFault_cb1	0	static
D:/GIT_WorkAreas/eSTAR_InstrumentCluster/eStar_Cluster_Demo/Core/Src/main.c:2753:6:execTimeFault_cb2	0	static
D:/GIT_WorkAreas/eSTAR_InstrumentCluster/eStar_Cluster_Demo/Core/Src/main.c:2845:6:execTimeFault_cb3	0	static
D:/GIT_WorkAreas/eSTAR_InstrumentCluster/eStar_Cluster_Demo/Core/Src/main.c:2947:6:execTimeFault_cb4	0	static
D:/GIT_WorkAreas/eSTAR_InstrumentCluster/eStar_Cluster_Demo/Core/Src/main.c:2972:6:vTask_demo1PeriodicityCheckErrorHook04	8	static
D:/GIT_WorkAreas/eSTAR_InstrumentCluster/eStar_Cluster_Demo/Core/Src/main.c:3042:6:execTimeFault_cb5	0	static
D:/GIT_WorkAreas/eSTAR_InstrumentCluster/eStar_Cluster_Demo/Core/Src/main.c:3133:6:execTimeFault_cb6	0	static
D:/GIT_WorkAreas/eSTAR_InstrumentCluster/eStar_Cluster_Demo/Core/Src/main.c:3225:6:execTimeFault_cb7	0	static
D:/GIT_WorkAreas/eSTAR_InstrumentCluster/eStar_Cluster_Demo/Core/Src/main.c:3315:6:execTimeFault_cb8	0	static
D:/GIT_WorkAreas/eSTAR_InstrumentCluster/eStar_Cluster_Demo/Core/Src/main.c:3409:6:execTimeFault_cb9	0	static
D:/GIT_WorkAreas/eSTAR_InstrumentCluster/eStar_Cluster_Demo/Core/Src/main.c:3501:6:execTimeFault_cb10	0	static
D:/GIT_WorkAreas/eSTAR_InstrumentCluster/eStar_Cluster_Demo/Core/Src/main.c:3593:6:execTimeFault_cb11	0	static
D:/GIT_WorkAreas/eSTAR_InstrumentCluster/eStar_Cluster_Demo/Core/Src/main.c:3777:6:execTimeFault_cb13	0	static
D:/GIT_WorkAreas/eSTAR_InstrumentCluster/eStar_Cluster_Demo/Core/Src/main.c:3885:6:DeadLockTask	8	static
D:/GIT_WorkAreas/eSTAR_InstrumentCluster/eStar_Cluster_Demo/Core/Src/main.c:2721:6:DigitalDebounce_Task	16	static
D:/GIT_WorkAreas/eSTAR_InstrumentCluster/eStar_Cluster_Demo/Core/Src/main.c:3565:6:CAN_Task	16	static
D:/GIT_WorkAreas/eSTAR_InstrumentCluster/eStar_Cluster_Demo/Core/Src/main.c:2816:6:State_Machine_Task	16	static
D:/GIT_WorkAreas/eSTAR_InstrumentCluster/eStar_Cluster_Demo/Core/Src/main.c:2908:6:Analog_Debounce_Task	16	static
D:/GIT_WorkAreas/eSTAR_InstrumentCluster/eStar_Cluster_Demo/Core/Src/main.c:3010:6:FuelGuageTask	16	static
D:/GIT_WorkAreas/eSTAR_InstrumentCluster/eStar_Cluster_Demo/Core/Src/main.c:3105:6:Odo_Task	16	static
D:/GIT_WorkAreas/eSTAR_InstrumentCluster/eStar_Cluster_Demo/Core/Src/main.c:3197:6:Speedo_Task	16	static
D:/GIT_WorkAreas/eSTAR_InstrumentCluster/eStar_Cluster_Demo/Core/Src/main.c:3288:6:Tacho_Task	16	static
D:/GIT_WorkAreas/eSTAR_InstrumentCluster/eStar_Cluster_Demo/Core/Src/main.c:3379:6:SwitchHandlerTask	16	static
D:/GIT_WorkAreas/eSTAR_InstrumentCluster/eStar_Cluster_Demo/Core/Src/main.c:3473:6:GetClockTask	16	static
D:/GIT_WorkAreas/eSTAR_InstrumentCluster/eStar_Cluster_Demo/Core/Src/main.c:3657:6:IndicatorsApp_Task	16	static
D:/GIT_WorkAreas/eSTAR_InstrumentCluster/eStar_Cluster_Demo/Core/Src/main.c:3750:6:ServiceIndicatorApp_Task	8	static
D:/GIT_WorkAreas/eSTAR_InstrumentCluster/eStar_Cluster_Demo/Core/Src/main.c:3841:6:DriverInfoApp_Task	16	static
D:/GIT_WorkAreas/eSTAR_InstrumentCluster/eStar_Cluster_Demo/Core/Src/main.c:328:1:__io_putchar	16	static
D:/GIT_WorkAreas/eSTAR_InstrumentCluster/eStar_Cluster_Demo/Core/Src/main.c:691:6:SystemClock_Config	120	static
D:/GIT_WorkAreas/eSTAR_InstrumentCluster/eStar_Cluster_Demo/Core/Src/main.c:757:6:PeriphCommonClock_Config	192	static
D:/GIT_WorkAreas/eSTAR_InstrumentCluster/eStar_Cluster_Demo/Core/Src/main.c:503:5:main	144	static,ignoring_inline_asm
D:/GIT_WorkAreas/eSTAR_InstrumentCluster/eStar_Cluster_Demo/Core/Src/main.c:1674:13:SYSCLKConfig_STOP	128	static
D:/GIT_WorkAreas/eSTAR_InstrumentCluster/eStar_Cluster_Demo/Core/Src/main.c:1710:6:HAL_RTCEx_WakeUpTimerEventCallback	8	static
D:/GIT_WorkAreas/eSTAR_InstrumentCluster/eStar_Cluster_Demo/Core/Src/main.c:1725:6:HAL_GPIO_EXTI_Callback	8	static
D:/GIT_WorkAreas/eSTAR_InstrumentCluster/eStar_Cluster_Demo/Core/Src/main.c:1748:6:Disp_imgDataHyperRAM_Init	40	static
D:/GIT_WorkAreas/eSTAR_InstrumentCluster/eStar_Cluster_Demo/Core/Src/main.c:2562:6:vApplicationStackUsageLimit	0	static
D:/GIT_WorkAreas/eSTAR_InstrumentCluster/eStar_Cluster_Demo/Core/Src/main.c:2581:6:vMaxTaskRegisteredCallback	0	static
D:/GIT_WorkAreas/eSTAR_InstrumentCluster/eStar_Cluster_Demo/Core/Src/main.c:2632:6:WDG_SRVC_Task	8	static
D:/GIT_WorkAreas/eSTAR_InstrumentCluster/eStar_Cluster_Demo/Core/Src/main.c:2778:6:vTask_demo1PeriodicityCheckErrorHook02	8	static
D:/GIT_WorkAreas/eSTAR_InstrumentCluster/eStar_Cluster_Demo/Core/Src/main.c:3250:6:vTask_demo1PeriodicityCheckErrorHook07	8	static
D:/GIT_WorkAreas/eSTAR_InstrumentCluster/eStar_Cluster_Demo/Core/Src/main.c:3340:6:vTask_demo1PeriodicityCheckErrorHook08	8	static
D:/GIT_WorkAreas/eSTAR_InstrumentCluster/eStar_Cluster_Demo/Core/Src/main.c:3434:6:vTask_demo1PeriodicityCheckErrorHook09	8	static
D:/GIT_WorkAreas/eSTAR_InstrumentCluster/eStar_Cluster_Demo/Core/Src/main.c:3526:6:vTask_demo1PeriodicityCheckErrorHook10	8	static
D:/GIT_WorkAreas/eSTAR_InstrumentCluster/eStar_Cluster_Demo/Core/Src/main.c:3618:6:vTask_demo1PeriodicityCheckErrorHook11	8	static
D:/GIT_WorkAreas/eSTAR_InstrumentCluster/eStar_Cluster_Demo/Core/Src/main.c:3686:6:execTimeFault_cb12	0	static
D:/GIT_WorkAreas/eSTAR_InstrumentCluster/eStar_Cluster_Demo/Core/Src/main.c:3711:6:vTask_demo1PeriodicityCheckErrorHook12	8	static
D:/GIT_WorkAreas/eSTAR_InstrumentCluster/eStar_Cluster_Demo/Core/Src/main.c:3802:6:vTask_demo1PeriodicityCheckErrorHook13	8	static
D:/GIT_WorkAreas/eSTAR_InstrumentCluster/eStar_Cluster_Demo/Core/Src/main.c:3967:6:HAL_TIM_PeriodElapsedCallback	0	static
D:/GIT_WorkAreas/eSTAR_InstrumentCluster/eStar_Cluster_Demo/Core/Src/main.c:3984:6:Error_Handler	0	static
