D:/Govind_WorkSpace/Github_Workspace/eSTAR_InstrumentCluster/eStar_Cluster_Demo/Core/Src/main.c:1688:6:execTimeFault_cb1	0	static
D:/Govind_WorkSpace/Github_Workspace/eSTAR_InstrumentCluster/eStar_Cluster_Demo/Core/Src/main.c:1709:6:vTask_demo1PeriodicityCheckErrorHook	0	static
D:/Govind_WorkSpace/Github_Workspace/eSTAR_InstrumentCluster/eStar_Cluster_Demo/Core/Src/main.c:1598:6:StartDefaultTask	8	static
D:/Govind_WorkSpace/Github_Workspace/eSTAR_InstrumentCluster/eStar_Cluster_Demo/Core/Src/main.c:1906:6:CAN_Task	8	static
D:/Govind_WorkSpace/Github_Workspace/eSTAR_InstrumentCluster/eStar_Cluster_Demo/Core/Src/main.c:1631:6:WDG_SRVC_Task	8	static
D:/Govind_WorkSpace/Github_Workspace/eSTAR_InstrumentCluster/eStar_Cluster_Demo/Core/Src/main.c:1656:6:DigitalDebounce_Task	8	static
D:/Govind_WorkSpace/Github_Workspace/eSTAR_InstrumentCluster/eStar_Cluster_Demo/Core/Src/main.c:1734:6:State_Machine_Task	8	static
D:/Govind_WorkSpace/Github_Workspace/eSTAR_InstrumentCluster/eStar_Cluster_Demo/Core/Src/main.c:1756:6:Analog_Debounce_Task	16	static
D:/Govind_WorkSpace/Github_Workspace/eSTAR_InstrumentCluster/eStar_Cluster_Demo/Core/Src/main.c:1785:6:FuelGuageTask	8	static
D:/Govind_WorkSpace/Github_Workspace/eSTAR_InstrumentCluster/eStar_Cluster_Demo/Core/Src/main.c:1808:6:Odo_Task	8	static
D:/Govind_WorkSpace/Github_Workspace/eSTAR_InstrumentCluster/eStar_Cluster_Demo/Core/Src/main.c:1827:6:Speedo_Task	8	static
D:/Govind_WorkSpace/Github_Workspace/eSTAR_InstrumentCluster/eStar_Cluster_Demo/Core/Src/main.c:1846:6:Tacho_Task	8	static
D:/Govind_WorkSpace/Github_Workspace/eSTAR_InstrumentCluster/eStar_Cluster_Demo/Core/Src/main.c:1865:6:SwitchHandlerTask	8	static
D:/Govind_WorkSpace/Github_Workspace/eSTAR_InstrumentCluster/eStar_Cluster_Demo/Core/Src/main.c:1886:6:GetClockTask	8	static
D:/Govind_WorkSpace/Github_Workspace/eSTAR_InstrumentCluster/eStar_Cluster_Demo/Core/Src/main.c:1926:6:IndicatorsApp_Task	8	static
D:/Govind_WorkSpace/Github_Workspace/eSTAR_InstrumentCluster/eStar_Cluster_Demo/Core/Src/main.c:1953:6:ServiceIndicatorApp_Task	8	static
D:/Govind_WorkSpace/Github_Workspace/eSTAR_InstrumentCluster/eStar_Cluster_Demo/Core/Src/main.c:309:1:__io_putchar	16	static
D:/Govind_WorkSpace/Github_Workspace/eSTAR_InstrumentCluster/eStar_Cluster_Demo/Core/Src/main.c:553:6:SystemClock_Config	120	static
D:/Govind_WorkSpace/Github_Workspace/eSTAR_InstrumentCluster/eStar_Cluster_Demo/Core/Src/main.c:619:6:PeriphCommonClock_Config	192	static
D:/Govind_WorkSpace/Github_Workspace/eSTAR_InstrumentCluster/eStar_Cluster_Demo/Core/Src/main.c:374:5:main	144	static,ignoring_inline_asm
D:/Govind_WorkSpace/Github_Workspace/eSTAR_InstrumentCluster/eStar_Cluster_Demo/Core/Src/main.c:1562:6:HAL_RTCEx_WakeUpTimerEventCallback	128	static
D:/Govind_WorkSpace/Github_Workspace/eSTAR_InstrumentCluster/eStar_Cluster_Demo/Core/Src/main.c:1575:6:HAL_GPIO_EXTI_Callback	8	static
D:/Govind_WorkSpace/Github_Workspace/eSTAR_InstrumentCluster/eStar_Cluster_Demo/Core/Src/main.c:2002:6:HAL_TIM_PeriodElapsedCallback	0	static
D:/Govind_WorkSpace/Github_Workspace/eSTAR_InstrumentCluster/eStar_Cluster_Demo/Core/Src/main.c:2019:6:Error_Handler	0	static
