D:/GIT_Work_Areas/eSTAR_InstrumentCluster/eStar_Cluster_Demo/Core/Src/main.c:1614:6:StartDefaultTask	8	static
D:/GIT_Work_Areas/eSTAR_InstrumentCluster/eStar_Cluster_Demo/Core/Src/main.c:1871:6:CAN_Task	8	static
D:/GIT_Work_Areas/eSTAR_InstrumentCluster/eStar_Cluster_Demo/Core/Src/main.c:1647:6:WDG_SRVC_Task	8	static
D:/GIT_Work_Areas/eSTAR_InstrumentCluster/eStar_Cluster_Demo/Core/Src/main.c:1672:6:DigitalDebounce_Task	8	static
D:/GIT_Work_Areas/eSTAR_InstrumentCluster/eStar_Cluster_Demo/Core/Src/main.c:1697:6:State_Machine_Task	8	static
D:/GIT_Work_Areas/eSTAR_InstrumentCluster/eStar_Cluster_Demo/Core/Src/main.c:1719:6:Analog_Debounce_Task	8	static
D:/GIT_Work_Areas/eSTAR_InstrumentCluster/eStar_Cluster_Demo/Core/Src/main.c:1749:6:FuelGuageTask	8	static
D:/GIT_Work_Areas/eSTAR_InstrumentCluster/eStar_Cluster_Demo/Core/Src/main.c:1772:6:Odo_Task	8	static
D:/GIT_Work_Areas/eSTAR_InstrumentCluster/eStar_Cluster_Demo/Core/Src/main.c:1792:6:Speedo_Task	8	static
D:/GIT_Work_Areas/eSTAR_InstrumentCluster/eStar_Cluster_Demo/Core/Src/main.c:1811:6:Tacho_Task	8	static
D:/GIT_Work_Areas/eSTAR_InstrumentCluster/eStar_Cluster_Demo/Core/Src/main.c:1830:6:SwitchHandlerTask	8	static
D:/GIT_Work_Areas/eSTAR_InstrumentCluster/eStar_Cluster_Demo/Core/Src/main.c:1851:6:GetClockTask	8	static
D:/GIT_Work_Areas/eSTAR_InstrumentCluster/eStar_Cluster_Demo/Core/Src/main.c:1891:6:IndicatorsApp_Task	8	static
D:/GIT_Work_Areas/eSTAR_InstrumentCluster/eStar_Cluster_Demo/Core/Src/main.c:1918:6:ServiceIndicatorApp_Task	8	static
D:/GIT_Work_Areas/eSTAR_InstrumentCluster/eStar_Cluster_Demo/Core/Src/main.c:309:1:__io_putchar	16	static
D:/GIT_Work_Areas/eSTAR_InstrumentCluster/eStar_Cluster_Demo/Core/Src/main.c:558:6:SystemClock_Config	120	static
D:/GIT_Work_Areas/eSTAR_InstrumentCluster/eStar_Cluster_Demo/Core/Src/main.c:624:6:PeriphCommonClock_Config	192	static
D:/GIT_Work_Areas/eSTAR_InstrumentCluster/eStar_Cluster_Demo/Core/Src/main.c:376:5:main	144	static,ignoring_inline_asm
D:/GIT_Work_Areas/eSTAR_InstrumentCluster/eStar_Cluster_Demo/Core/Src/main.c:1528:6:HAL_RTCEx_WakeUpTimerEventCallback	128	static
D:/GIT_Work_Areas/eSTAR_InstrumentCluster/eStar_Cluster_Demo/Core/Src/main.c:1541:6:HAL_GPIO_EXTI_Callback	8	static
D:/GIT_Work_Areas/eSTAR_InstrumentCluster/eStar_Cluster_Demo/Core/Src/main.c:1560:6:Disp_imgDataHyperRAM_Init	8	static
D:/GIT_Work_Areas/eSTAR_InstrumentCluster/eStar_Cluster_Demo/Core/Src/main.c:1937:6:Odometer_Test_App_Task	16	static
D:/GIT_Work_Areas/eSTAR_InstrumentCluster/eStar_Cluster_Demo/Core/Src/main.c:2022:6:HAL_TIM_PeriodElapsedCallback	0	static
D:/GIT_Work_Areas/eSTAR_InstrumentCluster/eStar_Cluster_Demo/Core/Src/main.c:2039:6:Error_Handler	0	static
