D:/GIT_WorkAreas/eSTAR_InstrumentCluster/eStar_Cluster_Demo/Core/Src/main.c:2176:6:StartDefaultTask	8	static
D:/GIT_WorkAreas/eSTAR_InstrumentCluster/eStar_Cluster_Demo/Core/Src/main.c:2432:6:CAN_Task	8	static
D:/GIT_WorkAreas/eSTAR_InstrumentCluster/eStar_Cluster_Demo/Core/Src/main.c:2234:6:DigitalDebounce_Task	8	static
D:/GIT_WorkAreas/eSTAR_InstrumentCluster/eStar_Cluster_Demo/Core/Src/main.c:2259:6:State_Machine_Task	8	static
D:/GIT_WorkAreas/eSTAR_InstrumentCluster/eStar_Cluster_Demo/Core/Src/main.c:2281:6:Analog_Debounce_Task	8	static
D:/GIT_WorkAreas/eSTAR_InstrumentCluster/eStar_Cluster_Demo/Core/Src/main.c:2311:6:FuelGuageTask	8	static
D:/GIT_WorkAreas/eSTAR_InstrumentCluster/eStar_Cluster_Demo/Core/Src/main.c:2334:6:Odo_Task	8	static
D:/GIT_WorkAreas/eSTAR_InstrumentCluster/eStar_Cluster_Demo/Core/Src/main.c:2353:6:Speedo_Task	8	static
D:/GIT_WorkAreas/eSTAR_InstrumentCluster/eStar_Cluster_Demo/Core/Src/main.c:2372:6:Tacho_Task	8	static
D:/GIT_WorkAreas/eSTAR_InstrumentCluster/eStar_Cluster_Demo/Core/Src/main.c:2391:6:SwitchHandlerTask	8	static
D:/GIT_WorkAreas/eSTAR_InstrumentCluster/eStar_Cluster_Demo/Core/Src/main.c:2412:6:GetClockTask	8	static
D:/GIT_WorkAreas/eSTAR_InstrumentCluster/eStar_Cluster_Demo/Core/Src/main.c:2452:6:IndicatorsApp_Task	8	static
D:/GIT_WorkAreas/eSTAR_InstrumentCluster/eStar_Cluster_Demo/Core/Src/main.c:2479:6:ServiceIndicatorApp_Task	8	static
D:/GIT_WorkAreas/eSTAR_InstrumentCluster/eStar_Cluster_Demo/Core/Src/main.c:2498:6:DriverInfoApp_Task	8	static
D:/GIT_WorkAreas/eSTAR_InstrumentCluster/eStar_Cluster_Demo/Core/Src/main.c:311:1:__io_putchar	16	static
D:/GIT_WorkAreas/eSTAR_InstrumentCluster/eStar_Cluster_Demo/Core/Src/main.c:649:6:SystemClock_Config	120	static
D:/GIT_WorkAreas/eSTAR_InstrumentCluster/eStar_Cluster_Demo/Core/Src/main.c:715:6:PeriphCommonClock_Config	192	static
D:/GIT_WorkAreas/eSTAR_InstrumentCluster/eStar_Cluster_Demo/Core/Src/main.c:468:5:main	144	static,ignoring_inline_asm
D:/GIT_WorkAreas/eSTAR_InstrumentCluster/eStar_Cluster_Demo/Core/Src/main.c:1629:6:HAL_RTCEx_WakeUpTimerEventCallback	128	static
D:/GIT_WorkAreas/eSTAR_InstrumentCluster/eStar_Cluster_Demo/Core/Src/main.c:1642:6:HAL_GPIO_EXTI_Callback	8	static
D:/GIT_WorkAreas/eSTAR_InstrumentCluster/eStar_Cluster_Demo/Core/Src/main.c:1661:6:Disp_imgDataHyperRAM_Init	8	static
D:/GIT_WorkAreas/eSTAR_InstrumentCluster/eStar_Cluster_Demo/Core/Src/main.c:2209:6:WDG_SRVC_Task	8	static
D:/GIT_WorkAreas/eSTAR_InstrumentCluster/eStar_Cluster_Demo/Core/Src/main.c:2579:6:HAL_TIM_PeriodElapsedCallback	0	static
D:/GIT_WorkAreas/eSTAR_InstrumentCluster/eStar_Cluster_Demo/Core/Src/main.c:2596:6:Error_Handler	0	static
