D:/Projects/Git_WorkSpace/eSTAR_InstrumentCluster/eStar_Cluster_Demo/Core/Src/main.c:1099:6:StartDefaultTask	8	static
D:/Projects/Git_WorkSpace/eSTAR_InstrumentCluster/eStar_Cluster_Demo/Core/Src/main.c:1118:6:WDG_SRVC_Task	16	static
D:/Projects/Git_WorkSpace/eSTAR_InstrumentCluster/eStar_Cluster_Demo/Core/Src/main.c:1144:6:Dig_Deb_Task	8	static
D:/Projects/Git_WorkSpace/eSTAR_InstrumentCluster/eStar_Cluster_Demo/Core/Src/main.c:1164:6:State_Machine	8	static
D:/Projects/Git_WorkSpace/eSTAR_InstrumentCluster/eStar_Cluster_Demo/Core/Src/main.c:123:1:__io_putchar	16	static
D:/Projects/Git_WorkSpace/eSTAR_InstrumentCluster/eStar_Cluster_Demo/Core/Src/main.c:290:6:SystemClock_Config	120	static
D:/Projects/Git_WorkSpace/eSTAR_InstrumentCluster/eStar_Cluster_Demo/Core/Src/main.c:349:6:PeriphCommonClock_Config	192	static
D:/Projects/Git_WorkSpace/eSTAR_InstrumentCluster/eStar_Cluster_Demo/Core/Src/main.c:169:5:main	144	static,ignoring_inline_asm
D:/Projects/Git_WorkSpace/eSTAR_InstrumentCluster/eStar_Cluster_Demo/Core/Src/main.c:1084:6:debounceTestApp	0	static
D:/Projects/Git_WorkSpace/eSTAR_InstrumentCluster/eStar_Cluster_Demo/Core/Src/main.c:1213:6:HAL_TIM_PeriodElapsedCallback	0	static
D:/Projects/Git_WorkSpace/eSTAR_InstrumentCluster/eStar_Cluster_Demo/Core/Src/main.c:1230:6:Error_Handler	0	static
