E:/GitProjects/eSTAR_InstrumentCluster/eStar_Cluster_Demo/Core/Src/main.c:1379:6:StartDefaultTask	8	static
E:/GitProjects/eSTAR_InstrumentCluster/eStar_Cluster_Demo/Core/Src/main.c:1409:6:WDG_SRVC_Task	8	static
E:/GitProjects/eSTAR_InstrumentCluster/eStar_Cluster_Demo/Core/Src/main.c:1433:6:DigitalDebounce_Task	8	static
E:/GitProjects/eSTAR_InstrumentCluster/eStar_Cluster_Demo/Core/Src/main.c:1452:6:State_Machine_Task	8	static
E:/GitProjects/eSTAR_InstrumentCluster/eStar_Cluster_Demo/Core/Src/main.c:1472:6:Analog_Debounce_Task	16	static
E:/GitProjects/eSTAR_InstrumentCluster/eStar_Cluster_Demo/Core/Src/main.c:1499:6:FuelGuageTask	8	static
E:/GitProjects/eSTAR_InstrumentCluster/eStar_Cluster_Demo/Core/Src/main.c:1522:6:Odo_Task	8	static
E:/GitProjects/eSTAR_InstrumentCluster/eStar_Cluster_Demo/Core/Src/main.c:1541:6:Speedo_Task	8	static
E:/GitProjects/eSTAR_InstrumentCluster/eStar_Cluster_Demo/Core/Src/main.c:1560:6:Tacho_Task	8	static
E:/GitProjects/eSTAR_InstrumentCluster/eStar_Cluster_Demo/Core/Src/main.c:219:1:__io_putchar	16	static
E:/GitProjects/eSTAR_InstrumentCluster/eStar_Cluster_Demo/Core/Src/main.c:428:6:SystemClock_Config	120	static
E:/GitProjects/eSTAR_InstrumentCluster/eStar_Cluster_Demo/Core/Src/main.c:494:6:PeriphCommonClock_Config	192	static
E:/GitProjects/eSTAR_InstrumentCluster/eStar_Cluster_Demo/Core/Src/main.c:275:5:main	144	static,ignoring_inline_asm
E:/GitProjects/eSTAR_InstrumentCluster/eStar_Cluster_Demo/Core/Src/main.c:1343:6:HAL_RTCEx_WakeUpTimerEventCallback	128	static
E:/GitProjects/eSTAR_InstrumentCluster/eStar_Cluster_Demo/Core/Src/main.c:1356:6:HAL_GPIO_EXTI_Callback	8	static
E:/GitProjects/eSTAR_InstrumentCluster/eStar_Cluster_Demo/Core/Src/main.c:1609:6:HAL_TIM_PeriodElapsedCallback	0	static
E:/GitProjects/eSTAR_InstrumentCluster/eStar_Cluster_Demo/Core/Src/main.c:1626:6:Error_Handler	0	static
