D:/Govind_WorkSpace/Github_Workspace/eSTAR_InstrumentCluster/eStar_Cluster_Demo/Core/Src/main.c:2700:6:execTimeFault_cb1	0	static
D:/Govind_WorkSpace/Github_Workspace/eSTAR_InstrumentCluster/eStar_Cluster_Demo/Core/Src/main.c:2727:6:vTask_demo1PeriodicityCheckErrorHook01	0	static
D:/Govind_WorkSpace/Github_Workspace/eSTAR_InstrumentCluster/eStar_Cluster_Demo/Core/Src/main.c:1683:13:SYSCLKConfig_STOP	128	static
D:/Govind_WorkSpace/Github_Workspace/eSTAR_InstrumentCluster/eStar_Cluster_Demo/Core/Src/main.c:2657:6:WDG_SRVC_Task	8	static
D:/Govind_WorkSpace/Github_Workspace/eSTAR_InstrumentCluster/eStar_Cluster_Demo/Core/Src/main.c:2610:6:StartDefaultTask	16	static
D:/Govind_WorkSpace/Github_Workspace/eSTAR_InstrumentCluster/eStar_Cluster_Demo/Core/Src/main.c:2769:6:DigitalDebounce_Task	24	static
D:/Govind_WorkSpace/Github_Workspace/eSTAR_InstrumentCluster/eStar_Cluster_Demo/Core/Src/main.c:2875:6:State_Machine_Task	24	static
D:/Govind_WorkSpace/Github_Workspace/eSTAR_InstrumentCluster/eStar_Cluster_Demo/Core/Src/main.c:2977:6:Analog_Debounce_Task	24	static
D:/Govind_WorkSpace/Github_Workspace/eSTAR_InstrumentCluster/eStar_Cluster_Demo/Core/Src/main.c:3090:6:FuelGuageTask	24	static
D:/Govind_WorkSpace/Github_Workspace/eSTAR_InstrumentCluster/eStar_Cluster_Demo/Core/Src/main.c:3196:6:Odo_Task	24	static
D:/Govind_WorkSpace/Github_Workspace/eSTAR_InstrumentCluster/eStar_Cluster_Demo/Core/Src/main.c:3299:6:Speedo_Task	24	static
D:/Govind_WorkSpace/Github_Workspace/eSTAR_InstrumentCluster/eStar_Cluster_Demo/Core/Src/main.c:3401:6:Tacho_Task	24	static
D:/Govind_WorkSpace/Github_Workspace/eSTAR_InstrumentCluster/eStar_Cluster_Demo/Core/Src/main.c:3503:6:SwitchHandlerTask	24	static
D:/Govind_WorkSpace/Github_Workspace/eSTAR_InstrumentCluster/eStar_Cluster_Demo/Core/Src/main.c:3608:6:GetClockTask	24	static
D:/Govind_WorkSpace/Github_Workspace/eSTAR_InstrumentCluster/eStar_Cluster_Demo/Core/Src/main.c:3711:6:CAN_Task	24	static
D:/Govind_WorkSpace/Github_Workspace/eSTAR_InstrumentCluster/eStar_Cluster_Demo/Core/Src/main.c:3813:6:IndicatorsApp_Task	24	static
D:/Govind_WorkSpace/Github_Workspace/eSTAR_InstrumentCluster/eStar_Cluster_Demo/Core/Src/main.c:3917:6:ServiceIndicatorApp_Task	24	static
D:/Govind_WorkSpace/Github_Workspace/eSTAR_InstrumentCluster/eStar_Cluster_Demo/Core/Src/main.c:4020:6:DriverInfoApp_Task	24	static
D:/Govind_WorkSpace/Github_Workspace/eSTAR_InstrumentCluster/eStar_Cluster_Demo/Core/Src/main.c:4125:6:DeadLockTask	16	static
D:/Govind_WorkSpace/Github_Workspace/eSTAR_InstrumentCluster/eStar_Cluster_Demo/Core/Src/main.c:2727:6:vTask_demo1PeriodicityCheckErrorHook01.constprop	0	static
D:/Govind_WorkSpace/Github_Workspace/eSTAR_InstrumentCluster/eStar_Cluster_Demo/Core/Src/main.c:3976:6:vTask_demo1PeriodicityCheckErrorHook13	0	static
D:/Govind_WorkSpace/Github_Workspace/eSTAR_InstrumentCluster/eStar_Cluster_Demo/Core/Src/main.c:3874:6:vTask_demo1PeriodicityCheckErrorHook12	0	static
D:/Govind_WorkSpace/Github_Workspace/eSTAR_InstrumentCluster/eStar_Cluster_Demo/Core/Src/main.c:3770:6:vTask_demo1PeriodicityCheckErrorHook11	0	static
D:/Govind_WorkSpace/Github_Workspace/eSTAR_InstrumentCluster/eStar_Cluster_Demo/Core/Src/main.c:3668:6:vTask_demo1PeriodicityCheckErrorHook10	0	static
D:/Govind_WorkSpace/Github_Workspace/eSTAR_InstrumentCluster/eStar_Cluster_Demo/Core/Src/main.c:3565:6:vTask_demo1PeriodicityCheckErrorHook09	0	static
D:/Govind_WorkSpace/Github_Workspace/eSTAR_InstrumentCluster/eStar_Cluster_Demo/Core/Src/main.c:3460:6:vTask_demo1PeriodicityCheckErrorHook08	0	static
D:/Govind_WorkSpace/Github_Workspace/eSTAR_InstrumentCluster/eStar_Cluster_Demo/Core/Src/main.c:3359:6:vTask_demo1PeriodicityCheckErrorHook07	0	static
D:/Govind_WorkSpace/Github_Workspace/eSTAR_InstrumentCluster/eStar_Cluster_Demo/Core/Src/main.c:3256:6:vTask_demo1PeriodicityCheckErrorHook06	0	static
D:/Govind_WorkSpace/Github_Workspace/eSTAR_InstrumentCluster/eStar_Cluster_Demo/Core/Src/main.c:3154:6:vTask_demo1PeriodicityCheckErrorHook05	0	static
D:/Govind_WorkSpace/Github_Workspace/eSTAR_InstrumentCluster/eStar_Cluster_Demo/Core/Src/main.c:3048:6:vTask_demo1PeriodicityCheckErrorHook04	0	static
D:/Govind_WorkSpace/Github_Workspace/eSTAR_InstrumentCluster/eStar_Cluster_Demo/Core/Src/main.c:2935:6:vTask_demo1PeriodicityCheckErrorHook03	0	static
D:/Govind_WorkSpace/Github_Workspace/eSTAR_InstrumentCluster/eStar_Cluster_Demo/Core/Src/main.c:2833:6:vTask_demo1PeriodicityCheckErrorHook02	0	static
D:/Govind_WorkSpace/Github_Workspace/eSTAR_InstrumentCluster/eStar_Cluster_Demo/Core/Src/main.c:4000:6:SwitchErrorHook13	0	static
D:/Govind_WorkSpace/Github_Workspace/eSTAR_InstrumentCluster/eStar_Cluster_Demo/Core/Src/main.c:4106:6:SwitchErrorHook14	0	static
D:/Govind_WorkSpace/Github_Workspace/eSTAR_InstrumentCluster/eStar_Cluster_Demo/Core/Src/main.c:2750:6:SwitchErrorHook1	0	static
D:/Govind_WorkSpace/Github_Workspace/eSTAR_InstrumentCluster/eStar_Cluster_Demo/Core/Src/main.c:2806:6:execTimeFault_cb2	0	static
D:/Govind_WorkSpace/Github_Workspace/eSTAR_InstrumentCluster/eStar_Cluster_Demo/Core/Src/main.c:2856:6:SwitchErrorHook2	0	static
D:/Govind_WorkSpace/Github_Workspace/eSTAR_InstrumentCluster/eStar_Cluster_Demo/Core/Src/main.c:2908:6:execTimeFault_cb3	0	static
D:/Govind_WorkSpace/Github_Workspace/eSTAR_InstrumentCluster/eStar_Cluster_Demo/Core/Src/main.c:2958:6:SwitchErrorHook3	0	static
D:/Govind_WorkSpace/Github_Workspace/eSTAR_InstrumentCluster/eStar_Cluster_Demo/Core/Src/main.c:3021:6:execTimeFault_cb4	0	static
D:/Govind_WorkSpace/Github_Workspace/eSTAR_InstrumentCluster/eStar_Cluster_Demo/Core/Src/main.c:3071:6:SwitchErrorHook4	0	static
D:/Govind_WorkSpace/Github_Workspace/eSTAR_InstrumentCluster/eStar_Cluster_Demo/Core/Src/main.c:3127:6:execTimeFault_cb5	0	static
D:/Govind_WorkSpace/Github_Workspace/eSTAR_InstrumentCluster/eStar_Cluster_Demo/Core/Src/main.c:3177:6:SwitchErrorHook5	0	static
D:/Govind_WorkSpace/Github_Workspace/eSTAR_InstrumentCluster/eStar_Cluster_Demo/Core/Src/main.c:3229:6:execTimeFault_cb6	0	static
D:/Govind_WorkSpace/Github_Workspace/eSTAR_InstrumentCluster/eStar_Cluster_Demo/Core/Src/main.c:3279:6:SwitchErrorHook6	0	static
D:/Govind_WorkSpace/Github_Workspace/eSTAR_InstrumentCluster/eStar_Cluster_Demo/Core/Src/main.c:3332:6:execTimeFault_cb7	0	static
D:/Govind_WorkSpace/Github_Workspace/eSTAR_InstrumentCluster/eStar_Cluster_Demo/Core/Src/main.c:3382:6:SwitchErrorHook7	0	static
D:/Govind_WorkSpace/Github_Workspace/eSTAR_InstrumentCluster/eStar_Cluster_Demo/Core/Src/main.c:3433:6:execTimeFault_cb8	0	static
D:/Govind_WorkSpace/Github_Workspace/eSTAR_InstrumentCluster/eStar_Cluster_Demo/Core/Src/main.c:3484:6:SwitchErrorHook8	0	static
D:/Govind_WorkSpace/Github_Workspace/eSTAR_InstrumentCluster/eStar_Cluster_Demo/Core/Src/main.c:3538:6:execTimeFault_cb9	0	static
D:/Govind_WorkSpace/Github_Workspace/eSTAR_InstrumentCluster/eStar_Cluster_Demo/Core/Src/main.c:3589:6:SwitchErrorHook9	0	static
D:/Govind_WorkSpace/Github_Workspace/eSTAR_InstrumentCluster/eStar_Cluster_Demo/Core/Src/main.c:3641:6:execTimeFault_cb10	0	static
D:/Govind_WorkSpace/Github_Workspace/eSTAR_InstrumentCluster/eStar_Cluster_Demo/Core/Src/main.c:3692:6:SwitchErrorHook10	0	static
D:/Govind_WorkSpace/Github_Workspace/eSTAR_InstrumentCluster/eStar_Cluster_Demo/Core/Src/main.c:3743:6:execTimeFault_cb11	0	static
D:/Govind_WorkSpace/Github_Workspace/eSTAR_InstrumentCluster/eStar_Cluster_Demo/Core/Src/main.c:3794:6:SwitchErrorHook11	0	static
D:/Govind_WorkSpace/Github_Workspace/eSTAR_InstrumentCluster/eStar_Cluster_Demo/Core/Src/main.c:3847:6:execTimeFault_cb12	0	static
D:/Govind_WorkSpace/Github_Workspace/eSTAR_InstrumentCluster/eStar_Cluster_Demo/Core/Src/main.c:3898:6:SwitchErrorHook12	0	static
D:/Govind_WorkSpace/Github_Workspace/eSTAR_InstrumentCluster/eStar_Cluster_Demo/Core/Src/main.c:3949:6:execTimeFault_cb13	0	static
D:/Govind_WorkSpace/Github_Workspace/eSTAR_InstrumentCluster/eStar_Cluster_Demo/Core/Src/main.c:331:1:__io_putchar	16	static
D:/Govind_WorkSpace/Github_Workspace/eSTAR_InstrumentCluster/eStar_Cluster_Demo/Core/Src/main.c:696:6:SystemClock_Config	120	static
D:/Govind_WorkSpace/Github_Workspace/eSTAR_InstrumentCluster/eStar_Cluster_Demo/Core/Src/main.c:762:6:PeriphCommonClock_Config	192	static
D:/Govind_WorkSpace/Github_Workspace/eSTAR_InstrumentCluster/eStar_Cluster_Demo/Core/Src/main.c:506:5:main	144	static,ignoring_inline_asm
D:/Govind_WorkSpace/Github_Workspace/eSTAR_InstrumentCluster/eStar_Cluster_Demo/Core/Src/main.c:1719:6:HAL_RTCEx_WakeUpTimerEventCallback	8	static
D:/Govind_WorkSpace/Github_Workspace/eSTAR_InstrumentCluster/eStar_Cluster_Demo/Core/Src/main.c:1734:6:HAL_GPIO_EXTI_Callback	8	static
D:/Govind_WorkSpace/Github_Workspace/eSTAR_InstrumentCluster/eStar_Cluster_Demo/Core/Src/main.c:1757:6:Disp_imgDataHyperRAM_Init	40	static
D:/Govind_WorkSpace/Github_Workspace/eSTAR_InstrumentCluster/eStar_Cluster_Demo/Core/Src/main.c:2571:6:vApplicationStackUsageLimit	0	static
D:/Govind_WorkSpace/Github_Workspace/eSTAR_InstrumentCluster/eStar_Cluster_Demo/Core/Src/main.c:2592:6:vMaxTaskRegisteredCallback	0	static
D:/Govind_WorkSpace/Github_Workspace/eSTAR_InstrumentCluster/eStar_Cluster_Demo/Core/Src/main.c:4056:6:execTimeFault_cb14	0	static
D:/Govind_WorkSpace/Github_Workspace/eSTAR_InstrumentCluster/eStar_Cluster_Demo/Core/Src/main.c:4083:6:vTask_demo1PeriodicityCheckErrorHook14	0	static
D:/Govind_WorkSpace/Github_Workspace/eSTAR_InstrumentCluster/eStar_Cluster_Demo/Core/Src/main.c:4212:6:HAL_TIM_PeriodElapsedCallback	0	static
D:/Govind_WorkSpace/Github_Workspace/eSTAR_InstrumentCluster/eStar_Cluster_Demo/Core/Src/main.c:4229:6:Error_Handler	0	static
