D:/GitWork_Areas/eSTAR_InstrumentCluster/eStar_Cluster_Demo/Core/Src/main.c:2682:6:execTimeFault_cb1	0	static
D:/GitWork_Areas/eSTAR_InstrumentCluster/eStar_Cluster_Demo/Core/Src/main.c:2709:6:vTask_demo1PeriodicityCheckErrorHook01	0	static
D:/GitWork_Areas/eSTAR_InstrumentCluster/eStar_Cluster_Demo/Core/Src/main.c:2605:6:StartDefaultTask	8	static
D:/GitWork_Areas/eSTAR_InstrumentCluster/eStar_Cluster_Demo/Core/Src/main.c:2639:6:WDG_SRVC_Task	8	static
D:/GitWork_Areas/eSTAR_InstrumentCluster/eStar_Cluster_Demo/Core/Src/main.c:2751:6:DigitalDebounce_Task	24	static
D:/GitWork_Areas/eSTAR_InstrumentCluster/eStar_Cluster_Demo/Core/Src/main.c:2857:6:State_Machine_Task	24	static
D:/GitWork_Areas/eSTAR_InstrumentCluster/eStar_Cluster_Demo/Core/Src/main.c:2959:6:Analog_Debounce_Task	24	static
D:/GitWork_Areas/eSTAR_InstrumentCluster/eStar_Cluster_Demo/Core/Src/main.c:3072:6:FuelGuageTask	24	static
D:/GitWork_Areas/eSTAR_InstrumentCluster/eStar_Cluster_Demo/Core/Src/main.c:3178:6:Odo_Task	24	static
D:/GitWork_Areas/eSTAR_InstrumentCluster/eStar_Cluster_Demo/Core/Src/main.c:3281:6:Speedo_Task	24	static
D:/GitWork_Areas/eSTAR_InstrumentCluster/eStar_Cluster_Demo/Core/Src/main.c:3383:6:Tacho_Task	16	static
D:/GitWork_Areas/eSTAR_InstrumentCluster/eStar_Cluster_Demo/Core/Src/main.c:3485:6:SwitchHandlerTask	24	static
D:/GitWork_Areas/eSTAR_InstrumentCluster/eStar_Cluster_Demo/Core/Src/main.c:3590:6:GetClockTask	16	static
D:/GitWork_Areas/eSTAR_InstrumentCluster/eStar_Cluster_Demo/Core/Src/main.c:3693:6:CAN_Task	16	static
D:/GitWork_Areas/eSTAR_InstrumentCluster/eStar_Cluster_Demo/Core/Src/main.c:3795:6:IndicatorsApp_Task	24	static
D:/GitWork_Areas/eSTAR_InstrumentCluster/eStar_Cluster_Demo/Core/Src/main.c:3899:6:ServiceIndicatorApp_Task	24	static
D:/GitWork_Areas/eSTAR_InstrumentCluster/eStar_Cluster_Demo/Core/Src/main.c:4002:6:DriverInfoApp_Task	24	static
D:/GitWork_Areas/eSTAR_InstrumentCluster/eStar_Cluster_Demo/Core/Src/main.c:4107:6:DeadLockTask	16	static
D:/GitWork_Areas/eSTAR_InstrumentCluster/eStar_Cluster_Demo/Core/Src/main.c:2709:6:vTask_demo1PeriodicityCheckErrorHook01.constprop	0	static
D:/GitWork_Areas/eSTAR_InstrumentCluster/eStar_Cluster_Demo/Core/Src/main.c:3958:6:vTask_demo1PeriodicityCheckErrorHook13	0	static
D:/GitWork_Areas/eSTAR_InstrumentCluster/eStar_Cluster_Demo/Core/Src/main.c:3856:6:vTask_demo1PeriodicityCheckErrorHook12	0	static
D:/GitWork_Areas/eSTAR_InstrumentCluster/eStar_Cluster_Demo/Core/Src/main.c:3442:6:vTask_demo1PeriodicityCheckErrorHook08	0	static
D:/GitWork_Areas/eSTAR_InstrumentCluster/eStar_Cluster_Demo/Core/Src/main.c:3238:6:vTask_demo1PeriodicityCheckErrorHook06	0	static
D:/GitWork_Areas/eSTAR_InstrumentCluster/eStar_Cluster_Demo/Core/Src/main.c:3136:6:vTask_demo1PeriodicityCheckErrorHook05	0	static
D:/GitWork_Areas/eSTAR_InstrumentCluster/eStar_Cluster_Demo/Core/Src/main.c:3030:6:vTask_demo1PeriodicityCheckErrorHook04	0	static
D:/GitWork_Areas/eSTAR_InstrumentCluster/eStar_Cluster_Demo/Core/Src/main.c:2917:6:vTask_demo1PeriodicityCheckErrorHook03	0	static
D:/GitWork_Areas/eSTAR_InstrumentCluster/eStar_Cluster_Demo/Core/Src/main.c:3982:6:SwitchErrorHook13	0	static
D:/GitWork_Areas/eSTAR_InstrumentCluster/eStar_Cluster_Demo/Core/Src/main.c:4088:6:SwitchErrorHook14	0	static
D:/GitWork_Areas/eSTAR_InstrumentCluster/eStar_Cluster_Demo/Core/Src/main.c:2732:6:SwitchErrorHook1	0	static
D:/GitWork_Areas/eSTAR_InstrumentCluster/eStar_Cluster_Demo/Core/Src/main.c:2788:6:execTimeFault_cb2	0	static
D:/GitWork_Areas/eSTAR_InstrumentCluster/eStar_Cluster_Demo/Core/Src/main.c:2838:6:SwitchErrorHook2	0	static
D:/GitWork_Areas/eSTAR_InstrumentCluster/eStar_Cluster_Demo/Core/Src/main.c:2890:6:execTimeFault_cb3	0	static
D:/GitWork_Areas/eSTAR_InstrumentCluster/eStar_Cluster_Demo/Core/Src/main.c:2940:6:SwitchErrorHook3	0	static
D:/GitWork_Areas/eSTAR_InstrumentCluster/eStar_Cluster_Demo/Core/Src/main.c:3003:6:execTimeFault_cb4	0	static
D:/GitWork_Areas/eSTAR_InstrumentCluster/eStar_Cluster_Demo/Core/Src/main.c:3053:6:SwitchErrorHook4	0	static
D:/GitWork_Areas/eSTAR_InstrumentCluster/eStar_Cluster_Demo/Core/Src/main.c:3109:6:execTimeFault_cb5	0	static
D:/GitWork_Areas/eSTAR_InstrumentCluster/eStar_Cluster_Demo/Core/Src/main.c:3159:6:SwitchErrorHook5	0	static
D:/GitWork_Areas/eSTAR_InstrumentCluster/eStar_Cluster_Demo/Core/Src/main.c:3211:6:execTimeFault_cb6	0	static
D:/GitWork_Areas/eSTAR_InstrumentCluster/eStar_Cluster_Demo/Core/Src/main.c:3261:6:SwitchErrorHook6	0	static
D:/GitWork_Areas/eSTAR_InstrumentCluster/eStar_Cluster_Demo/Core/Src/main.c:3314:6:execTimeFault_cb7	0	static
D:/GitWork_Areas/eSTAR_InstrumentCluster/eStar_Cluster_Demo/Core/Src/main.c:3364:6:SwitchErrorHook7	0	static
D:/GitWork_Areas/eSTAR_InstrumentCluster/eStar_Cluster_Demo/Core/Src/main.c:3415:6:execTimeFault_cb8	0	static
D:/GitWork_Areas/eSTAR_InstrumentCluster/eStar_Cluster_Demo/Core/Src/main.c:3466:6:SwitchErrorHook8	0	static
D:/GitWork_Areas/eSTAR_InstrumentCluster/eStar_Cluster_Demo/Core/Src/main.c:3520:6:execTimeFault_cb9	0	static
D:/GitWork_Areas/eSTAR_InstrumentCluster/eStar_Cluster_Demo/Core/Src/main.c:3571:6:SwitchErrorHook9	0	static
D:/GitWork_Areas/eSTAR_InstrumentCluster/eStar_Cluster_Demo/Core/Src/main.c:3623:6:execTimeFault_cb10	0	static
D:/GitWork_Areas/eSTAR_InstrumentCluster/eStar_Cluster_Demo/Core/Src/main.c:3674:6:SwitchErrorHook10	0	static
D:/GitWork_Areas/eSTAR_InstrumentCluster/eStar_Cluster_Demo/Core/Src/main.c:3725:6:execTimeFault_cb11	0	static
D:/GitWork_Areas/eSTAR_InstrumentCluster/eStar_Cluster_Demo/Core/Src/main.c:3776:6:SwitchErrorHook11	0	static
D:/GitWork_Areas/eSTAR_InstrumentCluster/eStar_Cluster_Demo/Core/Src/main.c:3829:6:execTimeFault_cb12	0	static
D:/GitWork_Areas/eSTAR_InstrumentCluster/eStar_Cluster_Demo/Core/Src/main.c:3880:6:SwitchErrorHook12	0	static
D:/GitWork_Areas/eSTAR_InstrumentCluster/eStar_Cluster_Demo/Core/Src/main.c:3931:6:execTimeFault_cb13	0	static
D:/GitWork_Areas/eSTAR_InstrumentCluster/eStar_Cluster_Demo/Core/Src/main.c:331:1:__io_putchar	16	static
D:/GitWork_Areas/eSTAR_InstrumentCluster/eStar_Cluster_Demo/Core/Src/main.c:696:6:SystemClock_Config	120	static
D:/GitWork_Areas/eSTAR_InstrumentCluster/eStar_Cluster_Demo/Core/Src/main.c:762:6:PeriphCommonClock_Config	192	static
D:/GitWork_Areas/eSTAR_InstrumentCluster/eStar_Cluster_Demo/Core/Src/main.c:506:5:main	144	static,ignoring_inline_asm
D:/GitWork_Areas/eSTAR_InstrumentCluster/eStar_Cluster_Demo/Core/Src/main.c:1679:13:SYSCLKConfig_STOP	128	static
D:/GitWork_Areas/eSTAR_InstrumentCluster/eStar_Cluster_Demo/Core/Src/main.c:1715:6:HAL_RTCEx_WakeUpTimerEventCallback	8	static
D:/GitWork_Areas/eSTAR_InstrumentCluster/eStar_Cluster_Demo/Core/Src/main.c:1730:6:HAL_GPIO_EXTI_Callback	8	static
D:/GitWork_Areas/eSTAR_InstrumentCluster/eStar_Cluster_Demo/Core/Src/main.c:1753:6:Disp_imgDataHyperRAM_Init	40	static
D:/GitWork_Areas/eSTAR_InstrumentCluster/eStar_Cluster_Demo/Core/Src/main.c:2567:6:vApplicationStackUsageLimit	0	static
D:/GitWork_Areas/eSTAR_InstrumentCluster/eStar_Cluster_Demo/Core/Src/main.c:2588:6:vMaxTaskRegisteredCallback	0	static
D:/GitWork_Areas/eSTAR_InstrumentCluster/eStar_Cluster_Demo/Core/Src/main.c:2815:6:vTask_demo1PeriodicityCheckErrorHook02	0	static
D:/GitWork_Areas/eSTAR_InstrumentCluster/eStar_Cluster_Demo/Core/Src/main.c:3341:6:vTask_demo1PeriodicityCheckErrorHook07	0	static
D:/GitWork_Areas/eSTAR_InstrumentCluster/eStar_Cluster_Demo/Core/Src/main.c:3547:6:vTask_demo1PeriodicityCheckErrorHook09	0	static
D:/GitWork_Areas/eSTAR_InstrumentCluster/eStar_Cluster_Demo/Core/Src/main.c:3650:6:vTask_demo1PeriodicityCheckErrorHook10	0	static
D:/GitWork_Areas/eSTAR_InstrumentCluster/eStar_Cluster_Demo/Core/Src/main.c:3752:6:vTask_demo1PeriodicityCheckErrorHook11	0	static
D:/GitWork_Areas/eSTAR_InstrumentCluster/eStar_Cluster_Demo/Core/Src/main.c:4038:6:execTimeFault_cb14	0	static
D:/GitWork_Areas/eSTAR_InstrumentCluster/eStar_Cluster_Demo/Core/Src/main.c:4065:6:vTask_demo1PeriodicityCheckErrorHook14	0	static
D:/GitWork_Areas/eSTAR_InstrumentCluster/eStar_Cluster_Demo/Core/Src/main.c:4193:6:HAL_TIM_PeriodElapsedCallback	0	static
D:/GitWork_Areas/eSTAR_InstrumentCluster/eStar_Cluster_Demo/Core/Src/main.c:4210:6:Error_Handler	0	static
