D:/Git_Workspace/eSTAR_InstrumentCluster/eStar_Cluster_Demo/Core/Src/main.c:1117:6:StartDefaultTask	8	static
D:/Git_Workspace/eSTAR_InstrumentCluster/eStar_Cluster_Demo/Core/Src/main.c:1136:6:WDG_SRVC_Task	16	static
D:/Git_Workspace/eSTAR_InstrumentCluster/eStar_Cluster_Demo/Core/Src/main.c:1162:6:DigitalDebounce_Task	8	static
D:/Git_Workspace/eSTAR_InstrumentCluster/eStar_Cluster_Demo/Core/Src/main.c:1184:6:State_Machine	8	static
D:/Git_Workspace/eSTAR_InstrumentCluster/eStar_Cluster_Demo/Core/Src/main.c:149:1:__io_putchar	16	static
D:/Git_Workspace/eSTAR_InstrumentCluster/eStar_Cluster_Demo/Core/Src/main.c:316:6:SystemClock_Config	120	static
D:/Git_Workspace/eSTAR_InstrumentCluster/eStar_Cluster_Demo/Core/Src/main.c:375:6:PeriphCommonClock_Config	192	static
D:/Git_Workspace/eSTAR_InstrumentCluster/eStar_Cluster_Demo/Core/Src/main.c:195:5:main	144	static,ignoring_inline_asm
D:/Git_Workspace/eSTAR_InstrumentCluster/eStar_Cluster_Demo/Core/Src/main.c:1233:6:HAL_TIM_PeriodElapsedCallback	0	static
D:/Git_Workspace/eSTAR_InstrumentCluster/eStar_Cluster_Demo/Core/Src/main.c:1250:6:Error_Handler	0	static
