D:/Git_Workspace/eSTAR_InstrumentCluster/eStar_Cluster_Demo/Core/Src/main.c:1398:6:StartDefaultTask	8	static
D:/Git_Workspace/eSTAR_InstrumentCluster/eStar_Cluster_Demo/Core/Src/main.c:1428:6:WDG_SRVC_Task	8	static
D:/Git_Workspace/eSTAR_InstrumentCluster/eStar_Cluster_Demo/Core/Src/main.c:1453:6:DigitalDebounce_Task	8	static
D:/Git_Workspace/eSTAR_InstrumentCluster/eStar_Cluster_Demo/Core/Src/main.c:1472:6:State_Machine_Task	8	static
D:/Git_Workspace/eSTAR_InstrumentCluster/eStar_Cluster_Demo/Core/Src/main.c:1492:6:Analog_Debounce_Task	16	static
D:/Git_Workspace/eSTAR_InstrumentCluster/eStar_Cluster_Demo/Core/Src/main.c:1519:6:FuelGuageTask	8	static
D:/Git_Workspace/eSTAR_InstrumentCluster/eStar_Cluster_Demo/Core/Src/main.c:1542:6:Odo_Task	8	static
D:/Git_Workspace/eSTAR_InstrumentCluster/eStar_Cluster_Demo/Core/Src/main.c:1561:6:Speedo_Task	8	static
D:/Git_Workspace/eSTAR_InstrumentCluster/eStar_Cluster_Demo/Core/Src/main.c:1580:6:Tacho_Task	8	static
D:/Git_Workspace/eSTAR_InstrumentCluster/eStar_Cluster_Demo/Core/Src/main.c:1599:6:DriverInfoAppTask	16	static
D:/Git_Workspace/eSTAR_InstrumentCluster/eStar_Cluster_Demo/Core/Src/main.c:233:1:__io_putchar	16	static
D:/Git_Workspace/eSTAR_InstrumentCluster/eStar_Cluster_Demo/Core/Src/main.c:447:6:SystemClock_Config	120	static
D:/Git_Workspace/eSTAR_InstrumentCluster/eStar_Cluster_Demo/Core/Src/main.c:513:6:PeriphCommonClock_Config	192	static
D:/Git_Workspace/eSTAR_InstrumentCluster/eStar_Cluster_Demo/Core/Src/main.c:290:5:main	144	static,ignoring_inline_asm
D:/Git_Workspace/eSTAR_InstrumentCluster/eStar_Cluster_Demo/Core/Src/main.c:1362:6:HAL_RTCEx_WakeUpTimerEventCallback	128	static
D:/Git_Workspace/eSTAR_InstrumentCluster/eStar_Cluster_Demo/Core/Src/main.c:1375:6:HAL_GPIO_EXTI_Callback	8	static
D:/Git_Workspace/eSTAR_InstrumentCluster/eStar_Cluster_Demo/Core/Src/main.c:1674:6:HAL_TIM_PeriodElapsedCallback	0	static
D:/Git_Workspace/eSTAR_InstrumentCluster/eStar_Cluster_Demo/Core/Src/main.c:1691:6:Error_Handler	0	static
