D:/Projects/Git_WorkSpace/eSTAR_InstrumentCluster/eStar_Cluster_Demo/Core/Src/main.c:1151:6:StartDefaultTask	8	static
D:/Projects/Git_WorkSpace/eSTAR_InstrumentCluster/eStar_Cluster_Demo/Core/Src/main.c:1181:6:WDG_SRVC_Task	8	static
D:/Projects/Git_WorkSpace/eSTAR_InstrumentCluster/eStar_Cluster_Demo/Core/Src/main.c:1205:6:DigitalDebounce_Task	8	static
D:/Projects/Git_WorkSpace/eSTAR_InstrumentCluster/eStar_Cluster_Demo/Core/Src/main.c:1224:6:State_Machine_Task	8	static
D:/Projects/Git_WorkSpace/eSTAR_InstrumentCluster/eStar_Cluster_Demo/Core/Src/main.c:151:1:__io_putchar	16	static
D:/Projects/Git_WorkSpace/eSTAR_InstrumentCluster/eStar_Cluster_Demo/Core/Src/main.c:320:6:SystemClock_Config	120	static
D:/Projects/Git_WorkSpace/eSTAR_InstrumentCluster/eStar_Cluster_Demo/Core/Src/main.c:386:6:PeriphCommonClock_Config	192	static
D:/Projects/Git_WorkSpace/eSTAR_InstrumentCluster/eStar_Cluster_Demo/Core/Src/main.c:198:5:main	144	static,ignoring_inline_asm
D:/Projects/Git_WorkSpace/eSTAR_InstrumentCluster/eStar_Cluster_Demo/Core/Src/main.c:1117:6:HAL_RTCEx_WakeUpTimerEventCallback	8	static
D:/Projects/Git_WorkSpace/eSTAR_InstrumentCluster/eStar_Cluster_Demo/Core/Src/main.c:1128:6:HAL_GPIO_EXTI_Callback	8	static
D:/Projects/Git_WorkSpace/eSTAR_InstrumentCluster/eStar_Cluster_Demo/Core/Src/main.c:1274:6:HAL_TIM_PeriodElapsedCallback	0	static
D:/Projects/Git_WorkSpace/eSTAR_InstrumentCluster/eStar_Cluster_Demo/Core/Src/main.c:1291:6:Error_Handler	0	static
