D:/MY PROJECTS/GIT_REPOS/eSTAR_InstrumentCluster/eStar_Cluster_Demo/Core/Src/main.c:1505:6:StartDefaultTask	8	static
D:/MY PROJECTS/GIT_REPOS/eSTAR_InstrumentCluster/eStar_Cluster_Demo/Core/Src/main.c:1749:6:CAN_Task	8	static
D:/MY PROJECTS/GIT_REPOS/eSTAR_InstrumentCluster/eStar_Cluster_Demo/Core/Src/main.c:1535:6:WDG_SRVC_Task	8	static
D:/MY PROJECTS/GIT_REPOS/eSTAR_InstrumentCluster/eStar_Cluster_Demo/Core/Src/main.c:1559:6:DigitalDebounce_Task	8	static
D:/MY PROJECTS/GIT_REPOS/eSTAR_InstrumentCluster/eStar_Cluster_Demo/Core/Src/main.c:1579:6:State_Machine_Task	8	static
D:/MY PROJECTS/GIT_REPOS/eSTAR_InstrumentCluster/eStar_Cluster_Demo/Core/Src/main.c:1599:6:Analog_Debounce_Task	16	static
D:/MY PROJECTS/GIT_REPOS/eSTAR_InstrumentCluster/eStar_Cluster_Demo/Core/Src/main.c:1628:6:FuelGuageTask	8	static
D:/MY PROJECTS/GIT_REPOS/eSTAR_InstrumentCluster/eStar_Cluster_Demo/Core/Src/main.c:1651:6:Odo_Task	8	static
D:/MY PROJECTS/GIT_REPOS/eSTAR_InstrumentCluster/eStar_Cluster_Demo/Core/Src/main.c:1670:6:Speedo_Task	8	static
D:/MY PROJECTS/GIT_REPOS/eSTAR_InstrumentCluster/eStar_Cluster_Demo/Core/Src/main.c:1689:6:Tacho_Task	8	static
D:/MY PROJECTS/GIT_REPOS/eSTAR_InstrumentCluster/eStar_Cluster_Demo/Core/Src/main.c:1708:6:SwitchHandlerTask	8	static
D:/MY PROJECTS/GIT_REPOS/eSTAR_InstrumentCluster/eStar_Cluster_Demo/Core/Src/main.c:1729:6:GetClockTask	8	static
D:/MY PROJECTS/GIT_REPOS/eSTAR_InstrumentCluster/eStar_Cluster_Demo/Core/Src/main.c:1769:6:IndicatorApp_Task	8	static
D:/MY PROJECTS/GIT_REPOS/eSTAR_InstrumentCluster/eStar_Cluster_Demo/Core/Src/main.c:278:1:__io_putchar	16	static
D:/MY PROJECTS/GIT_REPOS/eSTAR_InstrumentCluster/eStar_Cluster_Demo/Core/Src/main.c:509:6:SystemClock_Config	120	static
D:/MY PROJECTS/GIT_REPOS/eSTAR_InstrumentCluster/eStar_Cluster_Demo/Core/Src/main.c:575:6:PeriphCommonClock_Config	192	static
D:/MY PROJECTS/GIT_REPOS/eSTAR_InstrumentCluster/eStar_Cluster_Demo/Core/Src/main.c:340:5:main	144	static,ignoring_inline_asm
D:/MY PROJECTS/GIT_REPOS/eSTAR_InstrumentCluster/eStar_Cluster_Demo/Core/Src/main.c:1469:6:HAL_RTCEx_WakeUpTimerEventCallback	128	static
D:/MY PROJECTS/GIT_REPOS/eSTAR_InstrumentCluster/eStar_Cluster_Demo/Core/Src/main.c:1482:6:HAL_GPIO_EXTI_Callback	8	static
D:/MY PROJECTS/GIT_REPOS/eSTAR_InstrumentCluster/eStar_Cluster_Demo/Core/Src/main.c:1827:6:HAL_TIM_PeriodElapsedCallback	0	static
D:/MY PROJECTS/GIT_REPOS/eSTAR_InstrumentCluster/eStar_Cluster_Demo/Core/Src/main.c:1844:6:Error_Handler	0	static
