D:/GIT_Work_Areas/eSTAR_InstrumentCluster/eStar_Cluster_Demo/Core/Src/main.c:1555:6:StartDefaultTask	8	static
D:/GIT_Work_Areas/eSTAR_InstrumentCluster/eStar_Cluster_Demo/Core/Src/main.c:1810:6:CAN_Task	8	static
D:/GIT_Work_Areas/eSTAR_InstrumentCluster/eStar_Cluster_Demo/Core/Src/main.c:1588:6:WDG_SRVC_Task	8	static
D:/GIT_Work_Areas/eSTAR_InstrumentCluster/eStar_Cluster_Demo/Core/Src/main.c:1613:6:DigitalDebounce_Task	8	static
D:/GIT_Work_Areas/eSTAR_InstrumentCluster/eStar_Cluster_Demo/Core/Src/main.c:1638:6:State_Machine_Task	8	static
D:/GIT_Work_Areas/eSTAR_InstrumentCluster/eStar_Cluster_Demo/Core/Src/main.c:1660:6:Analog_Debounce_Task	16	static
D:/GIT_Work_Areas/eSTAR_InstrumentCluster/eStar_Cluster_Demo/Core/Src/main.c:1689:6:FuelGuageTask	8	static
D:/GIT_Work_Areas/eSTAR_InstrumentCluster/eStar_Cluster_Demo/Core/Src/main.c:1712:6:Odo_Task	8	static
D:/GIT_Work_Areas/eSTAR_InstrumentCluster/eStar_Cluster_Demo/Core/Src/main.c:1731:6:Speedo_Task	8	static
D:/GIT_Work_Areas/eSTAR_InstrumentCluster/eStar_Cluster_Demo/Core/Src/main.c:1750:6:Tacho_Task	8	static
D:/GIT_Work_Areas/eSTAR_InstrumentCluster/eStar_Cluster_Demo/Core/Src/main.c:1769:6:SwitchHandlerTask	8	static
D:/GIT_Work_Areas/eSTAR_InstrumentCluster/eStar_Cluster_Demo/Core/Src/main.c:1790:6:GetClockTask	8	static
D:/GIT_Work_Areas/eSTAR_InstrumentCluster/eStar_Cluster_Demo/Core/Src/main.c:1830:6:IndicatorsApp_Task	8	static
D:/GIT_Work_Areas/eSTAR_InstrumentCluster/eStar_Cluster_Demo/Core/Src/main.c:1857:6:ServiceIndicatorApp_Task	8	static
D:/GIT_Work_Areas/eSTAR_InstrumentCluster/eStar_Cluster_Demo/Core/Src/main.c:1876:6:Odometer_Test_App_Task	16	static
D:/GIT_Work_Areas/eSTAR_InstrumentCluster/eStar_Cluster_Demo/Core/Src/main.c:306:1:__io_putchar	16	static
D:/GIT_Work_Areas/eSTAR_InstrumentCluster/eStar_Cluster_Demo/Core/Src/main.c:549:6:SystemClock_Config	120	static
D:/GIT_Work_Areas/eSTAR_InstrumentCluster/eStar_Cluster_Demo/Core/Src/main.c:615:6:PeriphCommonClock_Config	192	static
D:/GIT_Work_Areas/eSTAR_InstrumentCluster/eStar_Cluster_Demo/Core/Src/main.c:369:5:main	144	static,ignoring_inline_asm
D:/GIT_Work_Areas/eSTAR_InstrumentCluster/eStar_Cluster_Demo/Core/Src/main.c:1519:6:HAL_RTCEx_WakeUpTimerEventCallback	128	static
D:/GIT_Work_Areas/eSTAR_InstrumentCluster/eStar_Cluster_Demo/Core/Src/main.c:1532:6:HAL_GPIO_EXTI_Callback	8	static
D:/GIT_Work_Areas/eSTAR_InstrumentCluster/eStar_Cluster_Demo/Core/Src/main.c:1931:6:HAL_TIM_PeriodElapsedCallback	0	static
D:/GIT_Work_Areas/eSTAR_InstrumentCluster/eStar_Cluster_Demo/Core/Src/main.c:1948:6:Error_Handler	0	static
