D:/Projects/Git_WorkSpace/eSTAR_InstrumentCluster/eStar_Cluster_Demo/Core/Src/main.c:1117:6:StartDefaultTask	1
D:/Projects/Git_WorkSpace/eSTAR_InstrumentCluster/eStar_Cluster_Demo/Core/Src/main.c:1161:6:DigitalDebounce_Task	1
D:/Projects/Git_WorkSpace/eSTAR_InstrumentCluster/eStar_Cluster_Demo/Core/Src/main.c:1135:6:WDG_SRVC_Task	8
D:/Projects/Git_WorkSpace/eSTAR_InstrumentCluster/eStar_Cluster_Demo/Core/Src/main.c:1179:6:State_Machine_Task	1
D:/Projects/Git_WorkSpace/eSTAR_InstrumentCluster/eStar_Cluster_Demo/Core/Src/main.c:149:1:__io_putchar	1
D:/Projects/Git_WorkSpace/eSTAR_InstrumentCluster/eStar_Cluster_Demo/Core/Src/main.c:316:6:SystemClock_Config	2
D:/Projects/Git_WorkSpace/eSTAR_InstrumentCluster/eStar_Cluster_Demo/Core/Src/main.c:375:6:PeriphCommonClock_Config	1
D:/Projects/Git_WorkSpace/eSTAR_InstrumentCluster/eStar_Cluster_Demo/Core/Src/main.c:195:5:main	5
D:/Projects/Git_WorkSpace/eSTAR_InstrumentCluster/eStar_Cluster_Demo/Core/Src/main.c:1227:6:HAL_TIM_PeriodElapsedCallback	2
D:/Projects/Git_WorkSpace/eSTAR_InstrumentCluster/eStar_Cluster_Demo/Core/Src/main.c:1244:6:Error_Handler	1
