D:/Git_Workspace/eSTAR_InstrumentCluster/eStar_Cluster_Demo/Core/Src/main.c:1097:6:StartDefaultTask	8	static
D:/Git_Workspace/eSTAR_InstrumentCluster/eStar_Cluster_Demo/Core/Src/main.c:1116:6:WDG_SRVC_Task	16	static
D:/Git_Workspace/eSTAR_InstrumentCluster/eStar_Cluster_Demo/Core/Src/main.c:1142:6:Dig_Deb_Task	8	static
D:/Git_Workspace/eSTAR_InstrumentCluster/eStar_Cluster_Demo/Core/Src/main.c:1162:6:State_Machine	8	static
D:/Git_Workspace/eSTAR_InstrumentCluster/eStar_Cluster_Demo/Core/Src/main.c:121:1:__io_putchar	16	static
D:/Git_Workspace/eSTAR_InstrumentCluster/eStar_Cluster_Demo/Core/Src/main.c:288:6:SystemClock_Config	120	static
D:/Git_Workspace/eSTAR_InstrumentCluster/eStar_Cluster_Demo/Core/Src/main.c:347:6:PeriphCommonClock_Config	192	static
D:/Git_Workspace/eSTAR_InstrumentCluster/eStar_Cluster_Demo/Core/Src/main.c:167:5:main	144	static,ignoring_inline_asm
D:/Git_Workspace/eSTAR_InstrumentCluster/eStar_Cluster_Demo/Core/Src/main.c:1082:6:debounceTestApp	0	static
D:/Git_Workspace/eSTAR_InstrumentCluster/eStar_Cluster_Demo/Core/Src/main.c:1211:6:HAL_TIM_PeriodElapsedCallback	0	static
D:/Git_Workspace/eSTAR_InstrumentCluster/eStar_Cluster_Demo/Core/Src/main.c:1228:6:Error_Handler	0	static
