D:/Govind_WorkSpace/Github_Workspace/eSTAR_InstrumentCluster/eStar_Cluster_Demo/Core/Src/main.c:1761:6:execTimeFault_cb1	0	static
D:/Govind_WorkSpace/Github_Workspace/eSTAR_InstrumentCluster/eStar_Cluster_Demo/Core/Src/main.c:1833:6:execTimeFault_cb2	0	static
D:/Govind_WorkSpace/Github_Workspace/eSTAR_InstrumentCluster/eStar_Cluster_Demo/Core/Src/main.c:1854:6:vTask_demo1PeriodicityCheckErrorHook	0	static
D:/Govind_WorkSpace/Github_Workspace/eSTAR_InstrumentCluster/eStar_Cluster_Demo/Core/Src/main.c:1879:6:vTask_demo1PeriodicityCheckErrorHook1	0	static
D:/Govind_WorkSpace/Github_Workspace/eSTAR_InstrumentCluster/eStar_Cluster_Demo/Core/Src/main.c:1903:6:vTask_demo1PeriodicityCheckErrorHookcan	0	static
D:/Govind_WorkSpace/Github_Workspace/eSTAR_InstrumentCluster/eStar_Cluster_Demo/Core/Src/main.c:1965:6:execTimeFault_cb3	0	static
D:/Govind_WorkSpace/Github_Workspace/eSTAR_InstrumentCluster/eStar_Cluster_Demo/Core/Src/main.c:1985:6:vTask_demo1PeriodicityCheckErrorHook3	0	static
D:/Govind_WorkSpace/Github_Workspace/eSTAR_InstrumentCluster/eStar_Cluster_Demo/Core/Src/main.c:1730:6:StartDefaultTask	8	static
D:/Govind_WorkSpace/Github_Workspace/eSTAR_InstrumentCluster/eStar_Cluster_Demo/Core/Src/main.c:1781:6:WDG_SRVC_Task	8	static
D:/Govind_WorkSpace/Github_Workspace/eSTAR_InstrumentCluster/eStar_Cluster_Demo/Core/Src/main.c:1806:6:DigitalDebounce_Task	8	static
D:/Govind_WorkSpace/Github_Workspace/eSTAR_InstrumentCluster/eStar_Cluster_Demo/Core/Src/main.c:2258:6:CAN_Task	8	static
D:/Govind_WorkSpace/Github_Workspace/eSTAR_InstrumentCluster/eStar_Cluster_Demo/Core/Src/main.c:2020:6:State_Machine_Task	8	static
D:/Govind_WorkSpace/Github_Workspace/eSTAR_InstrumentCluster/eStar_Cluster_Demo/Core/Src/main.c:2047:6:Analog_Debounce_Task	16	static
D:/Govind_WorkSpace/Github_Workspace/eSTAR_InstrumentCluster/eStar_Cluster_Demo/Core/Src/main.c:2084:6:FuelGuageTask	8	static
D:/Govind_WorkSpace/Github_Workspace/eSTAR_InstrumentCluster/eStar_Cluster_Demo/Core/Src/main.c:2113:6:Odo_Task	8	static
D:/Govind_WorkSpace/Github_Workspace/eSTAR_InstrumentCluster/eStar_Cluster_Demo/Core/Src/main.c:2142:6:Speedo_Task	8	static
D:/Govind_WorkSpace/Github_Workspace/eSTAR_InstrumentCluster/eStar_Cluster_Demo/Core/Src/main.c:2169:6:Tacho_Task	8	static
D:/Govind_WorkSpace/Github_Workspace/eSTAR_InstrumentCluster/eStar_Cluster_Demo/Core/Src/main.c:2194:6:SwitchHandlerTask	8	static
D:/Govind_WorkSpace/Github_Workspace/eSTAR_InstrumentCluster/eStar_Cluster_Demo/Core/Src/main.c:2229:6:GetClockTask	8	static
D:/Govind_WorkSpace/Github_Workspace/eSTAR_InstrumentCluster/eStar_Cluster_Demo/Core/Src/main.c:2287:6:IndicatorsApp_Task	8	static
D:/Govind_WorkSpace/Github_Workspace/eSTAR_InstrumentCluster/eStar_Cluster_Demo/Core/Src/main.c:2315:6:ServiceIndicatorApp_Task	8	static
D:/Govind_WorkSpace/Github_Workspace/eSTAR_InstrumentCluster/eStar_Cluster_Demo/Core/Src/main.c:400:1:__io_putchar	16	static
D:/Govind_WorkSpace/Github_Workspace/eSTAR_InstrumentCluster/eStar_Cluster_Demo/Core/Src/main.c:648:6:SystemClock_Config	120	static
D:/Govind_WorkSpace/Github_Workspace/eSTAR_InstrumentCluster/eStar_Cluster_Demo/Core/Src/main.c:714:6:PeriphCommonClock_Config	192	static
D:/Govind_WorkSpace/Github_Workspace/eSTAR_InstrumentCluster/eStar_Cluster_Demo/Core/Src/main.c:468:5:main	144	static,ignoring_inline_asm
D:/Govind_WorkSpace/Github_Workspace/eSTAR_InstrumentCluster/eStar_Cluster_Demo/Core/Src/main.c:1694:6:HAL_RTCEx_WakeUpTimerEventCallback	128	static
D:/Govind_WorkSpace/Github_Workspace/eSTAR_InstrumentCluster/eStar_Cluster_Demo/Core/Src/main.c:1707:6:HAL_GPIO_EXTI_Callback	8	static
D:/Govind_WorkSpace/Github_Workspace/eSTAR_InstrumentCluster/eStar_Cluster_Demo/Core/Src/main.c:1927:6:vApplicationStackUsageLimit	0	static
D:/Govind_WorkSpace/Github_Workspace/eSTAR_InstrumentCluster/eStar_Cluster_Demo/Core/Src/main.c:1948:6:vMaxTaskRegisteredCallback	0	static
D:/Govind_WorkSpace/Github_Workspace/eSTAR_InstrumentCluster/eStar_Cluster_Demo/Core/Src/main.c:2371:6:HAL_TIM_PeriodElapsedCallback	0	static
D:/Govind_WorkSpace/Github_Workspace/eSTAR_InstrumentCluster/eStar_Cluster_Demo/Core/Src/main.c:2388:6:Error_Handler	0	static
