D:/estar_GIT/eSTAR_InstrumentCluster/eStar_Cluster_Demo/Core/Src/main.c:1483:6:StartDefaultTask	8	static
D:/estar_GIT/eSTAR_InstrumentCluster/eStar_Cluster_Demo/Core/Src/main.c:1513:6:WDG_SRVC_Task	8	static
D:/estar_GIT/eSTAR_InstrumentCluster/eStar_Cluster_Demo/Core/Src/main.c:1537:6:DigitalDebounce_Task	8	static
D:/estar_GIT/eSTAR_InstrumentCluster/eStar_Cluster_Demo/Core/Src/main.c:1557:6:State_Machine_Task	8	static
D:/estar_GIT/eSTAR_InstrumentCluster/eStar_Cluster_Demo/Core/Src/main.c:1577:6:Analog_Debounce_Task	16	static
D:/estar_GIT/eSTAR_InstrumentCluster/eStar_Cluster_Demo/Core/Src/main.c:1606:6:FuelGuageTask	8	static
D:/estar_GIT/eSTAR_InstrumentCluster/eStar_Cluster_Demo/Core/Src/main.c:1629:6:Odo_Task	8	static
D:/estar_GIT/eSTAR_InstrumentCluster/eStar_Cluster_Demo/Core/Src/main.c:1648:6:Speedo_Task	8	static
D:/estar_GIT/eSTAR_InstrumentCluster/eStar_Cluster_Demo/Core/Src/main.c:1667:6:Tacho_Task	8	static
D:/estar_GIT/eSTAR_InstrumentCluster/eStar_Cluster_Demo/Core/Src/main.c:1686:6:SwitchHandlerTask	8	static
D:/estar_GIT/eSTAR_InstrumentCluster/eStar_Cluster_Demo/Core/Src/main.c:1707:6:GetClockTask	8	static
D:/estar_GIT/eSTAR_InstrumentCluster/eStar_Cluster_Demo/Core/Src/main.c:1727:6:CAN_Task	8	static
D:/estar_GIT/eSTAR_InstrumentCluster/eStar_Cluster_Demo/Core/Src/main.c:262:1:__io_putchar	16	static
D:/estar_GIT/eSTAR_InstrumentCluster/eStar_Cluster_Demo/Core/Src/main.c:487:6:SystemClock_Config	120	static
D:/estar_GIT/eSTAR_InstrumentCluster/eStar_Cluster_Demo/Core/Src/main.c:553:6:PeriphCommonClock_Config	192	static
D:/estar_GIT/eSTAR_InstrumentCluster/eStar_Cluster_Demo/Core/Src/main.c:322:5:main	144	static,ignoring_inline_asm
D:/estar_GIT/eSTAR_InstrumentCluster/eStar_Cluster_Demo/Core/Src/main.c:1447:6:HAL_RTCEx_WakeUpTimerEventCallback	128	static
D:/estar_GIT/eSTAR_InstrumentCluster/eStar_Cluster_Demo/Core/Src/main.c:1460:6:HAL_GPIO_EXTI_Callback	8	static
D:/estar_GIT/eSTAR_InstrumentCluster/eStar_Cluster_Demo/Core/Src/main.c:1776:6:HAL_TIM_PeriodElapsedCallback	0	static
D:/estar_GIT/eSTAR_InstrumentCluster/eStar_Cluster_Demo/Core/Src/main.c:1793:6:Error_Handler	0	static
