D:/GitWork_Areas/eSTAR_InstrumentCluster/eStar_Cluster_Demo/Core/Src/main.c:1790:6:execTimeFault_cb1	0	static
D:/GitWork_Areas/eSTAR_InstrumentCluster/eStar_Cluster_Demo/Core/Src/main.c:1867:6:execTimeFault_cb2	0	static
D:/GitWork_Areas/eSTAR_InstrumentCluster/eStar_Cluster_Demo/Core/Src/main.c:1888:6:vTask_demo1PeriodicityCheckErrorHook	0	static
D:/GitWork_Areas/eSTAR_InstrumentCluster/eStar_Cluster_Demo/Core/Src/main.c:1913:6:vTask_demo1PeriodicityCheckErrorHook1	0	static
D:/GitWork_Areas/eSTAR_InstrumentCluster/eStar_Cluster_Demo/Core/Src/main.c:1937:6:vTask_demo1PeriodicityCheckErrorHookcan	0	static
D:/GitWork_Areas/eSTAR_InstrumentCluster/eStar_Cluster_Demo/Core/Src/main.c:1999:6:execTimeFault_cb3	0	static
D:/GitWork_Areas/eSTAR_InstrumentCluster/eStar_Cluster_Demo/Core/Src/main.c:2019:6:vTask_demo1PeriodicityCheckErrorHook3	0	static
D:/GitWork_Areas/eSTAR_InstrumentCluster/eStar_Cluster_Demo/Core/Src/main.c:2043:6:SwitchErrorHook1	0	static
D:/GitWork_Areas/eSTAR_InstrumentCluster/eStar_Cluster_Demo/Core/Src/main.c:2059:6:SwitchErrorHook2	0	static
D:/GitWork_Areas/eSTAR_InstrumentCluster/eStar_Cluster_Demo/Core/Src/main.c:2075:6:SwitchErrorHook3	0	static
D:/GitWork_Areas/eSTAR_InstrumentCluster/eStar_Cluster_Demo/Core/Src/main.c:2091:6:SwitchErrorHook4	0	static
D:/GitWork_Areas/eSTAR_InstrumentCluster/eStar_Cluster_Demo/Core/Src/main.c:2107:6:SwitchErrorHook5	0	static
D:/GitWork_Areas/eSTAR_InstrumentCluster/eStar_Cluster_Demo/Core/Src/main.c:2123:6:SwitchErrorHook6	0	static
D:/GitWork_Areas/eSTAR_InstrumentCluster/eStar_Cluster_Demo/Core/Src/main.c:2139:6:SwitchErrorHook7	0	static
D:/GitWork_Areas/eSTAR_InstrumentCluster/eStar_Cluster_Demo/Core/Src/main.c:2155:6:SwitchErrorHook8	0	static
D:/GitWork_Areas/eSTAR_InstrumentCluster/eStar_Cluster_Demo/Core/Src/main.c:2171:6:SwitchErrorHook9	0	static
D:/GitWork_Areas/eSTAR_InstrumentCluster/eStar_Cluster_Demo/Core/Src/main.c:2187:6:SwitchErrorHook10	0	static
D:/GitWork_Areas/eSTAR_InstrumentCluster/eStar_Cluster_Demo/Core/Src/main.c:2203:6:SwitchErrorHook11	0	static
D:/GitWork_Areas/eSTAR_InstrumentCluster/eStar_Cluster_Demo/Core/Src/main.c:2219:6:SwitchErrorHook12	0	static
D:/GitWork_Areas/eSTAR_InstrumentCluster/eStar_Cluster_Demo/Core/Src/main.c:2236:6:SwitchErrorHook13	0	static
D:/GitWork_Areas/eSTAR_InstrumentCluster/eStar_Cluster_Demo/Core/Src/main.c:1758:6:StartDefaultTask	8	static
D:/GitWork_Areas/eSTAR_InstrumentCluster/eStar_Cluster_Demo/Core/Src/main.c:1810:6:WDG_SRVC_Task	8	static
D:/GitWork_Areas/eSTAR_InstrumentCluster/eStar_Cluster_Demo/Core/Src/main.c:1835:6:DigitalDebounce_Task	16	static
D:/GitWork_Areas/eSTAR_InstrumentCluster/eStar_Cluster_Demo/Core/Src/main.c:2539:6:CAN_Task	16	static
D:/GitWork_Areas/eSTAR_InstrumentCluster/eStar_Cluster_Demo/Core/Src/main.c:2261:6:State_Machine_Task	16	static
D:/GitWork_Areas/eSTAR_InstrumentCluster/eStar_Cluster_Demo/Core/Src/main.c:2293:6:Analog_Debounce_Task	16	static
D:/GitWork_Areas/eSTAR_InstrumentCluster/eStar_Cluster_Demo/Core/Src/main.c:2335:6:FuelGuageTask	16	static
D:/GitWork_Areas/eSTAR_InstrumentCluster/eStar_Cluster_Demo/Core/Src/main.c:2369:6:Odo_Task	16	static
D:/GitWork_Areas/eSTAR_InstrumentCluster/eStar_Cluster_Demo/Core/Src/main.c:2403:6:Speedo_Task	16	static
D:/GitWork_Areas/eSTAR_InstrumentCluster/eStar_Cluster_Demo/Core/Src/main.c:2435:6:Tacho_Task	16	static
D:/GitWork_Areas/eSTAR_InstrumentCluster/eStar_Cluster_Demo/Core/Src/main.c:2465:6:SwitchHandlerTask	16	static
D:/GitWork_Areas/eSTAR_InstrumentCluster/eStar_Cluster_Demo/Core/Src/main.c:2505:6:GetClockTask	16	static
D:/GitWork_Areas/eSTAR_InstrumentCluster/eStar_Cluster_Demo/Core/Src/main.c:2573:6:IndicatorsApp_Task	16	static
D:/GitWork_Areas/eSTAR_InstrumentCluster/eStar_Cluster_Demo/Core/Src/main.c:2606:6:ServiceIndicatorApp_Task	16	static
D:/GitWork_Areas/eSTAR_InstrumentCluster/eStar_Cluster_Demo/Core/Src/main.c:2637:6:deadlockTest_task	8	static
D:/GitWork_Areas/eSTAR_InstrumentCluster/eStar_Cluster_Demo/Core/Src/main.c:412:1:__io_putchar	16	static
D:/GitWork_Areas/eSTAR_InstrumentCluster/eStar_Cluster_Demo/Core/Src/main.c:676:6:SystemClock_Config	120	static
D:/GitWork_Areas/eSTAR_InstrumentCluster/eStar_Cluster_Demo/Core/Src/main.c:742:6:PeriphCommonClock_Config	192	static
D:/GitWork_Areas/eSTAR_InstrumentCluster/eStar_Cluster_Demo/Core/Src/main.c:493:5:main	144	static,ignoring_inline_asm
D:/GitWork_Areas/eSTAR_InstrumentCluster/eStar_Cluster_Demo/Core/Src/main.c:1722:6:HAL_RTCEx_WakeUpTimerEventCallback	128	static
D:/GitWork_Areas/eSTAR_InstrumentCluster/eStar_Cluster_Demo/Core/Src/main.c:1735:6:HAL_GPIO_EXTI_Callback	8	static
D:/GitWork_Areas/eSTAR_InstrumentCluster/eStar_Cluster_Demo/Core/Src/main.c:1961:6:vApplicationStackUsageLimit	0	static
D:/GitWork_Areas/eSTAR_InstrumentCluster/eStar_Cluster_Demo/Core/Src/main.c:1982:6:vMaxTaskRegisteredCallback	0	static
D:/GitWork_Areas/eSTAR_InstrumentCluster/eStar_Cluster_Demo/Core/Src/main.c:2689:6:HAL_TIM_PeriodElapsedCallback	0	static
D:/GitWork_Areas/eSTAR_InstrumentCluster/eStar_Cluster_Demo/Core/Src/main.c:2706:6:Error_Handler	0	static
