D:/GIT_WorkAreas/eSTAR_InstrumentCluster/eStar_Cluster_Demo/Core/Src/main.c:1599:6:StartDefaultTask	8	static
D:/GIT_WorkAreas/eSTAR_InstrumentCluster/eStar_Cluster_Demo/Core/Src/main.c:1854:6:CAN_Task	8	static
D:/GIT_WorkAreas/eSTAR_InstrumentCluster/eStar_Cluster_Demo/Core/Src/main.c:1632:6:WDG_SRVC_Task	8	static
D:/GIT_WorkAreas/eSTAR_InstrumentCluster/eStar_Cluster_Demo/Core/Src/main.c:1657:6:DigitalDebounce_Task	8	static
D:/GIT_WorkAreas/eSTAR_InstrumentCluster/eStar_Cluster_Demo/Core/Src/main.c:1682:6:State_Machine_Task	8	static
D:/GIT_WorkAreas/eSTAR_InstrumentCluster/eStar_Cluster_Demo/Core/Src/main.c:1704:6:Analog_Debounce_Task	16	static
D:/GIT_WorkAreas/eSTAR_InstrumentCluster/eStar_Cluster_Demo/Core/Src/main.c:1733:6:FuelGuageTask	8	static
D:/GIT_WorkAreas/eSTAR_InstrumentCluster/eStar_Cluster_Demo/Core/Src/main.c:1756:6:Odo_Task	8	static
D:/GIT_WorkAreas/eSTAR_InstrumentCluster/eStar_Cluster_Demo/Core/Src/main.c:1775:6:Speedo_Task	8	static
D:/GIT_WorkAreas/eSTAR_InstrumentCluster/eStar_Cluster_Demo/Core/Src/main.c:1794:6:Tacho_Task	8	static
D:/GIT_WorkAreas/eSTAR_InstrumentCluster/eStar_Cluster_Demo/Core/Src/main.c:1813:6:SwitchHandlerTask	8	static
D:/GIT_WorkAreas/eSTAR_InstrumentCluster/eStar_Cluster_Demo/Core/Src/main.c:1834:6:GetClockTask	8	static
D:/GIT_WorkAreas/eSTAR_InstrumentCluster/eStar_Cluster_Demo/Core/Src/main.c:1874:6:IndicatorsApp_Task	8	static
D:/GIT_WorkAreas/eSTAR_InstrumentCluster/eStar_Cluster_Demo/Core/Src/main.c:1901:6:ServiceIndicatorApp_Task	8	static
D:/GIT_WorkAreas/eSTAR_InstrumentCluster/eStar_Cluster_Demo/Core/Src/main.c:297:1:__io_putchar	16	static
D:/GIT_WorkAreas/eSTAR_InstrumentCluster/eStar_Cluster_Demo/Core/Src/main.c:543:6:SystemClock_Config	120	static
D:/GIT_WorkAreas/eSTAR_InstrumentCluster/eStar_Cluster_Demo/Core/Src/main.c:609:6:PeriphCommonClock_Config	192	static
D:/GIT_WorkAreas/eSTAR_InstrumentCluster/eStar_Cluster_Demo/Core/Src/main.c:1513:6:HAL_RTCEx_WakeUpTimerEventCallback	128	static
D:/GIT_WorkAreas/eSTAR_InstrumentCluster/eStar_Cluster_Demo/Core/Src/main.c:1526:6:HAL_GPIO_EXTI_Callback	8	static
D:/GIT_WorkAreas/eSTAR_InstrumentCluster/eStar_Cluster_Demo/Core/Src/main.c:1545:6:Disp_imgDataHyperRAM_Init	8	static
D:/GIT_WorkAreas/eSTAR_InstrumentCluster/eStar_Cluster_Demo/Core/Src/main.c:363:5:main	144	static,ignoring_inline_asm
D:/GIT_WorkAreas/eSTAR_InstrumentCluster/eStar_Cluster_Demo/Core/Src/main.c:1980:6:HAL_TIM_PeriodElapsedCallback	0	static
D:/GIT_WorkAreas/eSTAR_InstrumentCluster/eStar_Cluster_Demo/Core/Src/main.c:1997:6:Error_Handler	0	static
