D:/MY PROJECTS/GIT_REPOS/eSTAR_InstrumentCluster/eStar_Cluster_Demo/Core/Src/main.c:1503:6:StartDefaultTask	8	static
D:/MY PROJECTS/GIT_REPOS/eSTAR_InstrumentCluster/eStar_Cluster_Demo/Core/Src/main.c:1747:6:CAN_Task	8	static
D:/MY PROJECTS/GIT_REPOS/eSTAR_InstrumentCluster/eStar_Cluster_Demo/Core/Src/main.c:1533:6:WDG_SRVC_Task	8	static
D:/MY PROJECTS/GIT_REPOS/eSTAR_InstrumentCluster/eStar_Cluster_Demo/Core/Src/main.c:1557:6:DigitalDebounce_Task	8	static
D:/MY PROJECTS/GIT_REPOS/eSTAR_InstrumentCluster/eStar_Cluster_Demo/Core/Src/main.c:1577:6:State_Machine_Task	8	static
D:/MY PROJECTS/GIT_REPOS/eSTAR_InstrumentCluster/eStar_Cluster_Demo/Core/Src/main.c:1597:6:Analog_Debounce_Task	16	static
D:/MY PROJECTS/GIT_REPOS/eSTAR_InstrumentCluster/eStar_Cluster_Demo/Core/Src/main.c:1626:6:FuelGuageTask	8	static
D:/MY PROJECTS/GIT_REPOS/eSTAR_InstrumentCluster/eStar_Cluster_Demo/Core/Src/main.c:1649:6:Odo_Task	8	static
D:/MY PROJECTS/GIT_REPOS/eSTAR_InstrumentCluster/eStar_Cluster_Demo/Core/Src/main.c:1668:6:Speedo_Task	8	static
D:/MY PROJECTS/GIT_REPOS/eSTAR_InstrumentCluster/eStar_Cluster_Demo/Core/Src/main.c:1687:6:Tacho_Task	8	static
D:/MY PROJECTS/GIT_REPOS/eSTAR_InstrumentCluster/eStar_Cluster_Demo/Core/Src/main.c:1706:6:SwitchHandlerTask	8	static
D:/MY PROJECTS/GIT_REPOS/eSTAR_InstrumentCluster/eStar_Cluster_Demo/Core/Src/main.c:1727:6:GetClockTask	8	static
D:/MY PROJECTS/GIT_REPOS/eSTAR_InstrumentCluster/eStar_Cluster_Demo/Core/Src/main.c:1767:6:IndicatorsApp_Task	8	static
D:/MY PROJECTS/GIT_REPOS/eSTAR_InstrumentCluster/eStar_Cluster_Demo/Core/Src/main.c:277:1:__io_putchar	16	static
D:/MY PROJECTS/GIT_REPOS/eSTAR_InstrumentCluster/eStar_Cluster_Demo/Core/Src/main.c:507:6:SystemClock_Config	120	static
D:/MY PROJECTS/GIT_REPOS/eSTAR_InstrumentCluster/eStar_Cluster_Demo/Core/Src/main.c:573:6:PeriphCommonClock_Config	192	static
D:/MY PROJECTS/GIT_REPOS/eSTAR_InstrumentCluster/eStar_Cluster_Demo/Core/Src/main.c:338:5:main	144	static,ignoring_inline_asm
D:/MY PROJECTS/GIT_REPOS/eSTAR_InstrumentCluster/eStar_Cluster_Demo/Core/Src/main.c:1467:6:HAL_RTCEx_WakeUpTimerEventCallback	128	static
D:/MY PROJECTS/GIT_REPOS/eSTAR_InstrumentCluster/eStar_Cluster_Demo/Core/Src/main.c:1480:6:HAL_GPIO_EXTI_Callback	8	static
D:/MY PROJECTS/GIT_REPOS/eSTAR_InstrumentCluster/eStar_Cluster_Demo/Core/Src/main.c:1824:6:HAL_TIM_PeriodElapsedCallback	0	static
D:/MY PROJECTS/GIT_REPOS/eSTAR_InstrumentCluster/eStar_Cluster_Demo/Core/Src/main.c:1841:6:Error_Handler	0	static
