D:/GIT_WorkAreas/eSTAR_InstrumentCluster/eStar_Cluster_Demo/Core/Src/main.c:2014:6:StartDefaultTask	8	static
D:/GIT_WorkAreas/eSTAR_InstrumentCluster/eStar_Cluster_Demo/Core/Src/main.c:2172:6:Odo_Task	8	static
D:/GIT_WorkAreas/eSTAR_InstrumentCluster/eStar_Cluster_Demo/Core/Src/main.c:2271:6:CAN_Task	8	static
D:/GIT_WorkAreas/eSTAR_InstrumentCluster/eStar_Cluster_Demo/Core/Src/main.c:2072:6:DigitalDebounce_Task	8	static
D:/GIT_WorkAreas/eSTAR_InstrumentCluster/eStar_Cluster_Demo/Core/Src/main.c:2097:6:State_Machine_Task	8	static
D:/GIT_WorkAreas/eSTAR_InstrumentCluster/eStar_Cluster_Demo/Core/Src/main.c:2119:6:Analog_Debounce_Task	8	static
D:/GIT_WorkAreas/eSTAR_InstrumentCluster/eStar_Cluster_Demo/Core/Src/main.c:2149:6:FuelGuageTask	8	static
D:/GIT_WorkAreas/eSTAR_InstrumentCluster/eStar_Cluster_Demo/Core/Src/main.c:2192:6:Speedo_Task	8	static
D:/GIT_WorkAreas/eSTAR_InstrumentCluster/eStar_Cluster_Demo/Core/Src/main.c:2211:6:Tacho_Task	8	static
D:/GIT_WorkAreas/eSTAR_InstrumentCluster/eStar_Cluster_Demo/Core/Src/main.c:2230:6:SwitchHandlerTask	8	static
D:/GIT_WorkAreas/eSTAR_InstrumentCluster/eStar_Cluster_Demo/Core/Src/main.c:2251:6:GetClockTask	8	static
D:/GIT_WorkAreas/eSTAR_InstrumentCluster/eStar_Cluster_Demo/Core/Src/main.c:2291:6:IndicatorsApp_Task	8	static
D:/GIT_WorkAreas/eSTAR_InstrumentCluster/eStar_Cluster_Demo/Core/Src/main.c:2318:6:ServiceIndicatorApp_Task	8	static
D:/GIT_WorkAreas/eSTAR_InstrumentCluster/eStar_Cluster_Demo/Core/Src/main.c:297:1:__io_putchar	16	static
D:/GIT_WorkAreas/eSTAR_InstrumentCluster/eStar_Cluster_Demo/Core/Src/main.c:612:6:SystemClock_Config	120	static
D:/GIT_WorkAreas/eSTAR_InstrumentCluster/eStar_Cluster_Demo/Core/Src/main.c:678:6:PeriphCommonClock_Config	192	static
D:/GIT_WorkAreas/eSTAR_InstrumentCluster/eStar_Cluster_Demo/Core/Src/main.c:433:5:main	144	static,ignoring_inline_asm
D:/GIT_WorkAreas/eSTAR_InstrumentCluster/eStar_Cluster_Demo/Core/Src/main.c:1582:6:HAL_RTCEx_WakeUpTimerEventCallback	128	static
D:/GIT_WorkAreas/eSTAR_InstrumentCluster/eStar_Cluster_Demo/Core/Src/main.c:1595:6:HAL_GPIO_EXTI_Callback	8	static
D:/GIT_WorkAreas/eSTAR_InstrumentCluster/eStar_Cluster_Demo/Core/Src/main.c:1614:6:Disp_imgDataHyperRAM_Init	8	static
D:/GIT_WorkAreas/eSTAR_InstrumentCluster/eStar_Cluster_Demo/Core/Src/main.c:2047:6:WDG_SRVC_Task	8	static
D:/GIT_WorkAreas/eSTAR_InstrumentCluster/eStar_Cluster_Demo/Core/Src/main.c:2397:6:HAL_TIM_PeriodElapsedCallback	0	static
D:/GIT_WorkAreas/eSTAR_InstrumentCluster/eStar_Cluster_Demo/Core/Src/main.c:2414:6:Error_Handler	0	static
