D:/Govind_WorkSpace/Github_Workspace/eSTAR_InstrumentCluster/eStar_Cluster_Demo/Core/Src/main.c:1760:6:execTimeFault_cb1	0	static
D:/Govind_WorkSpace/Github_Workspace/eSTAR_InstrumentCluster/eStar_Cluster_Demo/Core/Src/main.c:1785:6:execTimeFault_cb2	0	static
D:/Govind_WorkSpace/Github_Workspace/eSTAR_InstrumentCluster/eStar_Cluster_Demo/Core/Src/main.c:1806:6:vTask_demo1PeriodicityCheckErrorHook	0	static
D:/Govind_WorkSpace/Github_Workspace/eSTAR_InstrumentCluster/eStar_Cluster_Demo/Core/Src/main.c:1831:6:vTask_demo1PeriodicityCheckErrorHook1	0	static
D:/Govind_WorkSpace/Github_Workspace/eSTAR_InstrumentCluster/eStar_Cluster_Demo/Core/Src/main.c:1855:6:vTask_demo1PeriodicityCheckErrorHookcan	0	static
D:/Govind_WorkSpace/Github_Workspace/eSTAR_InstrumentCluster/eStar_Cluster_Demo/Core/Src/main.c:1917:6:execTimeFault_cb3	0	static
D:/Govind_WorkSpace/Github_Workspace/eSTAR_InstrumentCluster/eStar_Cluster_Demo/Core/Src/main.c:1937:6:vTask_demo1PeriodicityCheckErrorHook3	0	static
D:/Govind_WorkSpace/Github_Workspace/eSTAR_InstrumentCluster/eStar_Cluster_Demo/Core/Src/main.c:1729:6:StartDefaultTask	8	static
D:/Govind_WorkSpace/Github_Workspace/eSTAR_InstrumentCluster/eStar_Cluster_Demo/Core/Src/main.c:1963:6:WDG_SRVC_Task	8	static
D:/Govind_WorkSpace/Github_Workspace/eSTAR_InstrumentCluster/eStar_Cluster_Demo/Core/Src/main.c:1988:6:DigitalDebounce_Task	8	static
D:/Govind_WorkSpace/Github_Workspace/eSTAR_InstrumentCluster/eStar_Cluster_Demo/Core/Src/main.c:2258:6:CAN_Task	8	static
D:/Govind_WorkSpace/Github_Workspace/eSTAR_InstrumentCluster/eStar_Cluster_Demo/Core/Src/main.c:2018:6:State_Machine_Task	8	static
D:/Govind_WorkSpace/Github_Workspace/eSTAR_InstrumentCluster/eStar_Cluster_Demo/Core/Src/main.c:2045:6:Analog_Debounce_Task	16	static
D:/Govind_WorkSpace/Github_Workspace/eSTAR_InstrumentCluster/eStar_Cluster_Demo/Core/Src/main.c:2082:6:FuelGuageTask	8	static
D:/Govind_WorkSpace/Github_Workspace/eSTAR_InstrumentCluster/eStar_Cluster_Demo/Core/Src/main.c:2111:6:Odo_Task	8	static
D:/Govind_WorkSpace/Github_Workspace/eSTAR_InstrumentCluster/eStar_Cluster_Demo/Core/Src/main.c:2140:6:Speedo_Task	8	static
D:/Govind_WorkSpace/Github_Workspace/eSTAR_InstrumentCluster/eStar_Cluster_Demo/Core/Src/main.c:2167:6:Tacho_Task	8	static
D:/Govind_WorkSpace/Github_Workspace/eSTAR_InstrumentCluster/eStar_Cluster_Demo/Core/Src/main.c:2192:6:SwitchHandlerTask	8	static
D:/Govind_WorkSpace/Github_Workspace/eSTAR_InstrumentCluster/eStar_Cluster_Demo/Core/Src/main.c:2227:6:GetClockTask	8	static
D:/Govind_WorkSpace/Github_Workspace/eSTAR_InstrumentCluster/eStar_Cluster_Demo/Core/Src/main.c:2287:6:IndicatorsApp_Task	8	static
D:/Govind_WorkSpace/Github_Workspace/eSTAR_InstrumentCluster/eStar_Cluster_Demo/Core/Src/main.c:2317:6:ServiceIndicatorApp_Task	8	static
D:/Govind_WorkSpace/Github_Workspace/eSTAR_InstrumentCluster/eStar_Cluster_Demo/Core/Src/main.c:399:1:__io_putchar	16	static
D:/Govind_WorkSpace/Github_Workspace/eSTAR_InstrumentCluster/eStar_Cluster_Demo/Core/Src/main.c:647:6:SystemClock_Config	120	static
D:/Govind_WorkSpace/Github_Workspace/eSTAR_InstrumentCluster/eStar_Cluster_Demo/Core/Src/main.c:713:6:PeriphCommonClock_Config	192	static
D:/Govind_WorkSpace/Github_Workspace/eSTAR_InstrumentCluster/eStar_Cluster_Demo/Core/Src/main.c:467:5:main	144	static,ignoring_inline_asm
D:/Govind_WorkSpace/Github_Workspace/eSTAR_InstrumentCluster/eStar_Cluster_Demo/Core/Src/main.c:1693:6:HAL_RTCEx_WakeUpTimerEventCallback	128	static
D:/Govind_WorkSpace/Github_Workspace/eSTAR_InstrumentCluster/eStar_Cluster_Demo/Core/Src/main.c:1706:6:HAL_GPIO_EXTI_Callback	8	static
D:/Govind_WorkSpace/Github_Workspace/eSTAR_InstrumentCluster/eStar_Cluster_Demo/Core/Src/main.c:1879:6:vApplicationStackUsageLimit	0	static
D:/Govind_WorkSpace/Github_Workspace/eSTAR_InstrumentCluster/eStar_Cluster_Demo/Core/Src/main.c:1900:6:vMaxTaskRegisteredCallback	0	static
D:/Govind_WorkSpace/Github_Workspace/eSTAR_InstrumentCluster/eStar_Cluster_Demo/Core/Src/main.c:2375:6:HAL_TIM_PeriodElapsedCallback	0	static
D:/Govind_WorkSpace/Github_Workspace/eSTAR_InstrumentCluster/eStar_Cluster_Demo/Core/Src/main.c:2392:6:Error_Handler	0	static
