D:/Projects/Git_WorkSpace/eSTAR_InstrumentCluster/eStar_Cluster_Demo/Core/Src/main.c:1285:6:StartDefaultTask	8	static
D:/Projects/Git_WorkSpace/eSTAR_InstrumentCluster/eStar_Cluster_Demo/Core/Src/main.c:1315:6:WDG_SRVC_Task	8	static
D:/Projects/Git_WorkSpace/eSTAR_InstrumentCluster/eStar_Cluster_Demo/Core/Src/main.c:1339:6:DigitalDebounce_Task	8	static
D:/Projects/Git_WorkSpace/eSTAR_InstrumentCluster/eStar_Cluster_Demo/Core/Src/main.c:1358:6:State_Machine_Task	8	static
D:/Projects/Git_WorkSpace/eSTAR_InstrumentCluster/eStar_Cluster_Demo/Core/Src/main.c:1379:6:Analog_Debounce_Task	16	static
D:/Projects/Git_WorkSpace/eSTAR_InstrumentCluster/eStar_Cluster_Demo/Core/Src/main.c:165:1:__io_putchar	16	static
D:/Projects/Git_WorkSpace/eSTAR_InstrumentCluster/eStar_Cluster_Demo/Core/Src/main.c:345:6:SystemClock_Config	120	static
D:/Projects/Git_WorkSpace/eSTAR_InstrumentCluster/eStar_Cluster_Demo/Core/Src/main.c:411:6:PeriphCommonClock_Config	192	static
D:/Projects/Git_WorkSpace/eSTAR_InstrumentCluster/eStar_Cluster_Demo/Core/Src/main.c:216:5:main	144	static,ignoring_inline_asm
D:/Projects/Git_WorkSpace/eSTAR_InstrumentCluster/eStar_Cluster_Demo/Core/Src/main.c:1250:6:HAL_RTCEx_WakeUpTimerEventCallback	128	static
D:/Projects/Git_WorkSpace/eSTAR_InstrumentCluster/eStar_Cluster_Demo/Core/Src/main.c:1262:6:HAL_GPIO_EXTI_Callback	8	static
D:/Projects/Git_WorkSpace/eSTAR_InstrumentCluster/eStar_Cluster_Demo/Core/Src/main.c:1436:6:HAL_TIM_PeriodElapsedCallback	0	static
D:/Projects/Git_WorkSpace/eSTAR_InstrumentCluster/eStar_Cluster_Demo/Core/Src/main.c:1453:6:Error_Handler	0	static
