D:/GitWork_Areas/eSTAR_InstrumentCluster/eStar_Cluster_Demo/Core/Src/main.c:2663:6:execTimeFault_cb1	0	static
D:/GitWork_Areas/eSTAR_InstrumentCluster/eStar_Cluster_Demo/Core/Src/main.c:2690:6:vTask_demo1PeriodicityCheckErrorHook01	0	static
D:/GitWork_Areas/eSTAR_InstrumentCluster/eStar_Cluster_Demo/Core/Src/main.c:2602:6:StartDefaultTask	8	static
D:/GitWork_Areas/eSTAR_InstrumentCluster/eStar_Cluster_Demo/Core/Src/main.c:2636:6:WDG_SRVC_Task	8	static
D:/GitWork_Areas/eSTAR_InstrumentCluster/eStar_Cluster_Demo/Core/Src/main.c:2732:6:DigitalDebounce_Task	16	static
D:/GitWork_Areas/eSTAR_InstrumentCluster/eStar_Cluster_Demo/Core/Src/main.c:2833:6:State_Machine_Task	16	static
D:/GitWork_Areas/eSTAR_InstrumentCluster/eStar_Cluster_Demo/Core/Src/main.c:2931:6:Analog_Debounce_Task	16	static
D:/GitWork_Areas/eSTAR_InstrumentCluster/eStar_Cluster_Demo/Core/Src/main.c:3039:6:FuelGuageTask	16	static
D:/GitWork_Areas/eSTAR_InstrumentCluster/eStar_Cluster_Demo/Core/Src/main.c:3140:6:Odo_Task	16	static
D:/GitWork_Areas/eSTAR_InstrumentCluster/eStar_Cluster_Demo/Core/Src/main.c:3238:6:Speedo_Task	16	static
D:/GitWork_Areas/eSTAR_InstrumentCluster/eStar_Cluster_Demo/Core/Src/main.c:3335:6:Tacho_Task	16	static
D:/GitWork_Areas/eSTAR_InstrumentCluster/eStar_Cluster_Demo/Core/Src/main.c:3432:6:SwitchHandlerTask	16	static
D:/GitWork_Areas/eSTAR_InstrumentCluster/eStar_Cluster_Demo/Core/Src/main.c:3532:6:GetClockTask	16	static
D:/GitWork_Areas/eSTAR_InstrumentCluster/eStar_Cluster_Demo/Core/Src/main.c:3630:6:CAN_Task	16	static
D:/GitWork_Areas/eSTAR_InstrumentCluster/eStar_Cluster_Demo/Core/Src/main.c:3727:6:IndicatorsApp_Task	16	static
D:/GitWork_Areas/eSTAR_InstrumentCluster/eStar_Cluster_Demo/Core/Src/main.c:3826:6:ServiceIndicatorApp_Task	16	static
D:/GitWork_Areas/eSTAR_InstrumentCluster/eStar_Cluster_Demo/Core/Src/main.c:3923:6:DriverInfoApp_Task	16	static
D:/GitWork_Areas/eSTAR_InstrumentCluster/eStar_Cluster_Demo/Core/Src/main.c:3972:6:DeadLockTask	8	static
D:/GitWork_Areas/eSTAR_InstrumentCluster/eStar_Cluster_Demo/Core/Src/main.c:2690:6:vTask_demo1PeriodicityCheckErrorHook01.constprop	0	static
D:/GitWork_Areas/eSTAR_InstrumentCluster/eStar_Cluster_Demo/Core/Src/main.c:3880:6:vTask_demo1PeriodicityCheckErrorHook13	0	static
D:/GitWork_Areas/eSTAR_InstrumentCluster/eStar_Cluster_Demo/Core/Src/main.c:3783:6:vTask_demo1PeriodicityCheckErrorHook12	0	static
D:/GitWork_Areas/eSTAR_InstrumentCluster/eStar_Cluster_Demo/Core/Src/main.c:3389:6:vTask_demo1PeriodicityCheckErrorHook08	0	static
D:/GitWork_Areas/eSTAR_InstrumentCluster/eStar_Cluster_Demo/Core/Src/main.c:3195:6:vTask_demo1PeriodicityCheckErrorHook06	0	static
D:/GitWork_Areas/eSTAR_InstrumentCluster/eStar_Cluster_Demo/Core/Src/main.c:3098:6:vTask_demo1PeriodicityCheckErrorHook05	0	static
D:/GitWork_Areas/eSTAR_InstrumentCluster/eStar_Cluster_Demo/Core/Src/main.c:2997:6:vTask_demo1PeriodicityCheckErrorHook04	0	static
D:/GitWork_Areas/eSTAR_InstrumentCluster/eStar_Cluster_Demo/Core/Src/main.c:2889:6:vTask_demo1PeriodicityCheckErrorHook03	0	static
D:/GitWork_Areas/eSTAR_InstrumentCluster/eStar_Cluster_Demo/Core/Src/main.c:3853:6:execTimeFault_cb13	0	static
D:/GitWork_Areas/eSTAR_InstrumentCluster/eStar_Cluster_Demo/Core/Src/main.c:3904:6:SwitchErrorHook13	0	static
D:/GitWork_Areas/eSTAR_InstrumentCluster/eStar_Cluster_Demo/Core/Src/main.c:3953:6:SwitchErrorHook14	0	static
D:/GitWork_Areas/eSTAR_InstrumentCluster/eStar_Cluster_Demo/Core/Src/main.c:2713:6:SwitchErrorHook1	0	static
D:/GitWork_Areas/eSTAR_InstrumentCluster/eStar_Cluster_Demo/Core/Src/main.c:2764:6:execTimeFault_cb2	0	static
D:/GitWork_Areas/eSTAR_InstrumentCluster/eStar_Cluster_Demo/Core/Src/main.c:2814:6:SwitchErrorHook2	0	static
D:/GitWork_Areas/eSTAR_InstrumentCluster/eStar_Cluster_Demo/Core/Src/main.c:2862:6:execTimeFault_cb3	0	static
D:/GitWork_Areas/eSTAR_InstrumentCluster/eStar_Cluster_Demo/Core/Src/main.c:2912:6:SwitchErrorHook3	0	static
D:/GitWork_Areas/eSTAR_InstrumentCluster/eStar_Cluster_Demo/Core/Src/main.c:2970:6:execTimeFault_cb4	0	static
D:/GitWork_Areas/eSTAR_InstrumentCluster/eStar_Cluster_Demo/Core/Src/main.c:3020:6:SwitchErrorHook4	0	static
D:/GitWork_Areas/eSTAR_InstrumentCluster/eStar_Cluster_Demo/Core/Src/main.c:3071:6:execTimeFault_cb5	0	static
D:/GitWork_Areas/eSTAR_InstrumentCluster/eStar_Cluster_Demo/Core/Src/main.c:3121:6:SwitchErrorHook5	0	static
D:/GitWork_Areas/eSTAR_InstrumentCluster/eStar_Cluster_Demo/Core/Src/main.c:3168:6:execTimeFault_cb6	0	static
D:/GitWork_Areas/eSTAR_InstrumentCluster/eStar_Cluster_Demo/Core/Src/main.c:3218:6:SwitchErrorHook6	0	static
D:/GitWork_Areas/eSTAR_InstrumentCluster/eStar_Cluster_Demo/Core/Src/main.c:3266:6:execTimeFault_cb7	0	static
D:/GitWork_Areas/eSTAR_InstrumentCluster/eStar_Cluster_Demo/Core/Src/main.c:3316:6:SwitchErrorHook7	0	static
D:/GitWork_Areas/eSTAR_InstrumentCluster/eStar_Cluster_Demo/Core/Src/main.c:3362:6:execTimeFault_cb8	0	static
D:/GitWork_Areas/eSTAR_InstrumentCluster/eStar_Cluster_Demo/Core/Src/main.c:3413:6:SwitchErrorHook8	0	static
D:/GitWork_Areas/eSTAR_InstrumentCluster/eStar_Cluster_Demo/Core/Src/main.c:3462:6:execTimeFault_cb9	0	static
D:/GitWork_Areas/eSTAR_InstrumentCluster/eStar_Cluster_Demo/Core/Src/main.c:3513:6:SwitchErrorHook9	0	static
D:/GitWork_Areas/eSTAR_InstrumentCluster/eStar_Cluster_Demo/Core/Src/main.c:3560:6:execTimeFault_cb10	0	static
D:/GitWork_Areas/eSTAR_InstrumentCluster/eStar_Cluster_Demo/Core/Src/main.c:3611:6:SwitchErrorHook10	0	static
D:/GitWork_Areas/eSTAR_InstrumentCluster/eStar_Cluster_Demo/Core/Src/main.c:3657:6:execTimeFault_cb11	0	static
D:/GitWork_Areas/eSTAR_InstrumentCluster/eStar_Cluster_Demo/Core/Src/main.c:3708:6:SwitchErrorHook11	0	static
D:/GitWork_Areas/eSTAR_InstrumentCluster/eStar_Cluster_Demo/Core/Src/main.c:3756:6:execTimeFault_cb12	0	static
D:/GitWork_Areas/eSTAR_InstrumentCluster/eStar_Cluster_Demo/Core/Src/main.c:3807:6:SwitchErrorHook12	0	static
D:/GitWork_Areas/eSTAR_InstrumentCluster/eStar_Cluster_Demo/Core/Src/main.c:329:1:__io_putchar	16	static
D:/GitWork_Areas/eSTAR_InstrumentCluster/eStar_Cluster_Demo/Core/Src/main.c:693:6:SystemClock_Config	120	static
D:/GitWork_Areas/eSTAR_InstrumentCluster/eStar_Cluster_Demo/Core/Src/main.c:759:6:PeriphCommonClock_Config	192	static
D:/GitWork_Areas/eSTAR_InstrumentCluster/eStar_Cluster_Demo/Core/Src/main.c:504:5:main	144	static,ignoring_inline_asm
D:/GitWork_Areas/eSTAR_InstrumentCluster/eStar_Cluster_Demo/Core/Src/main.c:1676:13:SYSCLKConfig_STOP	128	static
D:/GitWork_Areas/eSTAR_InstrumentCluster/eStar_Cluster_Demo/Core/Src/main.c:1712:6:HAL_RTCEx_WakeUpTimerEventCallback	8	static
D:/GitWork_Areas/eSTAR_InstrumentCluster/eStar_Cluster_Demo/Core/Src/main.c:1727:6:HAL_GPIO_EXTI_Callback	8	static
D:/GitWork_Areas/eSTAR_InstrumentCluster/eStar_Cluster_Demo/Core/Src/main.c:1750:6:Disp_imgDataHyperRAM_Init	40	static
D:/GitWork_Areas/eSTAR_InstrumentCluster/eStar_Cluster_Demo/Core/Src/main.c:2564:6:vApplicationStackUsageLimit	0	static
D:/GitWork_Areas/eSTAR_InstrumentCluster/eStar_Cluster_Demo/Core/Src/main.c:2585:6:vMaxTaskRegisteredCallback	0	static
D:/GitWork_Areas/eSTAR_InstrumentCluster/eStar_Cluster_Demo/Core/Src/main.c:2791:6:vTask_demo1PeriodicityCheckErrorHook02	0	static
D:/GitWork_Areas/eSTAR_InstrumentCluster/eStar_Cluster_Demo/Core/Src/main.c:3293:6:vTask_demo1PeriodicityCheckErrorHook07	0	static
D:/GitWork_Areas/eSTAR_InstrumentCluster/eStar_Cluster_Demo/Core/Src/main.c:3489:6:vTask_demo1PeriodicityCheckErrorHook09	0	static
D:/GitWork_Areas/eSTAR_InstrumentCluster/eStar_Cluster_Demo/Core/Src/main.c:3587:6:vTask_demo1PeriodicityCheckErrorHook10	0	static
D:/GitWork_Areas/eSTAR_InstrumentCluster/eStar_Cluster_Demo/Core/Src/main.c:3684:6:vTask_demo1PeriodicityCheckErrorHook11	0	static
D:/GitWork_Areas/eSTAR_InstrumentCluster/eStar_Cluster_Demo/Core/Src/main.c:4054:6:HAL_TIM_PeriodElapsedCallback	0	static
D:/GitWork_Areas/eSTAR_InstrumentCluster/eStar_Cluster_Demo/Core/Src/main.c:4071:6:Error_Handler	0	static
