E:/GitProjects/eSTAR_InstrumentCluster/eStar_Cluster_Demo/Core/Src/main.c:1306:6:StartDefaultTask	8	static
E:/GitProjects/eSTAR_InstrumentCluster/eStar_Cluster_Demo/Core/Src/main.c:1336:6:WDG_SRVC_Task	8	static
E:/GitProjects/eSTAR_InstrumentCluster/eStar_Cluster_Demo/Core/Src/main.c:1360:6:DigitalDebounce_Task	8	static
E:/GitProjects/eSTAR_InstrumentCluster/eStar_Cluster_Demo/Core/Src/main.c:1379:6:State_Machine_Task	8	static
E:/GitProjects/eSTAR_InstrumentCluster/eStar_Cluster_Demo/Core/Src/main.c:1399:6:Analog_Debounce_Task	16	static
E:/GitProjects/eSTAR_InstrumentCluster/eStar_Cluster_Demo/Core/Src/main.c:1426:6:FuelGuageTask	8	static
E:/GitProjects/eSTAR_InstrumentCluster/eStar_Cluster_Demo/Core/Src/main.c:180:1:__io_putchar	16	static
E:/GitProjects/eSTAR_InstrumentCluster/eStar_Cluster_Demo/Core/Src/main.c:366:6:SystemClock_Config	120	static
E:/GitProjects/eSTAR_InstrumentCluster/eStar_Cluster_Demo/Core/Src/main.c:432:6:PeriphCommonClock_Config	192	static
E:/GitProjects/eSTAR_InstrumentCluster/eStar_Cluster_Demo/Core/Src/main.c:233:5:main	144	static,ignoring_inline_asm
E:/GitProjects/eSTAR_InstrumentCluster/eStar_Cluster_Demo/Core/Src/main.c:1271:6:HAL_RTCEx_WakeUpTimerEventCallback	128	static
E:/GitProjects/eSTAR_InstrumentCluster/eStar_Cluster_Demo/Core/Src/main.c:1283:6:HAL_GPIO_EXTI_Callback	8	static
E:/GitProjects/eSTAR_InstrumentCluster/eStar_Cluster_Demo/Core/Src/main.c:1479:6:HAL_TIM_PeriodElapsedCallback	0	static
E:/GitProjects/eSTAR_InstrumentCluster/eStar_Cluster_Demo/Core/Src/main.c:1496:6:Error_Handler	0	static
