D:/Git_Workspace/eSTAR_InstrumentCluster/eStar_Cluster_Demo/Core/Src/main.c:1029:6:StartDefaultTask	8	static
D:/Git_Workspace/eSTAR_InstrumentCluster/eStar_Cluster_Demo/Core/Src/main.c:1048:6:WDG_SRVC_Task	16	static
D:/Git_Workspace/eSTAR_InstrumentCluster/eStar_Cluster_Demo/Core/Src/main.c:1074:6:Dig_Deb_Task	8	static
D:/Git_Workspace/eSTAR_InstrumentCluster/eStar_Cluster_Demo/Core/Src/main.c:256:6:SystemClock_Config	120	static
D:/Git_Workspace/eSTAR_InstrumentCluster/eStar_Cluster_Demo/Core/Src/main.c:315:6:PeriphCommonClock_Config	192	static
D:/Git_Workspace/eSTAR_InstrumentCluster/eStar_Cluster_Demo/Core/Src/main.c:139:5:main	144	static,ignoring_inline_asm
D:/Git_Workspace/eSTAR_InstrumentCluster/eStar_Cluster_Demo/Core/Src/main.c:1002:6:debounceTestApp	0	static
D:/Git_Workspace/eSTAR_InstrumentCluster/eStar_Cluster_Demo/Core/Src/main.c:1123:6:HAL_TIM_PeriodElapsedCallback	0	static
D:/Git_Workspace/eSTAR_InstrumentCluster/eStar_Cluster_Demo/Core/Src/main.c:1141:6:Error_Handler	0	static
