D:/MY PROJECTS/GIT_REPOS/eSTAR_InstrumentCluster/eStar_Cluster_Demo/Core/Src/main.c:1554:6:StartDefaultTask	8	static
D:/MY PROJECTS/GIT_REPOS/eSTAR_InstrumentCluster/eStar_Cluster_Demo/Core/Src/main.c:1798:6:CAN_Task	8	static
D:/MY PROJECTS/GIT_REPOS/eSTAR_InstrumentCluster/eStar_Cluster_Demo/Core/Src/main.c:1584:6:WDG_SRVC_Task	8	static
D:/MY PROJECTS/GIT_REPOS/eSTAR_InstrumentCluster/eStar_Cluster_Demo/Core/Src/main.c:1608:6:DigitalDebounce_Task	8	static
D:/MY PROJECTS/GIT_REPOS/eSTAR_InstrumentCluster/eStar_Cluster_Demo/Core/Src/main.c:1628:6:State_Machine_Task	8	static
D:/MY PROJECTS/GIT_REPOS/eSTAR_InstrumentCluster/eStar_Cluster_Demo/Core/Src/main.c:1648:6:Analog_Debounce_Task	16	static
D:/MY PROJECTS/GIT_REPOS/eSTAR_InstrumentCluster/eStar_Cluster_Demo/Core/Src/main.c:1677:6:FuelGuageTask	8	static
D:/MY PROJECTS/GIT_REPOS/eSTAR_InstrumentCluster/eStar_Cluster_Demo/Core/Src/main.c:1700:6:Odo_Task	8	static
D:/MY PROJECTS/GIT_REPOS/eSTAR_InstrumentCluster/eStar_Cluster_Demo/Core/Src/main.c:1719:6:Speedo_Task	8	static
D:/MY PROJECTS/GIT_REPOS/eSTAR_InstrumentCluster/eStar_Cluster_Demo/Core/Src/main.c:1738:6:Tacho_Task	8	static
D:/MY PROJECTS/GIT_REPOS/eSTAR_InstrumentCluster/eStar_Cluster_Demo/Core/Src/main.c:1757:6:SwitchHandlerTask	8	static
D:/MY PROJECTS/GIT_REPOS/eSTAR_InstrumentCluster/eStar_Cluster_Demo/Core/Src/main.c:1778:6:GetClockTask	8	static
D:/MY PROJECTS/GIT_REPOS/eSTAR_InstrumentCluster/eStar_Cluster_Demo/Core/Src/main.c:1818:6:IndicatorApp_Task	8	static
D:/MY PROJECTS/GIT_REPOS/eSTAR_InstrumentCluster/eStar_Cluster_Demo/Core/Src/main.c:281:1:__io_putchar	16	static
D:/MY PROJECTS/GIT_REPOS/eSTAR_InstrumentCluster/eStar_Cluster_Demo/Core/Src/main.c:517:6:SystemClock_Config	120	static
D:/MY PROJECTS/GIT_REPOS/eSTAR_InstrumentCluster/eStar_Cluster_Demo/Core/Src/main.c:583:6:PeriphCommonClock_Config	192	static
D:/MY PROJECTS/GIT_REPOS/eSTAR_InstrumentCluster/eStar_Cluster_Demo/Core/Src/main.c:346:5:main	144	static,ignoring_inline_asm
D:/MY PROJECTS/GIT_REPOS/eSTAR_InstrumentCluster/eStar_Cluster_Demo/Core/Src/main.c:1518:6:HAL_RTCEx_WakeUpTimerEventCallback	128	static
D:/MY PROJECTS/GIT_REPOS/eSTAR_InstrumentCluster/eStar_Cluster_Demo/Core/Src/main.c:1531:6:HAL_GPIO_EXTI_Callback	8	static
D:/MY PROJECTS/GIT_REPOS/eSTAR_InstrumentCluster/eStar_Cluster_Demo/Core/Src/main.c:1876:6:HAL_TIM_PeriodElapsedCallback	0	static
D:/MY PROJECTS/GIT_REPOS/eSTAR_InstrumentCluster/eStar_Cluster_Demo/Core/Src/main.c:1893:6:Error_Handler	0	static
