E:/GitProjects/eSTAR_InstrumentCluster/eStar_Cluster_Demo/Core/Src/main.c:1380:6:StartDefaultTask	8	static
E:/GitProjects/eSTAR_InstrumentCluster/eStar_Cluster_Demo/Core/Src/main.c:1410:6:WDG_SRVC_Task	8	static
E:/GitProjects/eSTAR_InstrumentCluster/eStar_Cluster_Demo/Core/Src/main.c:1434:6:DigitalDebounce_Task	8	static
E:/GitProjects/eSTAR_InstrumentCluster/eStar_Cluster_Demo/Core/Src/main.c:1453:6:State_Machine_Task	8	static
E:/GitProjects/eSTAR_InstrumentCluster/eStar_Cluster_Demo/Core/Src/main.c:1473:6:Analog_Debounce_Task	16	static
E:/GitProjects/eSTAR_InstrumentCluster/eStar_Cluster_Demo/Core/Src/main.c:1502:6:FuelGuageTask	8	static
E:/GitProjects/eSTAR_InstrumentCluster/eStar_Cluster_Demo/Core/Src/main.c:1525:6:Odo_Task	8	static
E:/GitProjects/eSTAR_InstrumentCluster/eStar_Cluster_Demo/Core/Src/main.c:1544:6:Speedo_Task	8	static
E:/GitProjects/eSTAR_InstrumentCluster/eStar_Cluster_Demo/Core/Src/main.c:1563:6:Tacho_Task	8	static
E:/GitProjects/eSTAR_InstrumentCluster/eStar_Cluster_Demo/Core/Src/main.c:220:1:__io_putchar	16	static
E:/GitProjects/eSTAR_InstrumentCluster/eStar_Cluster_Demo/Core/Src/main.c:429:6:SystemClock_Config	120	static
E:/GitProjects/eSTAR_InstrumentCluster/eStar_Cluster_Demo/Core/Src/main.c:495:6:PeriphCommonClock_Config	192	static
E:/GitProjects/eSTAR_InstrumentCluster/eStar_Cluster_Demo/Core/Src/main.c:276:5:main	144	static,ignoring_inline_asm
E:/GitProjects/eSTAR_InstrumentCluster/eStar_Cluster_Demo/Core/Src/main.c:1344:6:HAL_RTCEx_WakeUpTimerEventCallback	128	static
E:/GitProjects/eSTAR_InstrumentCluster/eStar_Cluster_Demo/Core/Src/main.c:1357:6:HAL_GPIO_EXTI_Callback	8	static
E:/GitProjects/eSTAR_InstrumentCluster/eStar_Cluster_Demo/Core/Src/main.c:1612:6:HAL_TIM_PeriodElapsedCallback	0	static
E:/GitProjects/eSTAR_InstrumentCluster/eStar_Cluster_Demo/Core/Src/main.c:1629:6:Error_Handler	0	static
