../Application/User/Core/SafetyCheckPluginDemo.c:220:6:vTask_demo1PeriodicityCheckErrorHook01.constprop	0	static
../Application/User/Core/SafetyCheckPluginDemo.c:1077:6:SwitchErrorHook14	0	static
../Application/User/Core/SafetyCheckPluginDemo.c:158:6:vApplicationStackUsageLimit	0	static
../Application/User/Core/SafetyCheckPluginDemo.c:181:6:vMaxTaskRegisteredCallback	0	static
../Application/User/Core/SafetyCheckPluginDemo.c:199:6:execTimeFault_cb1	0	static
../Application/User/Core/SafetyCheckPluginDemo.c:220:6:vTask_demo1PeriodicityCheckErrorHook01	0	static
../Application/User/Core/SafetyCheckPluginDemo.c:243:6:SwitchErrorHook1	0	static
../Application/User/Core/SafetyCheckPluginDemo.c:262:6:execTimeFault_cb2	0	static
../Application/User/Core/SafetyCheckPluginDemo.c:283:6:vTask_demo1PeriodicityCheckErrorHook02	0	static
../Application/User/Core/SafetyCheckPluginDemo.c:306:6:SwitchErrorHook2	0	static
../Application/User/Core/SafetyCheckPluginDemo.c:325:6:execTimeFault_cb3	0	static
../Application/User/Core/SafetyCheckPluginDemo.c:346:6:vTask_demo1PeriodicityCheckErrorHook03	0	static
../Application/User/Core/SafetyCheckPluginDemo.c:369:6:SwitchErrorHook3	0	static
../Application/User/Core/SafetyCheckPluginDemo.c:394:6:execTimeFault_cb4	0	static
../Application/User/Core/SafetyCheckPluginDemo.c:415:6:vTask_demo1PeriodicityCheckErrorHook04	0	static
../Application/User/Core/SafetyCheckPluginDemo.c:438:6:SwitchErrorHook4	0	static
../Application/User/Core/SafetyCheckPluginDemo.c:457:6:execTimeFault_cb5	0	static
../Application/User/Core/SafetyCheckPluginDemo.c:478:6:vTask_demo1PeriodicityCheckErrorHook05	8	static
../Application/User/Core/SafetyCheckPluginDemo.c:501:6:SwitchErrorHook5	0	static
../Application/User/Core/SafetyCheckPluginDemo.c:520:6:execTimeFault_cb6	0	static
../Application/User/Core/SafetyCheckPluginDemo.c:541:6:vTask_demo1PeriodicityCheckErrorHook06	0	static
../Application/User/Core/SafetyCheckPluginDemo.c:564:6:SwitchErrorHook6	0	static
../Application/User/Core/SafetyCheckPluginDemo.c:584:6:execTimeFault_cb7	0	static
../Application/User/Core/SafetyCheckPluginDemo.c:605:6:vTask_demo1PeriodicityCheckErrorHook07	0	static
../Application/User/Core/SafetyCheckPluginDemo.c:628:6:SwitchErrorHook7	0	static
../Application/User/Core/SafetyCheckPluginDemo.c:648:6:execTimeFault_cb8	0	static
../Application/User/Core/SafetyCheckPluginDemo.c:669:6:vTask_demo1PeriodicityCheckErrorHook08	0	static
../Application/User/Core/SafetyCheckPluginDemo.c:693:6:SwitchErrorHook8	0	static
../Application/User/Core/SafetyCheckPluginDemo.c:712:6:execTimeFault_cb9	0	static
../Application/User/Core/SafetyCheckPluginDemo.c:733:6:vTask_demo1PeriodicityCheckErrorHook09	0	static
../Application/User/Core/SafetyCheckPluginDemo.c:757:6:SwitchErrorHook9	0	static
../Application/User/Core/SafetyCheckPluginDemo.c:776:6:execTimeFault_cb10	0	static
../Application/User/Core/SafetyCheckPluginDemo.c:797:6:vTask_demo1PeriodicityCheckErrorHook10	0	static
../Application/User/Core/SafetyCheckPluginDemo.c:821:6:SwitchErrorHook10	0	static
../Application/User/Core/SafetyCheckPluginDemo.c:839:6:execTimeFault_cb11	0	static
../Application/User/Core/SafetyCheckPluginDemo.c:860:6:vTask_demo1PeriodicityCheckErrorHook11	0	static
../Application/User/Core/SafetyCheckPluginDemo.c:884:6:SwitchErrorHook11	0	static
../Application/User/Core/SafetyCheckPluginDemo.c:904:6:execTimeFault_cb12	0	static
../Application/User/Core/SafetyCheckPluginDemo.c:925:6:vTask_demo1PeriodicityCheckErrorHook12	0	static
../Application/User/Core/SafetyCheckPluginDemo.c:949:6:SwitchErrorHook12	0	static
../Application/User/Core/SafetyCheckPluginDemo.c:968:6:execTimeFault_cb13	0	static
../Application/User/Core/SafetyCheckPluginDemo.c:989:6:vTask_demo1PeriodicityCheckErrorHook13	0	static
../Application/User/Core/SafetyCheckPluginDemo.c:1013:6:SwitchErrorHook13	0	static
../Application/User/Core/SafetyCheckPluginDemo.c:1033:6:execTimeFault_cb14	0	static
../Application/User/Core/SafetyCheckPluginDemo.c:1054:6:vTask_demo1PeriodicityCheckErrorHook14	0	static
../Application/User/Core/SafetyCheckPluginDemo.c:1096:6:DeadLockTask	16	static
