D:/GIT_WorkAreas/eSTAR_InstrumentCluster/eStar_Cluster_Demo/Core/Src/stm32h7xx_hal_msp.c:65:6:HAL_MspInit	8	static
D:/GIT_WorkAreas/eSTAR_InstrumentCluster/eStar_Cluster_Demo/Core/Src/stm32h7xx_hal_msp.c:88:6:HAL_ADC_MspInit	8	static
D:/GIT_WorkAreas/eSTAR_InstrumentCluster/eStar_Cluster_Demo/Core/Src/stm32h7xx_hal_msp.c:117:6:HAL_ADC_MspDeInit	0	static
D:/GIT_WorkAreas/eSTAR_InstrumentCluster/eStar_Cluster_Demo/Core/Src/stm32h7xx_hal_msp.c:140:6:HAL_CRC_MspInit	8	static
D:/GIT_WorkAreas/eSTAR_InstrumentCluster/eStar_Cluster_Demo/Core/Src/stm32h7xx_hal_msp.c:162:6:HAL_CRC_MspDeInit	0	static
D:/GIT_WorkAreas/eSTAR_InstrumentCluster/eStar_Cluster_Demo/Core/Src/stm32h7xx_hal_msp.c:184:6:HAL_DMA2D_MspInit	16	static
D:/GIT_WorkAreas/eSTAR_InstrumentCluster/eStar_Cluster_Demo/Core/Src/stm32h7xx_hal_msp.c:209:6:HAL_DMA2D_MspDeInit	0	static
D:/GIT_WorkAreas/eSTAR_InstrumentCluster/eStar_Cluster_Demo/Core/Src/stm32h7xx_hal_msp.c:234:6:HAL_LTDC_MspInit	264	static
D:/GIT_WorkAreas/eSTAR_InstrumentCluster/eStar_Cluster_Demo/Core/Src/stm32h7xx_hal_msp.c:381:6:HAL_LTDC_MspDeInit	8	static
D:/GIT_WorkAreas/eSTAR_InstrumentCluster/eStar_Cluster_Demo/Core/Src/stm32h7xx_hal_msp.c:454:6:HAL_OSPI_MspInit	96	static
D:/GIT_WorkAreas/eSTAR_InstrumentCluster/eStar_Cluster_Demo/Core/Src/stm32h7xx_hal_msp.c:602:6:HAL_OSPI_MspDeInit	8	static
D:/GIT_WorkAreas/eSTAR_InstrumentCluster/eStar_Cluster_Demo/Core/Src/stm32h7xx_hal_msp.c:688:6:HAL_RTC_MspInit	192	static
D:/GIT_WorkAreas/eSTAR_InstrumentCluster/eStar_Cluster_Demo/Core/Src/stm32h7xx_hal_msp.c:721:6:HAL_RTC_MspDeInit	0	static
D:/GIT_WorkAreas/eSTAR_InstrumentCluster/eStar_Cluster_Demo/Core/Src/stm32h7xx_hal_msp.c:743:6:HAL_TIM_IC_MspInit	40	static
D:/GIT_WorkAreas/eSTAR_InstrumentCluster/eStar_Cluster_Demo/Core/Src/stm32h7xx_hal_msp.c:781:6:HAL_TIM_IC_MspDeInit	8	static
D:/GIT_WorkAreas/eSTAR_InstrumentCluster/eStar_Cluster_Demo/Core/Src/stm32h7xx_hal_msp.c:811:6:HAL_UART_MspInit	224	static
D:/GIT_WorkAreas/eSTAR_InstrumentCluster/eStar_Cluster_Demo/Core/Src/stm32h7xx_hal_msp.c:858:6:HAL_UART_MspDeInit	0	static
D:/GIT_WorkAreas/eSTAR_InstrumentCluster/eStar_Cluster_Demo/Core/Src/stm32h7xx_hal_msp.c:887:6:HAL_WWDG_MspInit	16	static
