D:/GIT_Work_Areas/eSTAR_InstrumentCluster/eStar_Cluster_Demo/Core/Src/stm32h7xx_hal_msp.c:64:6:HAL_MspInit	8	static
D:/GIT_Work_Areas/eSTAR_InstrumentCluster/eStar_Cluster_Demo/Core/Src/stm32h7xx_hal_msp.c:88:6:HAL_ADC_MspInit	16	static
D:/GIT_Work_Areas/eSTAR_InstrumentCluster/eStar_Cluster_Demo/Core/Src/stm32h7xx_hal_msp.c:135:6:HAL_ADC_MspDeInit	0	static
D:/GIT_Work_Areas/eSTAR_InstrumentCluster/eStar_Cluster_Demo/Core/Src/stm32h7xx_hal_msp.c:170:6:HAL_CRC_MspInit	8	static
D:/GIT_Work_Areas/eSTAR_InstrumentCluster/eStar_Cluster_Demo/Core/Src/stm32h7xx_hal_msp.c:192:6:HAL_CRC_MspDeInit	0	static
D:/GIT_Work_Areas/eSTAR_InstrumentCluster/eStar_Cluster_Demo/Core/Src/stm32h7xx_hal_msp.c:214:6:HAL_DMA2D_MspInit	16	static
D:/GIT_Work_Areas/eSTAR_InstrumentCluster/eStar_Cluster_Demo/Core/Src/stm32h7xx_hal_msp.c:239:6:HAL_DMA2D_MspDeInit	0	static
D:/GIT_Work_Areas/eSTAR_InstrumentCluster/eStar_Cluster_Demo/Core/Src/stm32h7xx_hal_msp.c:264:6:HAL_FDCAN_MspInit	224	static
D:/GIT_Work_Areas/eSTAR_InstrumentCluster/eStar_Cluster_Demo/Core/Src/stm32h7xx_hal_msp.c:316:6:HAL_FDCAN_MspDeInit	8	static
D:/GIT_Work_Areas/eSTAR_InstrumentCluster/eStar_Cluster_Demo/Core/Src/stm32h7xx_hal_msp.c:348:6:HAL_LTDC_MspInit	80	static
D:/GIT_Work_Areas/eSTAR_InstrumentCluster/eStar_Cluster_Demo/Core/Src/stm32h7xx_hal_msp.c:477:6:HAL_LTDC_MspDeInit	8	static
D:/GIT_Work_Areas/eSTAR_InstrumentCluster/eStar_Cluster_Demo/Core/Src/stm32h7xx_hal_msp.c:550:6:HAL_OSPI_MspInit	96	static
D:/GIT_Work_Areas/eSTAR_InstrumentCluster/eStar_Cluster_Demo/Core/Src/stm32h7xx_hal_msp.c:698:6:HAL_OSPI_MspDeInit	8	static
D:/GIT_Work_Areas/eSTAR_InstrumentCluster/eStar_Cluster_Demo/Core/Src/stm32h7xx_hal_msp.c:784:6:HAL_RTC_MspInit	192	static
D:/GIT_Work_Areas/eSTAR_InstrumentCluster/eStar_Cluster_Demo/Core/Src/stm32h7xx_hal_msp.c:820:6:HAL_RTC_MspDeInit	0	static
D:/GIT_Work_Areas/eSTAR_InstrumentCluster/eStar_Cluster_Demo/Core/Src/stm32h7xx_hal_msp.c:845:6:HAL_TIM_Base_MspInit	48	static
D:/GIT_Work_Areas/eSTAR_InstrumentCluster/eStar_Cluster_Demo/Core/Src/stm32h7xx_hal_msp.c:909:6:HAL_TIM_OnePulse_MspInit	8	static
D:/GIT_Work_Areas/eSTAR_InstrumentCluster/eStar_Cluster_Demo/Core/Src/stm32h7xx_hal_msp.c:931:6:HAL_TIM_Base_MspDeInit	8	static
D:/GIT_Work_Areas/eSTAR_InstrumentCluster/eStar_Cluster_Demo/Core/Src/stm32h7xx_hal_msp.c:980:6:HAL_TIM_OnePulse_MspDeInit	0	static
D:/GIT_Work_Areas/eSTAR_InstrumentCluster/eStar_Cluster_Demo/Core/Src/stm32h7xx_hal_msp.c:1002:6:HAL_UART_MspInit	224	static
D:/GIT_Work_Areas/eSTAR_InstrumentCluster/eStar_Cluster_Demo/Core/Src/stm32h7xx_hal_msp.c:1049:6:HAL_UART_MspDeInit	0	static
