E:/GitProjects/eSTAR_InstrumentCluster/eStar_Cluster_Demo/Core/Src/stm32h7xx_hal_msp.c:64:6:HAL_MspInit	8	static
E:/GitProjects/eSTAR_InstrumentCluster/eStar_Cluster_Demo/Core/Src/stm32h7xx_hal_msp.c:88:6:HAL_ADC_MspInit	16	static
E:/GitProjects/eSTAR_InstrumentCluster/eStar_Cluster_Demo/Core/Src/stm32h7xx_hal_msp.c:135:6:HAL_ADC_MspDeInit	0	static
E:/GitProjects/eSTAR_InstrumentCluster/eStar_Cluster_Demo/Core/Src/stm32h7xx_hal_msp.c:170:6:HAL_CRC_MspInit	8	static
E:/GitProjects/eSTAR_InstrumentCluster/eStar_Cluster_Demo/Core/Src/stm32h7xx_hal_msp.c:192:6:HAL_CRC_MspDeInit	0	static
E:/GitProjects/eSTAR_InstrumentCluster/eStar_Cluster_Demo/Core/Src/stm32h7xx_hal_msp.c:214:6:HAL_DMA2D_MspInit	16	static
E:/GitProjects/eSTAR_InstrumentCluster/eStar_Cluster_Demo/Core/Src/stm32h7xx_hal_msp.c:239:6:HAL_DMA2D_MspDeInit	0	static
E:/GitProjects/eSTAR_InstrumentCluster/eStar_Cluster_Demo/Core/Src/stm32h7xx_hal_msp.c:264:6:HAL_LTDC_MspInit	80	static
E:/GitProjects/eSTAR_InstrumentCluster/eStar_Cluster_Demo/Core/Src/stm32h7xx_hal_msp.c:393:6:HAL_LTDC_MspDeInit	8	static
E:/GitProjects/eSTAR_InstrumentCluster/eStar_Cluster_Demo/Core/Src/stm32h7xx_hal_msp.c:466:6:HAL_OSPI_MspInit	96	static
E:/GitProjects/eSTAR_InstrumentCluster/eStar_Cluster_Demo/Core/Src/stm32h7xx_hal_msp.c:614:6:HAL_OSPI_MspDeInit	8	static
E:/GitProjects/eSTAR_InstrumentCluster/eStar_Cluster_Demo/Core/Src/stm32h7xx_hal_msp.c:700:6:HAL_RTC_MspInit	192	static
E:/GitProjects/eSTAR_InstrumentCluster/eStar_Cluster_Demo/Core/Src/stm32h7xx_hal_msp.c:736:6:HAL_RTC_MspDeInit	0	static
E:/GitProjects/eSTAR_InstrumentCluster/eStar_Cluster_Demo/Core/Src/stm32h7xx_hal_msp.c:761:6:HAL_TIM_IC_MspInit	48	static
E:/GitProjects/eSTAR_InstrumentCluster/eStar_Cluster_Demo/Core/Src/stm32h7xx_hal_msp.c:823:6:HAL_TIM_IC_MspDeInit	8	static
E:/GitProjects/eSTAR_InstrumentCluster/eStar_Cluster_Demo/Core/Src/stm32h7xx_hal_msp.c:871:6:HAL_UART_MspInit	224	static
E:/GitProjects/eSTAR_InstrumentCluster/eStar_Cluster_Demo/Core/Src/stm32h7xx_hal_msp.c:918:6:HAL_UART_MspDeInit	0	static
