D:/MY PROJECTS/GIT_REPOS/eSTAR_InstrumentCluster/eStar_Cluster_Demo/Core/Src/stm32h7xx_hal_msp.c:64:6:HAL_MspInit	8	static
D:/MY PROJECTS/GIT_REPOS/eSTAR_InstrumentCluster/eStar_Cluster_Demo/Core/Src/stm32h7xx_hal_msp.c:88:6:HAL_ADC_MspInit	16	static
D:/MY PROJECTS/GIT_REPOS/eSTAR_InstrumentCluster/eStar_Cluster_Demo/Core/Src/stm32h7xx_hal_msp.c:135:6:HAL_ADC_MspDeInit	0	static
D:/MY PROJECTS/GIT_REPOS/eSTAR_InstrumentCluster/eStar_Cluster_Demo/Core/Src/stm32h7xx_hal_msp.c:170:6:HAL_CRC_MspInit	8	static
D:/MY PROJECTS/GIT_REPOS/eSTAR_InstrumentCluster/eStar_Cluster_Demo/Core/Src/stm32h7xx_hal_msp.c:192:6:HAL_CRC_MspDeInit	0	static
D:/MY PROJECTS/GIT_REPOS/eSTAR_InstrumentCluster/eStar_Cluster_Demo/Core/Src/stm32h7xx_hal_msp.c:214:6:HAL_DMA2D_MspInit	16	static
D:/MY PROJECTS/GIT_REPOS/eSTAR_InstrumentCluster/eStar_Cluster_Demo/Core/Src/stm32h7xx_hal_msp.c:239:6:HAL_DMA2D_MspDeInit	0	static
D:/MY PROJECTS/GIT_REPOS/eSTAR_InstrumentCluster/eStar_Cluster_Demo/Core/Src/stm32h7xx_hal_msp.c:264:6:HAL_FDCAN_MspInit	224	static
D:/MY PROJECTS/GIT_REPOS/eSTAR_InstrumentCluster/eStar_Cluster_Demo/Core/Src/stm32h7xx_hal_msp.c:311:6:HAL_FDCAN_MspDeInit	0	static
D:/MY PROJECTS/GIT_REPOS/eSTAR_InstrumentCluster/eStar_Cluster_Demo/Core/Src/stm32h7xx_hal_msp.c:340:6:HAL_LTDC_MspInit	80	static
D:/MY PROJECTS/GIT_REPOS/eSTAR_InstrumentCluster/eStar_Cluster_Demo/Core/Src/stm32h7xx_hal_msp.c:469:6:HAL_LTDC_MspDeInit	8	static
D:/MY PROJECTS/GIT_REPOS/eSTAR_InstrumentCluster/eStar_Cluster_Demo/Core/Src/stm32h7xx_hal_msp.c:542:6:HAL_OSPI_MspInit	96	static
D:/MY PROJECTS/GIT_REPOS/eSTAR_InstrumentCluster/eStar_Cluster_Demo/Core/Src/stm32h7xx_hal_msp.c:690:6:HAL_OSPI_MspDeInit	8	static
D:/MY PROJECTS/GIT_REPOS/eSTAR_InstrumentCluster/eStar_Cluster_Demo/Core/Src/stm32h7xx_hal_msp.c:776:6:HAL_RTC_MspInit	192	static
D:/MY PROJECTS/GIT_REPOS/eSTAR_InstrumentCluster/eStar_Cluster_Demo/Core/Src/stm32h7xx_hal_msp.c:812:6:HAL_RTC_MspDeInit	0	static
D:/MY PROJECTS/GIT_REPOS/eSTAR_InstrumentCluster/eStar_Cluster_Demo/Core/Src/stm32h7xx_hal_msp.c:837:6:HAL_TIM_Base_MspInit	40	static
D:/MY PROJECTS/GIT_REPOS/eSTAR_InstrumentCluster/eStar_Cluster_Demo/Core/Src/stm32h7xx_hal_msp.c:875:6:HAL_TIM_IC_MspInit	40	static
D:/MY PROJECTS/GIT_REPOS/eSTAR_InstrumentCluster/eStar_Cluster_Demo/Core/Src/stm32h7xx_hal_msp.c:913:6:HAL_TIM_Base_MspDeInit	8	static
D:/MY PROJECTS/GIT_REPOS/eSTAR_InstrumentCluster/eStar_Cluster_Demo/Core/Src/stm32h7xx_hal_msp.c:943:6:HAL_TIM_IC_MspDeInit	8	static
D:/MY PROJECTS/GIT_REPOS/eSTAR_InstrumentCluster/eStar_Cluster_Demo/Core/Src/stm32h7xx_hal_msp.c:973:6:HAL_UART_MspInit	224	static
D:/MY PROJECTS/GIT_REPOS/eSTAR_InstrumentCluster/eStar_Cluster_Demo/Core/Src/stm32h7xx_hal_msp.c:1020:6:HAL_UART_MspDeInit	0	static
