../Application/User/Core/src/Service/APP/Clock_App/clock_App.c:90:6:clock_Init	0	static
../Application/User/Core/src/Service/APP/Clock_App/clock_App.c:99:6:vGet_Clock	16	static
../Application/User/Core/src/Service/APP/Clock_App/clock_App.c:196:6:vClock_exit	8	static
../Application/User/Core/src/Service/APP/Clock_App/clock_App.c:122:6:clockSettingRunMode	8	static
../Application/User/Core/src/Service/APP/Clock_App/clock_App.c:203:6:ContinousIncrement	4	static
../Application/User/Core/src/Service/APP/Clock_App/clock_App.c:240:6:vClockIncreament	8	static
