D:/Git_Workspace/eSTAR_InstrumentCluster/eStar_Cluster_Demo/TouchGFX/gui/src/model/Model.cpp:29:6:void simulateButtonPress()	0	static
D:/Git_Workspace/eSTAR_InstrumentCluster/eStar_Cluster_Demo/TouchGFX/gui/src/model/Model.cpp:34:6:void simulateButtonRelease()	0	static
D:/Git_Workspace/eSTAR_InstrumentCluster/eStar_Cluster_Demo/TouchGFX/gui/src/model/Model.cpp:38:1:Model::Model()	0	static
D:/Git_Workspace/eSTAR_InstrumentCluster/eStar_Cluster_Demo/TouchGFX/gui/src/model/Model.cpp:75:6:void Model::SpeedData()	16	static
D:/Git_Workspace/eSTAR_InstrumentCluster/eStar_Cluster_Demo/TouchGFX/gui/src/model/Model.cpp:84:6:void Model::OdoData()	8	static
D:/Git_Workspace/eSTAR_InstrumentCluster/eStar_Cluster_Demo/TouchGFX/gui/src/model/Model.cpp:96:6:void Model::FuelData()	16	static
D:/Git_Workspace/eSTAR_InstrumentCluster/eStar_Cluster_Demo/TouchGFX/gui/src/model/Model.cpp:105:6:void Model::RPMData()	16	static
D:/Git_Workspace/eSTAR_InstrumentCluster/eStar_Cluster_Demo/TouchGFX/gui/src/model/Model.cpp:114:6:void Model::DriverInforMenu()	8	static
D:/Git_Workspace/eSTAR_InstrumentCluster/eStar_Cluster_Demo/TouchGFX/gui/src/model/Model.cpp:126:6:void Model::Trip_A()	8	static
D:/Git_Workspace/eSTAR_InstrumentCluster/eStar_Cluster_Demo/TouchGFX/gui/src/model/Model.cpp:138:6:void Model::Trip_B()	8	static
D:/Git_Workspace/eSTAR_InstrumentCluster/eStar_Cluster_Demo/TouchGFX/gui/src/model/Model.cpp:44:6:void Model::tick()	8	static
