D:/GIT_WorkAreas/eSTAR_InstrumentCluster/eStar_Cluster_Demo/TouchGFX/gui/src/model/Model.cpp:40:6:void simulateButtonPress()	0	static
D:/GIT_WorkAreas/eSTAR_InstrumentCluster/eStar_Cluster_Demo/TouchGFX/gui/src/model/Model.cpp:45:6:void simulateButtonRelease()	0	static
D:/GIT_WorkAreas/eSTAR_InstrumentCluster/eStar_Cluster_Demo/TouchGFX/gui/src/model/Model.cpp:49:1:Model::Model()	0	static
D:/GIT_WorkAreas/eSTAR_InstrumentCluster/eStar_Cluster_Demo/TouchGFX/gui/src/model/Model.cpp:94:6:void Model::SpeedData()	16	static
D:/GIT_WorkAreas/eSTAR_InstrumentCluster/eStar_Cluster_Demo/TouchGFX/gui/src/model/Model.cpp:109:6:void Model::OdoData()	16	static
D:/GIT_WorkAreas/eSTAR_InstrumentCluster/eStar_Cluster_Demo/TouchGFX/gui/src/model/Model.cpp:122:6:void Model::FuelData()	8	static
D:/GIT_WorkAreas/eSTAR_InstrumentCluster/eStar_Cluster_Demo/TouchGFX/gui/src/model/Model.cpp:133:6:void Model::RPMData()	8	static
D:/GIT_WorkAreas/eSTAR_InstrumentCluster/eStar_Cluster_Demo/TouchGFX/gui/src/model/Model.cpp:143:6:void Model::Trip_A()	8	static
D:/GIT_WorkAreas/eSTAR_InstrumentCluster/eStar_Cluster_Demo/TouchGFX/gui/src/model/Model.cpp:156:6:void Model::Trip_B()	8	static
D:/GIT_WorkAreas/eSTAR_InstrumentCluster/eStar_Cluster_Demo/TouchGFX/gui/src/model/Model.cpp:169:6:void Model::AVSValue()	8	static
D:/GIT_WorkAreas/eSTAR_InstrumentCluster/eStar_Cluster_Demo/TouchGFX/gui/src/model/Model.cpp:179:6:void Model::AFEValue()	8	static
D:/GIT_WorkAreas/eSTAR_InstrumentCluster/eStar_Cluster_Demo/TouchGFX/gui/src/model/Model.cpp:190:6:void Model::RANGEValue()	8	static
D:/GIT_WorkAreas/eSTAR_InstrumentCluster/eStar_Cluster_Demo/TouchGFX/gui/src/model/Model.cpp:201:6:void Model::Clock()	8	static
D:/GIT_WorkAreas/eSTAR_InstrumentCluster/eStar_Cluster_Demo/TouchGFX/gui/src/model/Model.cpp:226:6:void Model::SwitchHandler()	8	static
D:/GIT_WorkAreas/eSTAR_InstrumentCluster/eStar_Cluster_Demo/TouchGFX/gui/src/model/Model.cpp:249:6:void Model::IndicatorStatus()	8	static
D:/GIT_WorkAreas/eSTAR_InstrumentCluster/eStar_Cluster_Demo/TouchGFX/gui/src/model/Model.cpp:55:6:void Model::tick()	8	static
