D:/estar_GIT/eSTAR_InstrumentCluster/eStar_Cluster_Demo/TouchGFX/gui/src/model/Model.cpp:30:1:Model::Model()	0	static
D:/estar_GIT/eSTAR_InstrumentCluster/eStar_Cluster_Demo/TouchGFX/gui/src/model/Model.cpp:60:6:void Model::SpeedData()	8	static
D:/estar_GIT/eSTAR_InstrumentCluster/eStar_Cluster_Demo/TouchGFX/gui/src/model/Model.cpp:72:6:void Model::OdoData()	8	static
D:/estar_GIT/eSTAR_InstrumentCluster/eStar_Cluster_Demo/TouchGFX/gui/src/model/Model.cpp:84:6:void Model::FuelData()	8	static
D:/estar_GIT/eSTAR_InstrumentCluster/eStar_Cluster_Demo/TouchGFX/gui/src/model/Model.cpp:94:6:void Model::RPMData()	8	static
D:/estar_GIT/eSTAR_InstrumentCluster/eStar_Cluster_Demo/TouchGFX/gui/src/model/Model.cpp:104:6:void Model::Trip_A()	8	static
D:/estar_GIT/eSTAR_InstrumentCluster/eStar_Cluster_Demo/TouchGFX/gui/src/model/Model.cpp:116:6:void Model::Trip_B()	8	static
D:/estar_GIT/eSTAR_InstrumentCluster/eStar_Cluster_Demo/TouchGFX/gui/src/model/Model.cpp:128:6:void Model::AVSValue()	8	static
D:/estar_GIT/eSTAR_InstrumentCluster/eStar_Cluster_Demo/TouchGFX/gui/src/model/Model.cpp:138:6:void Model::AFEValue()	8	static
D:/estar_GIT/eSTAR_InstrumentCluster/eStar_Cluster_Demo/TouchGFX/gui/src/model/Model.cpp:149:6:void Model::RANGEValue()	8	static
D:/estar_GIT/eSTAR_InstrumentCluster/eStar_Cluster_Demo/TouchGFX/gui/src/model/Model.cpp:160:6:void Model::Clock()	24	static
D:/estar_GIT/eSTAR_InstrumentCluster/eStar_Cluster_Demo/TouchGFX/gui/src/model/Model.cpp:186:6:void Model::SwitchHandler()	8	static
D:/estar_GIT/eSTAR_InstrumentCluster/eStar_Cluster_Demo/TouchGFX/gui/src/model/Model.cpp:197:6:void Model::IndicatorStatus()	8	static
D:/estar_GIT/eSTAR_InstrumentCluster/eStar_Cluster_Demo/TouchGFX/gui/src/model/Model.cpp:207:6:void Model::MetricsToggle()	8	static
D:/estar_GIT/eSTAR_InstrumentCluster/eStar_Cluster_Demo/TouchGFX/gui/src/model/Model.cpp:35:6:void Model::tick()	8	static
