D:/GIT_WorkAreas/eSTAR_InstrumentCluster/eStar_Cluster_Demo/TouchGFX/gui/src/model/Model.cpp:38:6:void simulateButtonPress()	0	static
D:/GIT_WorkAreas/eSTAR_InstrumentCluster/eStar_Cluster_Demo/TouchGFX/gui/src/model/Model.cpp:43:6:void simulateButtonRelease()	0	static
D:/GIT_WorkAreas/eSTAR_InstrumentCluster/eStar_Cluster_Demo/TouchGFX/gui/src/model/Model.cpp:47:1:Model::Model()	0	static
D:/GIT_WorkAreas/eSTAR_InstrumentCluster/eStar_Cluster_Demo/TouchGFX/gui/src/model/Model.cpp:92:6:void Model::SpeedData()	16	static
D:/GIT_WorkAreas/eSTAR_InstrumentCluster/eStar_Cluster_Demo/TouchGFX/gui/src/model/Model.cpp:105:6:void Model::OdoData()	16	static
D:/GIT_WorkAreas/eSTAR_InstrumentCluster/eStar_Cluster_Demo/TouchGFX/gui/src/model/Model.cpp:118:6:void Model::FuelData()	8	static
D:/GIT_WorkAreas/eSTAR_InstrumentCluster/eStar_Cluster_Demo/TouchGFX/gui/src/model/Model.cpp:129:6:void Model::RPMData()	8	static
D:/GIT_WorkAreas/eSTAR_InstrumentCluster/eStar_Cluster_Demo/TouchGFX/gui/src/model/Model.cpp:139:6:void Model::Trip_A()	16	static
D:/GIT_WorkAreas/eSTAR_InstrumentCluster/eStar_Cluster_Demo/TouchGFX/gui/src/model/Model.cpp:152:6:void Model::Trip_B()	16	static
D:/GIT_WorkAreas/eSTAR_InstrumentCluster/eStar_Cluster_Demo/TouchGFX/gui/src/model/Model.cpp:165:6:void Model::AVSValue()	8	static
D:/GIT_WorkAreas/eSTAR_InstrumentCluster/eStar_Cluster_Demo/TouchGFX/gui/src/model/Model.cpp:175:6:void Model::AFEValue()	8	static
D:/GIT_WorkAreas/eSTAR_InstrumentCluster/eStar_Cluster_Demo/TouchGFX/gui/src/model/Model.cpp:186:6:void Model::RANGEValue()	8	static
D:/GIT_WorkAreas/eSTAR_InstrumentCluster/eStar_Cluster_Demo/TouchGFX/gui/src/model/Model.cpp:197:6:void Model::Clock()	8	static
D:/GIT_WorkAreas/eSTAR_InstrumentCluster/eStar_Cluster_Demo/TouchGFX/gui/src/model/Model.cpp:222:6:void Model::SwitchHandler()	8	static
D:/GIT_WorkAreas/eSTAR_InstrumentCluster/eStar_Cluster_Demo/TouchGFX/gui/src/model/Model.cpp:245:6:void Model::IndicatorStatus()	8	static
D:/GIT_WorkAreas/eSTAR_InstrumentCluster/eStar_Cluster_Demo/TouchGFX/gui/src/model/Model.cpp:53:6:void Model::tick()	8	static
