../../TouchGFX/gui/include/gui/screen1_screen/Screen1Presenter.hpp:44:13:Screen1Presenter::~Screen1Presenter()	0	static
D:/estar_GIT/eSTAR_InstrumentCluster/eStar_Cluster_Demo/TouchGFX/gui/src/screen1_screen/Screen1Presenter.cpp:10:6:virtual void Screen1Presenter::activate()	0	static
D:/estar_GIT/eSTAR_InstrumentCluster/eStar_Cluster_Demo/TouchGFX/gui/src/screen1_screen/Screen1Presenter.cpp:20:6:virtual void Screen1Presenter::notifySpeedDataChanged(uint32_t)	0	static
D:/estar_GIT/eSTAR_InstrumentCluster/eStar_Cluster_Demo/TouchGFX/gui/src/screen1_screen/Screen1Presenter.cpp:26:6:virtual void Screen1Presenter::notifyOdoDataChanged(uint32_t)	0	static
D:/estar_GIT/eSTAR_InstrumentCluster/eStar_Cluster_Demo/TouchGFX/gui/src/screen1_screen/Screen1Presenter.cpp:31:6:virtual void Screen1Presenter::notifyFuelCounter(uint16_t)	0	static
D:/estar_GIT/eSTAR_InstrumentCluster/eStar_Cluster_Demo/TouchGFX/gui/src/screen1_screen/Screen1Presenter.cpp:36:6:virtual void Screen1Presenter::notifyRPMDataChanged(uint16_t)	0	static
D:/estar_GIT/eSTAR_InstrumentCluster/eStar_Cluster_Demo/TouchGFX/gui/src/screen1_screen/Screen1Presenter.cpp:41:6:virtual void Screen1Presenter::notifyTrip_ADataChanged(uint16_t)	0	static
D:/estar_GIT/eSTAR_InstrumentCluster/eStar_Cluster_Demo/TouchGFX/gui/src/screen1_screen/Screen1Presenter.cpp:46:6:virtual void Screen1Presenter::notifyTrip_BDataChanged(uint16_t)	0	static
D:/estar_GIT/eSTAR_InstrumentCluster/eStar_Cluster_Demo/TouchGFX/gui/src/screen1_screen/Screen1Presenter.cpp:51:6:virtual void Screen1Presenter::notifyAVSDataChanged(uint32_t)	0	static
D:/estar_GIT/eSTAR_InstrumentCluster/eStar_Cluster_Demo/TouchGFX/gui/src/screen1_screen/Screen1Presenter.cpp:56:6:virtual void Screen1Presenter::notifyAFEDataChanged(uint32_t)	0	static
D:/estar_GIT/eSTAR_InstrumentCluster/eStar_Cluster_Demo/TouchGFX/gui/src/screen1_screen/Screen1Presenter.cpp:61:6:virtual void Screen1Presenter::notifyRANGEDataChanged(uint16_t)	0	static
D:/estar_GIT/eSTAR_InstrumentCluster/eStar_Cluster_Demo/TouchGFX/gui/src/screen1_screen/Screen1Presenter.cpp:66:6:virtual void Screen1Presenter::notifyClockDataChanged(uint8_t, uint8_t, uint8_t, uint8_t)	8	static
D:/estar_GIT/eSTAR_InstrumentCluster/eStar_Cluster_Demo/TouchGFX/gui/src/screen1_screen/Screen1Presenter.cpp:82:6:virtual void Screen1Presenter::notifySwitchHandlerDataChanged(uint8_t)	0	static
D:/estar_GIT/eSTAR_InstrumentCluster/eStar_Cluster_Demo/TouchGFX/gui/src/screen1_screen/Screen1Presenter.cpp:97:6:virtual void Screen1Presenter::notifyIndicatorStatusDataChanged(IndicationStatus_t)	0	static
D:/estar_GIT/eSTAR_InstrumentCluster/eStar_Cluster_Demo/TouchGFX/gui/src/screen1_screen/Screen1Presenter.cpp:102:6:virtual void Screen1Presenter::notifyMetricsToggleDataChanged(uint8_t)	0	static
../../TouchGFX/gui/include/gui/screen1_screen/Screen1Presenter.hpp:44:13:virtual Screen1Presenter::~Screen1Presenter()	8	static
../../TouchGFX/gui/include/gui/screen1_screen/Screen1Presenter.hpp:44:13:virtual void* Screen1Presenter::_ZThn4_N16Screen1PresenterD1Ev()	0	static
D:/estar_GIT/eSTAR_InstrumentCluster/eStar_Cluster_Demo/TouchGFX/gui/src/screen1_screen/Screen1Presenter.cpp:4:1:Screen1Presenter::Screen1Presenter(Screen1View&)	8	static
