../../TouchGFX/gui/include/gui/screen1_screen/Screen1Presenter.hpp:40:13:Screen1Presenter::~Screen1Presenter()	0	static
D:/GIT_WorkAreas/eSTAR_InstrumentCluster/eStar_Cluster_Demo/TouchGFX/gui/src/screen1_screen/Screen1Presenter.cpp:10:6:virtual void Screen1Presenter::activate()	0	static
D:/GIT_WorkAreas/eSTAR_InstrumentCluster/eStar_Cluster_Demo/TouchGFX/gui/src/screen1_screen/Screen1Presenter.cpp:20:6:virtual void Screen1Presenter::notifySpeedDataChanged(uint16_t)	16	static
D:/GIT_WorkAreas/eSTAR_InstrumentCluster/eStar_Cluster_Demo/TouchGFX/gui/src/screen1_screen/Screen1Presenter.cpp:29:6:virtual void Screen1Presenter::notifyOdoDataChanged(uint32_t)	0	static
D:/GIT_WorkAreas/eSTAR_InstrumentCluster/eStar_Cluster_Demo/TouchGFX/gui/src/screen1_screen/Screen1Presenter.cpp:34:6:virtual void Screen1Presenter::notifyFuelCounter(uint16_t)	0	static
D:/GIT_WorkAreas/eSTAR_InstrumentCluster/eStar_Cluster_Demo/TouchGFX/gui/src/screen1_screen/Screen1Presenter.cpp:39:6:virtual void Screen1Presenter::notifyRPMDataChanged(uint16_t)	0	static
D:/GIT_WorkAreas/eSTAR_InstrumentCluster/eStar_Cluster_Demo/TouchGFX/gui/src/screen1_screen/Screen1Presenter.cpp:44:6:virtual void Screen1Presenter::notifyTrip_ADataChanged(uint16_t)	0	static
D:/GIT_WorkAreas/eSTAR_InstrumentCluster/eStar_Cluster_Demo/TouchGFX/gui/src/screen1_screen/Screen1Presenter.cpp:49:6:virtual void Screen1Presenter::notifyTrip_BDataChanged(uint16_t)	0	static
D:/GIT_WorkAreas/eSTAR_InstrumentCluster/eStar_Cluster_Demo/TouchGFX/gui/src/screen1_screen/Screen1Presenter.cpp:54:6:virtual void Screen1Presenter::notifyAVSDataChanged(uint32_t)	0	static
D:/GIT_WorkAreas/eSTAR_InstrumentCluster/eStar_Cluster_Demo/TouchGFX/gui/src/screen1_screen/Screen1Presenter.cpp:59:6:virtual void Screen1Presenter::notifyAFEDataChanged(uint32_t)	0	static
D:/GIT_WorkAreas/eSTAR_InstrumentCluster/eStar_Cluster_Demo/TouchGFX/gui/src/screen1_screen/Screen1Presenter.cpp:64:6:virtual void Screen1Presenter::notifyRANGEDataChanged(uint16_t)	0	static
D:/GIT_WorkAreas/eSTAR_InstrumentCluster/eStar_Cluster_Demo/TouchGFX/gui/src/screen1_screen/Screen1Presenter.cpp:69:6:virtual void Screen1Presenter::notifyClockDataChanged(uint8_t, uint8_t, uint8_t)	4	static
D:/GIT_WorkAreas/eSTAR_InstrumentCluster/eStar_Cluster_Demo/TouchGFX/gui/src/screen1_screen/Screen1Presenter.cpp:74:6:virtual void Screen1Presenter::notifyDriverInforMenuDataChanged(uint8_t)	0	static
D:/GIT_WorkAreas/eSTAR_InstrumentCluster/eStar_Cluster_Demo/TouchGFX/gui/src/screen1_screen/Screen1Presenter.cpp:80:6:virtual void Screen1Presenter::notifySwitchHandlerDataChanged(uint8_t)	0	static
../../TouchGFX/gui/include/gui/screen1_screen/Screen1Presenter.hpp:40:13:virtual Screen1Presenter::~Screen1Presenter()	8	static
../../TouchGFX/gui/include/gui/screen1_screen/Screen1Presenter.hpp:40:13:virtual void* Screen1Presenter::_ZThn4_N16Screen1PresenterD1Ev()	0	static
D:/GIT_WorkAreas/eSTAR_InstrumentCluster/eStar_Cluster_Demo/TouchGFX/gui/src/screen1_screen/Screen1Presenter.cpp:4:1:Screen1Presenter::Screen1Presenter(Screen1View&)	8	static
