../../Middlewares/ST/touchgfx/framework/include/touchgfx/Screen.hpp:104:18:virtual void touchgfx::Screen::afterTransition()	0	static
../../Middlewares/ST/touchgfx/framework/include/touchgfx/Screen.hpp:115:18:virtual void touchgfx::Screen::tearDownScreen()	0	static
../../Middlewares/ST/touchgfx/framework/include/touchgfx/Screen.hpp:144:18:virtual void touchgfx::Screen::handleTickEvent()	0	static
../../Middlewares/ST/touchgfx/framework/include/touchgfx/Screen.hpp:154:18:virtual void touchgfx::Screen::handleKeyEvent(uint8_t)	0	static
D:/GIT_WorkAreas/eSTAR_InstrumentCluster/eStar_Cluster_Demo/TouchGFX/gui/src/screen1_screen/Screen1View.cpp:230:6:virtual void Screen1View::TRIP_A(uint16_t)	0	static
D:/GIT_WorkAreas/eSTAR_InstrumentCluster/eStar_Cluster_Demo/TouchGFX/gui/src/screen1_screen/Screen1View.cpp:236:6:virtual void Screen1View::TRIP_B(uint16_t)	0	static
D:/GIT_WorkAreas/eSTAR_InstrumentCluster/eStar_Cluster_Demo/TouchGFX/gui/src/screen1_screen/Screen1View.cpp:242:6:virtual void Screen1View::AVSValue(uint32_t)	0	static
D:/GIT_WorkAreas/eSTAR_InstrumentCluster/eStar_Cluster_Demo/TouchGFX/gui/src/screen1_screen/Screen1View.cpp:248:6:virtual void Screen1View::AFEValue(uint32_t)	0	static
D:/GIT_WorkAreas/eSTAR_InstrumentCluster/eStar_Cluster_Demo/TouchGFX/gui/src/screen1_screen/Screen1View.cpp:254:6:virtual void Screen1View::RANGEValue(uint16_t)	0	static
../../TouchGFX/gui/include/gui/screen1_screen/Screen1View.hpp:12:13:Screen1View::~Screen1View()	8	static
../../TouchGFX/gui/include/gui/screen1_screen/Screen1View.hpp:12:13:virtual Screen1View::~Screen1View()	8	static
D:/GIT_WorkAreas/eSTAR_InstrumentCluster/eStar_Cluster_Demo/TouchGFX/gui/src/screen1_screen/Screen1View.cpp:9:1:Screen1View::Screen1View()	8	static
D:/GIT_WorkAreas/eSTAR_InstrumentCluster/eStar_Cluster_Demo/TouchGFX/gui/src/screen1_screen/Screen1View.cpp:19:6:virtual void Screen1View::setupScreen()	8	static
D:/GIT_WorkAreas/eSTAR_InstrumentCluster/eStar_Cluster_Demo/TouchGFX/gui/src/screen1_screen/Screen1View.cpp:108:6:virtual void Screen1View::SpeedUpdate(uint32_t, uint8_t, uint8_t)	16	static
D:/GIT_WorkAreas/eSTAR_InstrumentCluster/eStar_Cluster_Demo/TouchGFX/gui/src/screen1_screen/Screen1View.cpp:127:6:virtual void Screen1View::OdoDataUpdate(uint32_t, uint8_t)	16	static
D:/GIT_WorkAreas/eSTAR_InstrumentCluster/eStar_Cluster_Demo/TouchGFX/gui/src/screen1_screen/Screen1View.cpp:188:6:virtual void Screen1View::FuelGauageAnimation(uint16_t)	24	static
D:/GIT_WorkAreas/eSTAR_InstrumentCluster/eStar_Cluster_Demo/TouchGFX/gui/src/screen1_screen/Screen1View.cpp:213:6:virtual void Screen1View::RPMDataAnimation(uint16_t)	16	static
D:/GIT_WorkAreas/eSTAR_InstrumentCluster/eStar_Cluster_Demo/TouchGFX/gui/src/screen1_screen/Screen1View.cpp:260:6:virtual void Screen1View::DriverInforMenu(uint8_t)	24	static
D:/GIT_WorkAreas/eSTAR_InstrumentCluster/eStar_Cluster_Demo/TouchGFX/gui/src/screen1_screen/Screen1View.cpp:313:6:virtual void Screen1View::ClockUpdate(uint8_t, uint8_t, uint8_t)	16	static
D:/GIT_WorkAreas/eSTAR_InstrumentCluster/eStar_Cluster_Demo/TouchGFX/gui/src/screen1_screen/Screen1View.cpp:329:6:virtual void Screen1View::SwitchingModes(uint8_t)	8	static
D:/GIT_WorkAreas/eSTAR_InstrumentCluster/eStar_Cluster_Demo/TouchGFX/gui/src/screen1_screen/Screen1View.cpp:354:6:virtual void Screen1View::IndicatorsStatus(IndicationStatus_t)	24	static
