../../Middlewares/ST/touchgfx/framework/include/touchgfx/Screen.hpp:104:18:virtual void touchgfx::Screen::afterTransition()	0	static
../../Middlewares/ST/touchgfx/framework/include/touchgfx/Screen.hpp:115:18:virtual void touchgfx::Screen::tearDownScreen()	0	static
../../Middlewares/ST/touchgfx/framework/include/touchgfx/Screen.hpp:144:18:virtual void touchgfx::Screen::handleTickEvent()	0	static
../../Middlewares/ST/touchgfx/framework/include/touchgfx/Screen.hpp:154:18:virtual void touchgfx::Screen::handleKeyEvent(uint8_t)	0	static
D:/GitWork_Areas/eSTAR_InstrumentCluster/eStar_Cluster_Demo/TouchGFX/gui/src/screen1_screen/Screen1View.cpp:134:6:virtual void Screen1View::TRIP_A(uint16_t)	0	static
D:/GitWork_Areas/eSTAR_InstrumentCluster/eStar_Cluster_Demo/TouchGFX/gui/src/screen1_screen/Screen1View.cpp:140:6:virtual void Screen1View::TRIP_B(uint16_t)	0	static
D:/GitWork_Areas/eSTAR_InstrumentCluster/eStar_Cluster_Demo/TouchGFX/gui/src/screen1_screen/Screen1View.cpp:146:6:virtual void Screen1View::AVSValue(uint32_t)	0	static
D:/GitWork_Areas/eSTAR_InstrumentCluster/eStar_Cluster_Demo/TouchGFX/gui/src/screen1_screen/Screen1View.cpp:152:6:virtual void Screen1View::AFEValue(uint32_t)	0	static
D:/GitWork_Areas/eSTAR_InstrumentCluster/eStar_Cluster_Demo/TouchGFX/gui/src/screen1_screen/Screen1View.cpp:158:6:virtual void Screen1View::RANGEValue(uint16_t)	0	static
../../TouchGFX/gui/include/gui/screen1_screen/Screen1View.hpp:15:13:Screen1View::~Screen1View()	8	static
../../TouchGFX/gui/include/gui/screen1_screen/Screen1View.hpp:15:13:virtual Screen1View::~Screen1View()	8	static
D:/GitWork_Areas/eSTAR_InstrumentCluster/eStar_Cluster_Demo/TouchGFX/gui/src/screen1_screen/Screen1View.cpp:9:1:Screen1View::Screen1View()	8	static
D:/GitWork_Areas/eSTAR_InstrumentCluster/eStar_Cluster_Demo/TouchGFX/gui/src/screen1_screen/Screen1View.cpp:65:6:void Screen1View::FuelGauageStartupAnimation()	16	static
D:/GitWork_Areas/eSTAR_InstrumentCluster/eStar_Cluster_Demo/TouchGFX/gui/src/screen1_screen/Screen1View.cpp:75:6:void Screen1View::RPMDataStartupAnimation()	16	static
D:/GitWork_Areas/eSTAR_InstrumentCluster/eStar_Cluster_Demo/TouchGFX/gui/src/screen1_screen/Screen1View.cpp:425:6:void Screen1View::BlinkIndicator(bool, uint32_t&, touchgfx::Image&, uint32_t)	16	static
D:/GitWork_Areas/eSTAR_InstrumentCluster/eStar_Cluster_Demo/TouchGFX/gui/src/screen1_screen/Screen1View.cpp:446:6:virtual void Screen1View::IndicatorsStatus(IndicationStatus_t)	32	static
D:/GitWork_Areas/eSTAR_InstrumentCluster/eStar_Cluster_Demo/TouchGFX/gui/src/screen1_screen/Screen1View.cpp:18:6:virtual void Screen1View::setupScreen()	8	static
D:/GitWork_Areas/eSTAR_InstrumentCluster/eStar_Cluster_Demo/TouchGFX/gui/src/screen1_screen/Screen1View.cpp:41:6:virtual void Screen1View::SpeedUpdate(uint32_t)	8	static
D:/GitWork_Areas/eSTAR_InstrumentCluster/eStar_Cluster_Demo/TouchGFX/gui/src/screen1_screen/Screen1View.cpp:59:6:virtual void Screen1View::OdoDataUpdate(uint32_t)	8	static
D:/GitWork_Areas/eSTAR_InstrumentCluster/eStar_Cluster_Demo/TouchGFX/gui/src/screen1_screen/Screen1View.cpp:85:6:virtual void Screen1View::FuelGauageAnimation(uint16_t)	24	static
D:/GitWork_Areas/eSTAR_InstrumentCluster/eStar_Cluster_Demo/TouchGFX/gui/src/screen1_screen/Screen1View.cpp:112:6:virtual void Screen1View::RPMDataAnimation(uint16_t)	24	static
D:/GitWork_Areas/eSTAR_InstrumentCluster/eStar_Cluster_Demo/TouchGFX/gui/src/screen1_screen/Screen1View.cpp:164:6:void Screen1View::DriverInforMenu()	16	static
D:/GitWork_Areas/eSTAR_InstrumentCluster/eStar_Cluster_Demo/TouchGFX/gui/src/screen1_screen/Screen1View.cpp:212:6:virtual void Screen1View::MetricsToggle(uint8_t)	24	static
D:/GitWork_Areas/eSTAR_InstrumentCluster/eStar_Cluster_Demo/TouchGFX/gui/src/screen1_screen/Screen1View.cpp:245:6:virtual void Screen1View::ClockUpdate(uint8_t, uint8_t, uint8_t, uint8_t, uint8_t)	24	static
D:/GitWork_Areas/eSTAR_InstrumentCluster/eStar_Cluster_Demo/TouchGFX/gui/src/screen1_screen/Screen1View.cpp:282:6:void Screen1View::startBlinkingHours()	16	static
D:/GitWork_Areas/eSTAR_InstrumentCluster/eStar_Cluster_Demo/TouchGFX/gui/src/screen1_screen/Screen1View.cpp:292:6:void Screen1View::startBlinkingMinutes()	16	static
D:/GitWork_Areas/eSTAR_InstrumentCluster/eStar_Cluster_Demo/TouchGFX/gui/src/screen1_screen/Screen1View.cpp:302:6:void Screen1View::startBlinkingAmPm()	16	static
D:/GitWork_Areas/eSTAR_InstrumentCluster/eStar_Cluster_Demo/TouchGFX/gui/src/screen1_screen/Screen1View.cpp:312:6:void Screen1View::stopBlinking()	16	static
D:/GitWork_Areas/eSTAR_InstrumentCluster/eStar_Cluster_Demo/TouchGFX/gui/src/screen1_screen/Screen1View.cpp:323:6:void Screen1View::ClockValueChangingMode()	0	static
D:/GitWork_Areas/eSTAR_InstrumentCluster/eStar_Cluster_Demo/TouchGFX/gui/src/screen1_screen/Screen1View.cpp:400:6:virtual void Screen1View::SwitchingModes(uint8_t)	0	static
