../Application/User/Core/src/App/Odometer_App/Odometer_App.c:108:6:vOdoInit	0	static
../Application/User/Core/src/App/Odometer_App/Odometer_App.c:151:10:vPulseCount	8	static
../Application/User/Core/src/App/Odometer_App/Odometer_App.c:165:6:vCalculateOdoInKm	8	static
../Application/User/Core/src/App/Odometer_App/Odometer_App.c:184:6:vCalculateOdoInMiles	8	static
../Application/User/Core/src/App/Odometer_App/Odometer_App.c:140:6:vCalculateOdo	0	static
../Application/User/Core/src/App/Odometer_App/Odometer_App.c:192:6:vResetTripA_OdoReadings	0	static
../Application/User/Core/src/App/Odometer_App/Odometer_App.c:198:10:xGetTripA_OdoReading	12	static
../Application/User/Core/src/App/Odometer_App/Odometer_App.c:229:6:vResetTripB_OdoReadings	0	static
../Application/User/Core/src/App/Odometer_App/Odometer_App.c:235:6:xWrite_OdoVal_to_EEPROM	0	static
../Application/User/Core/src/App/Odometer_App/Odometer_App.c:241:6:xRetrive_LastStored_OdoVal_from_EEPROM	0	static
../Application/User/Core/src/App/Odometer_App/Odometer_App.c:250:10:xGetTripB_OdoReading	12	static
../Application/User/Core/src/App/Odometer_App/Odometer_App.c:113:6:vOdoAlgorithm	8	static
../Application/User/Core/src/App/Odometer_App/Odometer_App.c:297:10:xGetOdoReadings	0	static
../Application/User/Core/src/App/Odometer_App/Odometer_App.c:318:6:vToggleOdoUnits	0	static
