../Application/User/Core/src/App/Odometer_App/Odometer_App.c:106:6:vOdoInit	0	static
../Application/User/Core/src/App/Odometer_App/Odometer_App.c:154:10:vPulseCount	8	static
../Application/User/Core/src/App/Odometer_App/Odometer_App.c:193:6:vResetTripA_OdoReadings	0	static
../Application/User/Core/src/App/Odometer_App/Odometer_App.c:204:10:xGetTripA_OdoReading	0	static
../Application/User/Core/src/App/Odometer_App/Odometer_App.c:239:6:vResetTripB_OdoReadings	0	static
../Application/User/Core/src/App/Odometer_App/Odometer_App.c:245:6:xWrite_OdoVal_to_EEPROM	0	static
../Application/User/Core/src/App/Odometer_App/Odometer_App.c:169:6:vCalculateOdoInKm	8	static
../Application/User/Core/src/App/Odometer_App/Odometer_App.c:185:6:vCalculateOdoInMiles	8	static
../Application/User/Core/src/App/Odometer_App/Odometer_App.c:142:6:vCalculateOdo	0	static
../Application/User/Core/src/App/Odometer_App/Odometer_App.c:119:6:vOdoAlgorithm	8	static
../Application/User/Core/src/App/Odometer_App/Odometer_App.c:251:6:xRetrive_LastStored_OdoVal_from_EEPROM	0	static
../Application/User/Core/src/App/Odometer_App/Odometer_App.c:258:10:xGetTripB_OdoReading	0	static
../Application/User/Core/src/App/Odometer_App/Odometer_App.c:305:10:xGetOdoReadings	0	static
../Application/User/Core/src/App/Odometer_App/Odometer_App.c:329:6:vToggleOdoUnits	0	static
