../Application/User/Core/src/App/Odometer_App/Odometer_App.c:161:10:vPulseCount	8	static
../Application/User/Core/src/App/Odometer_App/Odometer_App.c:176:6:vCalculateOdoInKm	16	static
../Application/User/Core/src/App/Odometer_App/Odometer_App.c:198:6:vCalculateOdoInMiles	8	static
../Application/User/Core/src/App/Odometer_App/Odometer_App.c:149:6:vCalculateOdo	0	static
../Application/User/Core/src/App/Odometer_App/Odometer_App.c:206:6:vResetTripA_OdoReadings	0	static
../Application/User/Core/src/App/Odometer_App/Odometer_App.c:217:10:xGetTripA_OdoReading	8	static
../Application/User/Core/src/App/Odometer_App/Odometer_App.c:254:6:vResetTripB_OdoReadings	0	static
../Application/User/Core/src/App/Odometer_App/Odometer_App.c:260:6:write_odo_to_EEPROM	0	static
../Application/User/Core/src/App/Odometer_App/Odometer_App.c:106:6:vOdoInit	0	static
../Application/User/Core/src/App/Odometer_App/Odometer_App.c:266:10:xGetTripB_OdoReading	8	static
../Application/User/Core/src/App/Odometer_App/Odometer_App.c:120:6:vOdoAlgorithm	8	static
../Application/User/Core/src/App/Odometer_App/Odometer_App.c:337:6:vToggleOdoUnits	0	static
