../Application/User/Core/src/App/Odometer_App/Odometer_App.c:162:10:vPulseCount	8	static
../Application/User/Core/src/App/Odometer_App/Odometer_App.c:208:6:vResetTripA_OdoReadings	0	static
../Application/User/Core/src/App/Odometer_App/Odometer_App.c:219:10:xGetTripA_OdoReading	0	static
../Application/User/Core/src/App/Odometer_App/Odometer_App.c:256:6:vResetTripB_OdoReadings	0	static
../Application/User/Core/src/App/Odometer_App/Odometer_App.c:262:6:write_odo_to_EEPROM	0	static
../Application/User/Core/src/App/Odometer_App/Odometer_App.c:106:6:vOdoInit	0	static
../Application/User/Core/src/App/Odometer_App/Odometer_App.c:177:6:vCalculateOdoInKm	8	static
../Application/User/Core/src/App/Odometer_App/Odometer_App.c:200:6:vCalculateOdoInMiles	8	static
../Application/User/Core/src/App/Odometer_App/Odometer_App.c:150:6:vCalculateOdo	0	static
../Application/User/Core/src/App/Odometer_App/Odometer_App.c:120:6:vOdoAlgorithm	8	static
../Application/User/Core/src/App/Odometer_App/Odometer_App.c:268:10:xGetTripB_OdoReading	0	static
../Application/User/Core/src/App/Odometer_App/Odometer_App.c:315:10:xGetOdoReadings	0	static
../Application/User/Core/src/App/Odometer_App/Odometer_App.c:339:6:vToggleOdoUnits	0	static
