../Application/User/Core/src/App/Odometer_App/Odometer_App.c:116:6:vOdoInit	0	static
../Application/User/Core/src/App/Odometer_App/Odometer_App.c:159:10:vPulseCount	8	static
../Application/User/Core/src/App/Odometer_App/Odometer_App.c:173:6:vCalculateOdoInKm	8	static
../Application/User/Core/src/App/Odometer_App/Odometer_App.c:192:6:vCalculateOdoInMiles	8	static
../Application/User/Core/src/App/Odometer_App/Odometer_App.c:148:6:vCalculateOdo	0	static
../Application/User/Core/src/App/Odometer_App/Odometer_App.c:200:6:vResetTripA_OdoReadings	0	static
../Application/User/Core/src/App/Odometer_App/Odometer_App.c:206:10:xGetTripA_OdoReading	12	static
../Application/User/Core/src/App/Odometer_App/Odometer_App.c:237:6:vResetTripB_OdoReadings	0	static
../Application/User/Core/src/App/Odometer_App/Odometer_App.c:121:6:vOdoAlgorithm	8	static
../Application/User/Core/src/App/Odometer_App/Odometer_App.c:243:6:xWrite_OdoVal_to_EEPROM	0	static
../Application/User/Core/src/App/Odometer_App/Odometer_App.c:249:6:xRetrive_LastStored_OdoVal_from_EEPROM	0	static
../Application/User/Core/src/App/Odometer_App/Odometer_App.c:258:10:xGetTripB_OdoReading	12	static
../Application/User/Core/src/App/Odometer_App/Odometer_App.c:305:10:xGetOdoReadings	0	static
../Application/User/Core/src/App/Odometer_App/Odometer_App.c:326:6:vToggleOdoUnits	0	static
