../Application/User/Core/src/App/Odometer_App/Odometer_App.c:116:6:vOdoInit	0	static
../Application/User/Core/src/App/Odometer_App/Odometer_App.c:160:10:vPulseCount	8	static
../Application/User/Core/src/App/Odometer_App/Odometer_App.c:174:6:vCalculateOdoInKm	8	static
../Application/User/Core/src/App/Odometer_App/Odometer_App.c:193:6:vCalculateOdoInMiles	8	static
../Application/User/Core/src/App/Odometer_App/Odometer_App.c:149:6:vCalculateOdo	0	static
../Application/User/Core/src/App/Odometer_App/Odometer_App.c:201:6:vResetTripA_OdoReadings	0	static
../Application/User/Core/src/App/Odometer_App/Odometer_App.c:207:10:xGetTripA_OdoReading	12	static
../Application/User/Core/src/App/Odometer_App/Odometer_App.c:238:6:vResetTripB_OdoReadings	0	static
../Application/User/Core/src/App/Odometer_App/Odometer_App.c:122:6:vOdoAlgorithm	8	static
../Application/User/Core/src/App/Odometer_App/Odometer_App.c:244:6:xWrite_OdoVal_to_EEPROM	0	static
../Application/User/Core/src/App/Odometer_App/Odometer_App.c:250:6:xRetrive_LastStored_OdoVal_from_EEPROM	0	static
../Application/User/Core/src/App/Odometer_App/Odometer_App.c:259:10:xGetTripB_OdoReading	12	static
../Application/User/Core/src/App/Odometer_App/Odometer_App.c:306:10:xGetOdoReadings	0	static
../Application/User/Core/src/App/Odometer_App/Odometer_App.c:327:6:vToggleOdoUnits	0	static
