../Application/User/Core/src/App/Odometer_App/Odometer_App.c:101:6:vOdoInit	0	static
../Application/User/Core/src/App/Odometer_App/Odometer_App.c:136:10:vPulseCount	8	static
../Application/User/Core/src/App/Odometer_App/Odometer_App.c:151:6:vCalculateOdoInKm	24	static
../Application/User/Core/src/App/Odometer_App/Odometer_App.c:174:6:vCalculateOdoInMiles	8	static
../Application/User/Core/src/App/Odometer_App/Odometer_App.c:124:6:vCalculateOdo	0	static
../Application/User/Core/src/App/Odometer_App/Odometer_App.c:107:6:vOdoAlgorithm	8	static
../Application/User/Core/src/App/Odometer_App/Odometer_App.c:183:6:vResetTripA_OdoReadings	16	static
../Application/User/Core/src/App/Odometer_App/Odometer_App.c:209:10:xGetTripA_OdoReading	24	static
../Application/User/Core/src/App/Odometer_App/Odometer_App.c:263:6:vResetTripB_OdoReadings	16	static
../Application/User/Core/src/App/Odometer_App/Odometer_App.c:287:10:xGetTripB_OdoReading	24	static
../Application/User/Core/src/App/Odometer_App/Odometer_App.c:341:6:xWrite_OdoVal_to_EEPROM	8	static
../Application/User/Core/src/App/Odometer_App/Odometer_App.c:377:6:xRetrive_LastStored_OdoVal_from_EEPROM	16	static
../Application/User/Core/src/App/Odometer_App/Odometer_App.c:403:10:xGetOdoReadings	0	static
../Application/User/Core/src/App/Odometer_App/Odometer_App.c:437:6:vToggleOdoUnits	0	static
