../Application/User/Core/src/App/Odometer_App/Odometer_App.c:115:6:vOdoInit	0	static
../Application/User/Core/src/App/Odometer_App/Odometer_App.c:160:10:vPulseCount	8	static
../Application/User/Core/src/App/Odometer_App/Odometer_App.c:175:6:vCalculateOdoInKm	24	static
../Application/User/Core/src/App/Odometer_App/Odometer_App.c:199:6:vCalculateOdoInMiles	8	static
../Application/User/Core/src/App/Odometer_App/Odometer_App.c:148:6:vCalculateOdo	0	static
../Application/User/Core/src/App/Odometer_App/Odometer_App.c:208:6:vResetTripA_OdoReadings	0	static
../Application/User/Core/src/App/Odometer_App/Odometer_App.c:220:10:xGetTripA_OdoReading	16	static
../Application/User/Core/src/App/Odometer_App/Odometer_App.c:262:6:vResetTripB_OdoReadings	0	static
../Application/User/Core/src/App/Odometer_App/Odometer_App.c:273:6:xWrite_OdoVal_to_EEPROM	8	static
../Application/User/Core/src/App/Odometer_App/Odometer_App.c:312:6:xRetrive_LastStored_OdoVal_from_EEPROM	8	static
../Application/User/Core/src/App/Odometer_App/Odometer_App.c:326:10:xGetTripB_OdoReading	16	static
../Application/User/Core/src/App/Odometer_App/Odometer_App.c:121:6:vOdoAlgorithm	8	static
../Application/User/Core/src/App/Odometer_App/Odometer_App.c:377:10:xGetOdoReadings	0	static
../Application/User/Core/src/App/Odometer_App/Odometer_App.c:404:6:vToggleOdoUnits	0	static
