../Application/User/Core/src/App/Odometer_App/Odometer_App.c:112:6:vOdoInit	0	static
../Application/User/Core/src/App/Odometer_App/Odometer_App.c:147:10:vPulseCount	8	static
../Application/User/Core/src/App/Odometer_App/Odometer_App.c:162:6:vCalculateOdoInKm	24	static
../Application/User/Core/src/App/Odometer_App/Odometer_App.c:186:6:vCalculateOdoInMiles	8	static
../Application/User/Core/src/App/Odometer_App/Odometer_App.c:135:6:vCalculateOdo	0	static
../Application/User/Core/src/App/Odometer_App/Odometer_App.c:118:6:vOdoAlgorithm	8	static
../Application/User/Core/src/App/Odometer_App/Odometer_App.c:195:6:vResetTripA_OdoReadings	16	static
../Application/User/Core/src/App/Odometer_App/Odometer_App.c:220:10:xGetTripA_OdoReading	24	static
../Application/User/Core/src/App/Odometer_App/Odometer_App.c:273:6:vResetTripB_OdoReadings	16	static
../Application/User/Core/src/App/Odometer_App/Odometer_App.c:296:10:xGetTripB_OdoReading	24	static
../Application/User/Core/src/App/Odometer_App/Odometer_App.c:349:6:xWrite_OdoVal_to_EEPROM	8	static
../Application/User/Core/src/App/Odometer_App/Odometer_App.c:388:6:xRetrive_LastStored_OdoVal_from_EEPROM	24	static
../Application/User/Core/src/App/Odometer_App/Odometer_App.c:416:10:xGetOdoReadings	0	static
../Application/User/Core/src/App/Odometer_App/Odometer_App.c:443:6:vToggleOdoUnits	0	static
