../Application/User/Core/src/App/Odometer_App/Odometer_App.c:101:6:vOdoInit	0	static
../Application/User/Core/src/App/Odometer_App/Odometer_App.c:141:10:vPulseCount	8	static
../Application/User/Core/src/App/Odometer_App/Odometer_App.c:157:6:vCalculateOdoInKm	16	static
../Application/User/Core/src/App/Odometer_App/Odometer_App.c:179:6:vCalculateOdoInMiles	8	static
../Application/User/Core/src/App/Odometer_App/Odometer_App.c:127:6:vCalculateOdo	8	static
../Application/User/Core/src/App/Odometer_App/Odometer_App.c:190:6:vResetTripA_OdoReadings	16	static
../Application/User/Core/src/App/Odometer_App/Odometer_App.c:210:10:xGetTripA_OdoReading	16	static
../Application/User/Core/src/App/Odometer_App/Odometer_App.c:262:6:vResetTripB_OdoReadings	16	static
../Application/User/Core/src/App/Odometer_App/Odometer_App.c:281:10:xGetTripB_OdoReading	16	static
../Application/User/Core/src/App/Odometer_App/Odometer_App.c:333:6:vWrite_OdoVal_to_EEPROM	8	static
../Application/User/Core/src/App/Odometer_App/Odometer_App.c:108:6:vOdoAlgorithm	8	static
../Application/User/Core/src/App/Odometer_App/Odometer_App.c:365:6:vRetrive_LastStored_OdoVal_from_EEPROM	16	static
../Application/User/Core/src/App/Odometer_App/Odometer_App.c:392:10:xGetOdoReadings	0	static
