../Application/User/Core/src/App/Odometer_App/Odometer_App.c:101:6:vOdoInit	0	static
../Application/User/Core/src/App/Odometer_App/Odometer_App.c:137:10:vPulseCount	8	static
../Application/User/Core/src/App/Odometer_App/Odometer_App.c:152:6:vCalculateOdoInKm	16	static
../Application/User/Core/src/App/Odometer_App/Odometer_App.c:179:6:vCalculateOdoInMiles	8	static
../Application/User/Core/src/App/Odometer_App/Odometer_App.c:125:6:vCalculateOdo	0	static
../Application/User/Core/src/App/Odometer_App/Odometer_App.c:188:6:vResetTripA_OdoReadings	16	static
../Application/User/Core/src/App/Odometer_App/Odometer_App.c:214:10:xGetTripA_OdoReading	24	static
../Application/User/Core/src/App/Odometer_App/Odometer_App.c:267:6:vResetTripB_OdoReadings	16	static
../Application/User/Core/src/App/Odometer_App/Odometer_App.c:291:10:xGetTripB_OdoReading	24	static
../Application/User/Core/src/App/Odometer_App/Odometer_App.c:344:6:vWrite_OdoVal_to_EEPROM	8	static
../Application/User/Core/src/App/Odometer_App/Odometer_App.c:107:6:vOdoAlgorithm	8	static
../Application/User/Core/src/App/Odometer_App/Odometer_App.c:379:6:vRetrive_LastStored_OdoVal_from_EEPROM	16	static
../Application/User/Core/src/App/Odometer_App/Odometer_App.c:405:10:xGetOdoReadings	8	static
../Application/User/Core/src/App/Odometer_App/Odometer_App.c:450:6:vToggleOdoUnits	0	static
