../Application/User/Core/src/App/Odometer_App/Odometer_App.c:109:6:vOdoInit	0	static
../Application/User/Core/src/App/Odometer_App/Odometer_App.c:152:10:vPulseCount	8	static
../Application/User/Core/src/App/Odometer_App/Odometer_App.c:166:6:vCalculateOdoInKm	8	static
../Application/User/Core/src/App/Odometer_App/Odometer_App.c:185:6:vCalculateOdoInMiles	8	static
../Application/User/Core/src/App/Odometer_App/Odometer_App.c:141:6:vCalculateOdo	0	static
../Application/User/Core/src/App/Odometer_App/Odometer_App.c:193:6:vResetTripA_OdoReadings	0	static
../Application/User/Core/src/App/Odometer_App/Odometer_App.c:199:10:xGetTripA_OdoReading	12	static
../Application/User/Core/src/App/Odometer_App/Odometer_App.c:230:6:vResetTripB_OdoReadings	0	static
../Application/User/Core/src/App/Odometer_App/Odometer_App.c:236:6:xWrite_OdoVal_to_EEPROM	0	static
../Application/User/Core/src/App/Odometer_App/Odometer_App.c:242:6:xRetrive_LastStored_OdoVal_from_EEPROM	0	static
../Application/User/Core/src/App/Odometer_App/Odometer_App.c:251:10:xGetTripB_OdoReading	12	static
../Application/User/Core/src/App/Odometer_App/Odometer_App.c:114:6:vOdoAlgorithm	8	static
../Application/User/Core/src/App/Odometer_App/Odometer_App.c:298:10:xGetOdoReadings	0	static
../Application/User/Core/src/App/Odometer_App/Odometer_App.c:319:6:vToggleOdoUnits	0	static
