../Application/User/Core/src/App/Odometer_App/Odometer_App.c:101:6:vOdoInit	0	static
../Application/User/Core/src/App/Odometer_App/Odometer_App.c:142:10:vPulseCount	8	static
../Application/User/Core/src/App/Odometer_App/Odometer_App.c:158:6:vCalculateOdoInKm	24	static
../Application/User/Core/src/App/Odometer_App/Odometer_App.c:182:6:vCalculateOdoInMiles	8	static
../Application/User/Core/src/App/Odometer_App/Odometer_App.c:128:6:vCalculateOdo	8	static
../Application/User/Core/src/App/Odometer_App/Odometer_App.c:193:6:vResetTripA_OdoReadings	16	static
../Application/User/Core/src/App/Odometer_App/Odometer_App.c:213:10:xGetTripA_OdoReading	8	static
../Application/User/Core/src/App/Odometer_App/Odometer_App.c:267:6:vResetTripB_OdoReadings	16	static
../Application/User/Core/src/App/Odometer_App/Odometer_App.c:286:10:xGetTripB_OdoReading	0	static
../Application/User/Core/src/App/Odometer_App/Odometer_App.c:340:6:vWrite_OdoVal_to_EEPROM	0	static
../Application/User/Core/src/App/Odometer_App/Odometer_App.c:109:6:vOdoAlgorithm	8	static
../Application/User/Core/src/App/Odometer_App/Odometer_App.c:372:6:vRetrive_LastStored_OdoVal_from_EEPROM	16	static
../Application/User/Core/src/App/Odometer_App/Odometer_App.c:399:10:xGetOdoReadings	0	static
