../Application/User/Core/src/App/Odometer_App/Odometer_App.c:92:6:vOdoInit	0	static
../Application/User/Core/src/App/Odometer_App/Odometer_App.c:134:10:vPulseCount	8	static
../Application/User/Core/src/App/Odometer_App/Odometer_App.c:150:6:vCalculateOdoInKm	8	static
../Application/User/Core/src/App/Odometer_App/Odometer_App.c:187:6:vCalculateOdoInMiles	8	static
../Application/User/Core/src/App/Odometer_App/Odometer_App.c:120:6:vCalculateOdo	8	static
../Application/User/Core/src/App/Odometer_App/Odometer_App.c:198:6:vResetTripA_OdoReadings	0	static
../Application/User/Core/src/App/Odometer_App/Odometer_App.c:218:10:xGetTripA_OdoReading	16	static
../Application/User/Core/src/App/Odometer_App/Odometer_App.c:269:6:vResetTripB_OdoReadings	0	static
../Application/User/Core/src/App/Odometer_App/Odometer_App.c:288:10:xGetTripB_OdoReading	16	static
../Application/User/Core/src/App/Odometer_App/Odometer_App.c:342:6:vWrite_OdoVal_to_EEPROM	0	static
../Application/User/Core/src/App/Odometer_App/Odometer_App.c:101:6:vOdoAlgorithm	8	static
../Application/User/Core/src/App/Odometer_App/Odometer_App.c:374:6:vRetrive_LastStored_OdoVal_from_EEPROM	0	static
../Application/User/Core/src/App/Odometer_App/Odometer_App.c:401:10:xGetOdoReadings	0	static
