../Application/User/Core/src/App/Odometer_App/Odometer_App.c:109:6:vOdoInit	0	static
../Application/User/Core/src/App/Odometer_App/Odometer_App.c:144:10:vPulseCount	8	static
../Application/User/Core/src/App/Odometer_App/Odometer_App.c:159:6:vCalculateOdoInKm	24	static
../Application/User/Core/src/App/Odometer_App/Odometer_App.c:183:6:vCalculateOdoInMiles	8	static
../Application/User/Core/src/App/Odometer_App/Odometer_App.c:132:6:vCalculateOdo	0	static
../Application/User/Core/src/App/Odometer_App/Odometer_App.c:115:6:vOdoAlgorithm	8	static
../Application/User/Core/src/App/Odometer_App/Odometer_App.c:192:6:vResetTripA_OdoReadings	0	static
../Application/User/Core/src/App/Odometer_App/Odometer_App.c:204:10:xGetTripA_OdoReading	16	static
../Application/User/Core/src/App/Odometer_App/Odometer_App.c:244:6:vResetTripB_OdoReadings	0	static
../Application/User/Core/src/App/Odometer_App/Odometer_App.c:256:10:xGetTripB_OdoReading	16	static
../Application/User/Core/src/App/Odometer_App/Odometer_App.c:296:6:xWrite_OdoVal_to_EEPROM	0	static
../Application/User/Core/src/App/Odometer_App/Odometer_App.c:302:6:xRetrive_LastStored_OdoVal_from_EEPROM	0	static
../Application/User/Core/src/App/Odometer_App/Odometer_App.c:321:10:xGetOdoReadings	0	static
../Application/User/Core/src/App/Odometer_App/Odometer_App.c:348:6:vToggleOdoUnits	0	static
