D:/GIT_WorkAreas/eSTAR_InstrumentCluster/Core/Src/main.c:1373:6:StartDefaultTask	1
D:/GIT_WorkAreas/eSTAR_InstrumentCluster/Core/Src/main.c:1392:6:WDG_SRVC_Task	8
D:/GIT_WorkAreas/eSTAR_InstrumentCluster/Core/Src/main.c:1440:6:State_Machine	1
D:/GIT_WorkAreas/eSTAR_InstrumentCluster/Core/Src/main.c:1460:6:Odo_Task	1
D:/GIT_WorkAreas/eSTAR_InstrumentCluster/Core/Src/main.c:1479:6:speedo_Task	1
D:/GIT_WorkAreas/eSTAR_InstrumentCluster/Core/Src/main.c:1498:6:Tacho_Task	1
D:/GIT_WorkAreas/eSTAR_InstrumentCluster/Core/Src/main.c:191:1:__io_putchar	1
D:/GIT_WorkAreas/eSTAR_InstrumentCluster/Core/Src/main.c:394:6:SystemClock_Config	2
D:/GIT_WorkAreas/eSTAR_InstrumentCluster/Core/Src/main.c:453:6:PeriphCommonClock_Config	1
D:/GIT_WorkAreas/eSTAR_InstrumentCluster/Core/Src/main.c:248:5:main	5
D:/GIT_WorkAreas/eSTAR_InstrumentCluster/Core/Src/main.c:1195:6:Disp_imgDataHyperRAM_Init	3
D:/GIT_WorkAreas/eSTAR_InstrumentCluster/Core/Src/main.c:1418:6:DigitalDebounce_Task	1
D:/GIT_WorkAreas/eSTAR_InstrumentCluster/Core/Src/main.c:1577:6:HAL_TIM_PeriodElapsedCallback	2
D:/GIT_WorkAreas/eSTAR_InstrumentCluster/Core/Src/main.c:1594:6:Error_Handler	1
