D:/GIT_WorkAreas/eSTAR_InstrumentCluster/Core/Src/main.c:1371:6:StartDefaultTask	8	static
D:/GIT_WorkAreas/eSTAR_InstrumentCluster/Core/Src/main.c:1390:6:WDG_SRVC_Task	16	static
D:/GIT_WorkAreas/eSTAR_InstrumentCluster/Core/Src/main.c:1438:6:State_Machine	8	static
D:/GIT_WorkAreas/eSTAR_InstrumentCluster/Core/Src/main.c:1458:6:Odo_Task	8	static
D:/GIT_WorkAreas/eSTAR_InstrumentCluster/Core/Src/main.c:1477:6:speedo_Task	8	static
D:/GIT_WorkAreas/eSTAR_InstrumentCluster/Core/Src/main.c:1496:6:Tacho_Task	8	static
D:/GIT_WorkAreas/eSTAR_InstrumentCluster/Core/Src/main.c:191:1:__io_putchar	16	static
D:/GIT_WorkAreas/eSTAR_InstrumentCluster/Core/Src/main.c:392:6:SystemClock_Config	120	static
D:/GIT_WorkAreas/eSTAR_InstrumentCluster/Core/Src/main.c:451:6:PeriphCommonClock_Config	192	static
D:/GIT_WorkAreas/eSTAR_InstrumentCluster/Core/Src/main.c:246:5:main	144	static,ignoring_inline_asm
D:/GIT_WorkAreas/eSTAR_InstrumentCluster/Core/Src/main.c:1193:6:Disp_imgDataHyperRAM_Init	8	static
D:/GIT_WorkAreas/eSTAR_InstrumentCluster/Core/Src/main.c:1416:6:DigitalDebounce_Task	8	static
D:/GIT_WorkAreas/eSTAR_InstrumentCluster/Core/Src/main.c:1575:6:HAL_TIM_PeriodElapsedCallback	0	static
D:/GIT_WorkAreas/eSTAR_InstrumentCluster/Core/Src/main.c:1592:6:Error_Handler	0	static
