D:/Govind_WorkSpace/Github_Workspace/eSTAR_InstrumentCluster/Core/Src/main.c:1137:6:StartDefaultTask	1
D:/Govind_WorkSpace/Github_Workspace/eSTAR_InstrumentCluster/Core/Src/main.c:1156:6:WDG_SRVC_Task	8
D:/Govind_WorkSpace/Github_Workspace/eSTAR_InstrumentCluster/Core/Src/main.c:1182:6:DigitalDebounce_Task	1
D:/Govind_WorkSpace/Github_Workspace/eSTAR_InstrumentCluster/Core/Src/main.c:1208:6:State_Machine	1
D:/Govind_WorkSpace/Github_Workspace/eSTAR_InstrumentCluster/Core/Src/main.c:1231:6:SwitchHandlerTask	1
D:/Govind_WorkSpace/Github_Workspace/eSTAR_InstrumentCluster/Core/Src/main.c:165:1:__io_putchar	1
D:/Govind_WorkSpace/Github_Workspace/eSTAR_InstrumentCluster/Core/Src/main.c:336:6:SystemClock_Config	2
D:/Govind_WorkSpace/Github_Workspace/eSTAR_InstrumentCluster/Core/Src/main.c:395:6:PeriphCommonClock_Config	1
D:/Govind_WorkSpace/Github_Workspace/eSTAR_InstrumentCluster/Core/Src/main.c:212:5:main	5
D:/Govind_WorkSpace/Github_Workspace/eSTAR_InstrumentCluster/Core/Src/main.c:1285:6:HAL_TIM_PeriodElapsedCallback	2
D:/Govind_WorkSpace/Github_Workspace/eSTAR_InstrumentCluster/Core/Src/main.c:1302:6:Error_Handler	1
