D:/GitWork_Areas/eSTAR_InstrumentCluster/Core/Src/main.c:1137:6:StartDefaultTask	8	static
D:/GitWork_Areas/eSTAR_InstrumentCluster/Core/Src/main.c:1156:6:WDG_SRVC_Task	16	static
D:/GitWork_Areas/eSTAR_InstrumentCluster/Core/Src/main.c:1182:6:DigitalDebounce_Task	8	static
D:/GitWork_Areas/eSTAR_InstrumentCluster/Core/Src/main.c:1202:6:State_Machine	8	static
D:/GitWork_Areas/eSTAR_InstrumentCluster/Core/Src/main.c:1222:6:FuelGuageTask	8	static
D:/GitWork_Areas/eSTAR_InstrumentCluster/Core/Src/main.c:163:1:__io_putchar	16	static
D:/GitWork_Areas/eSTAR_InstrumentCluster/Core/Src/main.c:337:6:SystemClock_Config	120	static
D:/GitWork_Areas/eSTAR_InstrumentCluster/Core/Src/main.c:396:6:PeriphCommonClock_Config	192	static
D:/GitWork_Areas/eSTAR_InstrumentCluster/Core/Src/main.c:210:5:main	144	static,ignoring_inline_asm
D:/GitWork_Areas/eSTAR_InstrumentCluster/Core/Src/main.c:1276:6:HAL_TIM_PeriodElapsedCallback	0	static
D:/GitWork_Areas/eSTAR_InstrumentCluster/Core/Src/main.c:1293:6:Error_Handler	0	static
