D:/GitWork_Areas/eSTAR_InstrumentCluster/Core/Src/stm32h7xx_hal_msp.c:65:6:HAL_MspInit	8	static
D:/GitWork_Areas/eSTAR_InstrumentCluster/Core/Src/stm32h7xx_hal_msp.c:88:6:HAL_ADC_MspInit	16	static
D:/GitWork_Areas/eSTAR_InstrumentCluster/Core/Src/stm32h7xx_hal_msp.c:120:6:HAL_ADC_MspDeInit	0	static
D:/GitWork_Areas/eSTAR_InstrumentCluster/Core/Src/stm32h7xx_hal_msp.c:143:6:HAL_CRC_MspInit	8	static
D:/GitWork_Areas/eSTAR_InstrumentCluster/Core/Src/stm32h7xx_hal_msp.c:165:6:HAL_CRC_MspDeInit	0	static
D:/GitWork_Areas/eSTAR_InstrumentCluster/Core/Src/stm32h7xx_hal_msp.c:187:6:HAL_DMA2D_MspInit	16	static
D:/GitWork_Areas/eSTAR_InstrumentCluster/Core/Src/stm32h7xx_hal_msp.c:212:6:HAL_DMA2D_MspDeInit	0	static
D:/GitWork_Areas/eSTAR_InstrumentCluster/Core/Src/stm32h7xx_hal_msp.c:237:6:HAL_LTDC_MspInit	264	static
D:/GitWork_Areas/eSTAR_InstrumentCluster/Core/Src/stm32h7xx_hal_msp.c:384:6:HAL_LTDC_MspDeInit	8	static
D:/GitWork_Areas/eSTAR_InstrumentCluster/Core/Src/stm32h7xx_hal_msp.c:457:6:HAL_OSPI_MspInit	96	static
D:/GitWork_Areas/eSTAR_InstrumentCluster/Core/Src/stm32h7xx_hal_msp.c:605:6:HAL_OSPI_MspDeInit	8	static
D:/GitWork_Areas/eSTAR_InstrumentCluster/Core/Src/stm32h7xx_hal_msp.c:691:6:HAL_RTC_MspInit	192	static
D:/GitWork_Areas/eSTAR_InstrumentCluster/Core/Src/stm32h7xx_hal_msp.c:724:6:HAL_RTC_MspDeInit	0	static
D:/GitWork_Areas/eSTAR_InstrumentCluster/Core/Src/stm32h7xx_hal_msp.c:746:6:HAL_TIM_IC_MspInit	48	static
D:/GitWork_Areas/eSTAR_InstrumentCluster/Core/Src/stm32h7xx_hal_msp.c:808:6:HAL_TIM_IC_MspDeInit	8	static
D:/GitWork_Areas/eSTAR_InstrumentCluster/Core/Src/stm32h7xx_hal_msp.c:856:6:HAL_UART_MspInit	224	static
D:/GitWork_Areas/eSTAR_InstrumentCluster/Core/Src/stm32h7xx_hal_msp.c:903:6:HAL_UART_MspDeInit	0	static
D:/GitWork_Areas/eSTAR_InstrumentCluster/Core/Src/stm32h7xx_hal_msp.c:932:6:HAL_WWDG_MspInit	16	static
