../Application/User/Core/src/App/Speedometer_App/speedometer_App.c:119:6:vInitializeSpeedometer	0	static
../Application/User/Core/src/App/Speedometer_App/speedometer_App.c:137:6:xLoadToEEPROM	0	static
../Application/User/Core/src/App/Speedometer_App/speedometer_App.c:110:6:vSpeedoInit	8	static
../Application/User/Core/src/App/Speedometer_App/speedometer_App.c:205:10:vPulseDeltaCounter	8	static
../Application/User/Core/src/App/Speedometer_App/speedometer_App.c:178:6:vCalculateSpeedInKm	8	static
../Application/User/Core/src/App/Speedometer_App/speedometer_App.c:198:6:vCalculateSpeedInMiles	8	static
../Application/User/Core/src/App/Speedometer_App/speedometer_App.c:170:6:vCalculateSpeed	0	static
../Application/User/Core/src/App/Speedometer_App/speedometer_App.c:148:6:vSpeedoAlgorithm	8	static
../Application/User/Core/src/App/Speedometer_App/speedometer_App.c:220:6:xSafeSpeedCheck	0	static
../Application/User/Core/src/App/Speedometer_App/speedometer_App.c:261:6:vCustomizeSpeedUnits	0	static
../Application/User/Core/src/App/Speedometer_App/speedometer_App.c:285:10:xGetSpeedValue	16	static
