../Application/User/Core/src/App/Speedometer_App/speedometer_App.c:119:6:vInitializeSpeedometer	0	static
../Application/User/Core/src/App/Speedometer_App/speedometer_App.c:137:6:xLoadToEEPROM	0	static
../Application/User/Core/src/App/Speedometer_App/speedometer_App.c:110:6:vSpeedoInit	8	static
../Application/User/Core/src/App/Speedometer_App/speedometer_App.c:204:10:vPulseDeltaCounter	8	static
../Application/User/Core/src/App/Speedometer_App/speedometer_App.c:178:6:vCalculateSpeedInKm	8	static
../Application/User/Core/src/App/Speedometer_App/speedometer_App.c:197:6:vCalculateSpeedInMiles	8	static
../Application/User/Core/src/App/Speedometer_App/speedometer_App.c:170:6:vCalculateSpeed	0	static
../Application/User/Core/src/App/Speedometer_App/speedometer_App.c:148:6:vSpeedoAlgorithm	8	static
../Application/User/Core/src/App/Speedometer_App/speedometer_App.c:219:6:xSafeSpeedCheck	0	static
../Application/User/Core/src/App/Speedometer_App/speedometer_App.c:260:6:vCustomizeSpeedUnits	0	static
../Application/User/Core/src/App/Speedometer_App/speedometer_App.c:284:10:xGetSpeedValue	16	static
